Component: ARM Compiler 6.12 Tool: armlink [5d624300]

==============================================================================

Section Cross References

    main.o(.ARM.exidx.text.main) refers to main.o(.text.main) for [Anonymous Symbol]
    dac.o(.ARM.exidx.text._ZN3DacC2Ev) refers to dac.o(.text._ZN3DacC2Ev) for [Anonymous Symbol]
    dac.o(.text._ZN3Dac4initEj) refers to dac.o(.text._ZN3Dac15HAL_DAC_MspInitEP17DAC_HandleTypeDef) for Dac::HAL_DAC_MspInit(DAC_HandleTypeDef*)
    dac.o(.text._ZN3Dac4initEj) refers to stm32f4xx_hal_dac.o(.text.HAL_DAC_Init) for HAL_DAC_Init
    dac.o(.text._ZN3Dac4initEj) refers to stm32f4xx_hal_dac.o(.text.HAL_DAC_ConfigChannel) for HAL_DAC_ConfigChannel
    dac.o(.text._ZN3Dac4initEj) refers to stm32f4xx_hal_dac.o(.text.HAL_DAC_Start) for HAL_DAC_Start
    dac.o(.ARM.exidx.text._ZN3Dac4initEj) refers to dac.o(.text._ZN3Dac4initEj) for [Anonymous Symbol]
    dac.o(.text._ZN3Dac15HAL_DAC_MspInitEP17DAC_HandleTypeDef) refers to rt_memclr_w.o(.text) for __aeabi_memclr4
    dac.o(.text._ZN3Dac15HAL_DAC_MspInitEP17DAC_HandleTypeDef) refers to stm32f4xx_hal_gpio.o(.text.HAL_GPIO_Init) for HAL_GPIO_Init
    dac.o(.ARM.exidx.text._ZN3Dac15HAL_DAC_MspInitEP17DAC_HandleTypeDef) refers to dac.o(.text._ZN3Dac15HAL_DAC_MspInitEP17DAC_HandleTypeDef) for [Anonymous Symbol]
    dac.o(.text._ZN3Dac4highEv) refers to stm32f4xx_hal_dac.o(.text.HAL_DAC_SetValue) for HAL_DAC_SetValue
    dac.o(.ARM.exidx.text._ZN3Dac4highEv) refers to dac.o(.text._ZN3Dac4highEv) for [Anonymous Symbol]
    dac.o(.text._ZN3Dac3lowEv) refers to stm32f4xx_hal_dac.o(.text.HAL_DAC_SetValue) for HAL_DAC_SetValue
    dac.o(.ARM.exidx.text._ZN3Dac3lowEv) refers to dac.o(.text._ZN3Dac3lowEv) for [Anonymous Symbol]
    dac.o(.text._ZN3Dac9get_valueEv) refers to stm32f4xx_hal_dac.o(.text.HAL_DAC_GetValue) for HAL_DAC_GetValue
    dac.o(.ARM.exidx.text._ZN3Dac9get_valueEv) refers to dac.o(.text._ZN3Dac9get_valueEv) for [Anonymous Symbol]
    tim.o(.text._ZN3Tim4initEv) refers to tim.o(.text._ZN3Tim20HAL_TIM_Base_MspInitEP17TIM_HandleTypeDef) for Tim::HAL_TIM_Base_MspInit(TIM_HandleTypeDef*)
    tim.o(.text._ZN3Tim4initEv) refers to stm32f4xx_hal_tim.o(.text.HAL_TIM_Base_Init) for HAL_TIM_Base_Init
    tim.o(.text._ZN3Tim4initEv) refers to stm32f4xx_hal_tim.o(.text.HAL_TIM_Base_Start_IT) for HAL_TIM_Base_Start_IT
    tim.o(.text._ZN3Tim4initEv) refers to tim.o(.bss._ZN3Tim5htim2E) for Tim::htim2
    tim.o(.ARM.exidx.text._ZN3Tim4initEv) refers to tim.o(.text._ZN3Tim4initEv) for [Anonymous Symbol]
    tim.o(.text._ZN3Tim20HAL_TIM_Base_MspInitEP17TIM_HandleTypeDef) refers to stm32f4xx_hal_cortex.o(.text.HAL_NVIC_SetPriority) for HAL_NVIC_SetPriority
    tim.o(.text._ZN3Tim20HAL_TIM_Base_MspInitEP17TIM_HandleTypeDef) refers to stm32f4xx_hal_cortex.o(.text.HAL_NVIC_EnableIRQ) for HAL_NVIC_EnableIRQ
    tim.o(.ARM.exidx.text._ZN3Tim20HAL_TIM_Base_MspInitEP17TIM_HandleTypeDef) refers to tim.o(.text._ZN3Tim20HAL_TIM_Base_MspInitEP17TIM_HandleTypeDef) for [Anonymous Symbol]
    hal.o(.text._ZN3Hal4initEv) refers to stm32f4xx_hal.o(.text.HAL_Init) for HAL_Init
    hal.o(.text._ZN3Hal4initEv) refers to hal.o(.text._ZN3Hal11HAL_MspInitEv) for Hal::HAL_MspInit()
    hal.o(.ARM.exidx.text._ZN3Hal4initEv) refers to hal.o(.text._ZN3Hal4initEv) for [Anonymous Symbol]
    hal.o(.text._ZN3Hal11HAL_MspInitEv) refers to stm32f4xx_hal_cortex.o(.text.HAL_NVIC_SetPriorityGrouping) for HAL_NVIC_SetPriorityGrouping
    hal.o(.ARM.exidx.text._ZN3Hal11HAL_MspInitEv) refers to hal.o(.text._ZN3Hal11HAL_MspInitEv) for [Anonymous Symbol]
    irq.o(.text._Z19TIM2_IRQHandler_cppv) refers to stm32f4xx_hal_tim.o(.text.HAL_TIM_IRQHandler) for HAL_TIM_IRQHandler
    irq.o(.text._Z19TIM2_IRQHandler_cppv) refers to irq_objects.o(.bss._ZN11IRQ_objects11sample_tickE) for IRQ_objects::sample_tick
    irq.o(.text._Z19TIM2_IRQHandler_cppv) refers to tim.o(.bss._ZN3Tim5htim2E) for Tim::htim2
    irq.o(.ARM.exidx.text._Z19TIM2_IRQHandler_cppv) refers to irq.o(.text._Z19TIM2_IRQHandler_cppv) for [Anonymous Symbol]
    irq.o(.text.SysTick_Handler) refers to stm32f4xx_hal.o(.text.HAL_IncTick) for HAL_IncTick
    irq.o(.ARM.exidx.text.SysTick_Handler) refers to irq.o(.text.SysTick_Handler) for [Anonymous Symbol]
    irq.o(.text.TIM2_IRQHandler) refers to irq.o(.text._Z19TIM2_IRQHandler_cppv) for TIM2_IRQHandler_cpp()
    irq.o(.ARM.exidx.text.TIM2_IRQHandler) refers to irq.o(.text.TIM2_IRQHandler) for [Anonymous Symbol]
    buttons_nucleo-f446re.o(.ARM.exidx.text.Buttons_Initialize) refers to buttons_nucleo-f446re.o(.text.Buttons_Initialize) for [Anonymous Symbol]
    buttons_nucleo-f446re.o(.ARM.exidx.text.Buttons_Uninitialize) refers to buttons_nucleo-f446re.o(.text.Buttons_Uninitialize) for [Anonymous Symbol]
    buttons_nucleo-f446re.o(.ARM.exidx.text.Buttons_GetState) refers to buttons_nucleo-f446re.o(.text.Buttons_GetState) for [Anonymous Symbol]
[...]
    Removing stm32f4xx_hal_dac.o(.ARM.exidx.text.HAL_DAC_DMAUnderrunCallbackCh1), (8 bytes).
    Removing stm32f4xx_hal_dac.o(.text.HAL_DAC_ConvCpltCallbackCh1), (2 bytes).
    Removing stm32f4xx_hal_dac.o(.ARM.exidx.text.HAL_DAC_ConvCpltCallbackCh1), (8 bytes).
    Removing stm32f4xx_hal_dac.o(.text.HAL_DAC_ConvHalfCpltCallbackCh1), (2 bytes).
    Removing stm32f4xx_hal_dac.o(.ARM.exidx.text.HAL_DAC_ConvHalfCpltCallbackCh1), (8 bytes).
    Removing stm32f4xx_hal_dac.o(.text.HAL_DAC_ErrorCallbackCh1), (2 bytes).
    Removing stm32f4xx_hal_dac.o(.ARM.exidx.text.HAL_DAC_ErrorCallbackCh1), (8 bytes).
    Removing stm32f4xx_hal_dac.o(.text.HAL_DAC_ConfigChannel), (84 bytes).
    Removing stm32f4xx_hal_dac.o(.ARM.exidx.text.HAL_DAC_ConfigChannel), (8 bytes).
    Removing stm32f4xx_hal_dac.o(.text.HAL_DAC_SetValue), (38 bytes).
    Removing stm32f4xx_hal_dac.o(.ARM.exidx.text.HAL_DAC_SetValue), (8 bytes).
    Removing stm32f4xx_hal_dac.o(.text.HAL_DAC_GetState), (4 bytes).
    Removing stm32f4xx_hal_dac.o(.ARM.exidx.text.HAL_DAC_GetState), (8 bytes).
    Removing stm32f4xx_hal_dac.o(.text.HAL_DAC_GetError), (4 bytes).
    Removing stm32f4xx_hal_dac.o(.ARM.exidx.text.HAL_DAC_GetError), (8 bytes).
    Removing stm32f4xx_hal_dac_ex.o(.text), (0 bytes).
    Removing stm32f4xx_hal_dac_ex.o(.text.HAL_DACEx_DualGetValue), (12 bytes).
    Removing stm32f4xx_hal_dac_ex.o(.ARM.exidx.text.HAL_DACEx_DualGetValue), (8 bytes).
    Removing stm32f4xx_hal_dac_ex.o(.text.HAL_DACEx_TriangleWaveGenerate), (56 bytes).
    Removing stm32f4xx_hal_dac_ex.o(.ARM.exidx.text.HAL_DACEx_TriangleWaveGenerate), (8 bytes).
    Removing stm32f4xx_hal_dac_ex.o(.text.HAL_DACEx_NoiseWaveGenerate), (56 bytes).
    Removing stm32f4xx_hal_dac_ex.o(.ARM.exidx.text.HAL_DACEx_NoiseWaveGenerate), (8 bytes).
    Removing stm32f4xx_hal_dac_ex.o(.text.HAL_DACEx_DualSetValue), (26 bytes).
    Removing stm32f4xx_hal_dac_ex.o(.ARM.exidx.text.HAL_DACEx_DualSetValue), (8 bytes).
    Removing stm32f4xx_hal_dac_ex.o(.text.HAL_DACEx_ConvCpltCallbackCh2), (2 bytes).
    Removing stm32f4xx_hal_dac_ex.o(.ARM.exidx.text.HAL_DACEx_ConvCpltCallbackCh2), (8 bytes).
    Removing stm32f4xx_hal_dac_ex.o(.text.HAL_DACEx_ConvHalfCpltCallbackCh2), (2 bytes).
    Removing stm32f4xx_hal_dac_ex.o(.ARM.exidx.text.HAL_DACEx_ConvHalfCpltCallbackCh2), (8 bytes).
    Removing stm32f4xx_hal_dac_ex.o(.text.HAL_DACEx_ErrorCallbackCh2), (2 bytes).
    Removing stm32f4xx_hal_dac_ex.o(.ARM.exidx.text.HAL_DACEx_ErrorCallbackCh2), (8 bytes).
    Removing stm32f4xx_hal_dac_ex.o(.text.HAL_DACEx_DMAUnderrunCallbackCh2), (2 bytes).
    Removing stm32f4xx_hal_dac_ex.o(.ARM.exidx.text.HAL_DACEx_DMAUnderrunCallbackCh2), (8 bytes).
    Removing stm32f4xx_hal_dac_ex.o(.text.DAC_DMAConvCpltCh2), (16 bytes).
    Removing stm32f4xx_hal_dac_ex.o(.ARM.exidx.text.DAC_DMAConvCpltCh2), (8 bytes).
    Removing stm32f4xx_hal_dac_ex.o(.text.DAC_DMAHalfConvCpltCh2), (6 bytes).
    Removing stm32f4xx_hal_dac_ex.o(.ARM.exidx.text.DAC_DMAHalfConvCpltCh2), (8 bytes).
    Removing stm32f4xx_hal_dac_ex.o(.text.DAC_DMAErrorCh2), (24 bytes).
    Removing stm32f4xx_hal_dac_ex.o(.ARM.exidx.text.DAC_DMAErrorCh2), (8 bytes).
    Removing stm32f4xx_hal_dma.o(.text), (0 bytes).
    Removing stm32f4xx_hal_dma.o(.text.HAL_DMA_Init), (296 bytes).
    Removing stm32f4xx_hal_dma.o(.ARM.exidx.text.HAL_DMA_Init), (8 bytes).
    Removing stm32f4xx_hal_dma.o(.text.DMA_CalcBaseAndBitshift), (48 bytes).
    Removing stm32f4xx_hal_dma.o(.ARM.exidx.text.DMA_CalcBaseAndBitshift), (8 bytes).
    Removing stm32f4xx_hal_dma.o(.text.HAL_DMA_DeInit), (78 bytes).
    Removing stm32f4xx_hal_dma.o(.ARM.exidx.text.HAL_DMA_DeInit), (8 bytes).
    Removing stm32f4xx_hal_dma.o(.text.HAL_DMA_Start), (66 bytes).
    Removing stm32f4xx_hal_dma.o(.ARM.exidx.text.HAL_DMA_Start), (8 bytes).
    Removing stm32f4xx_hal_dma.o(.text.DMA_SetConfig), (46 bytes).
    Removing stm32f4xx_hal_dma.o(.ARM.exidx.text.DMA_SetConfig), (8 bytes).
    Removing stm32f4xx_hal_dma.o(.text.HAL_DMA_Start_IT), (106 bytes).
    Removing stm32f4xx_hal_dma.o(.ARM.exidx.text.HAL_DMA_Start_IT), (8 bytes).
    Removing stm32f4xx_hal_dma.o(.text.HAL_DMA_Abort), (138 bytes).
    Removing stm32f4xx_hal_dma.o(.ARM.exidx.text.HAL_DMA_Abort), (8 bytes).
    Removing stm32f4xx_hal_dma.o(.text.HAL_DMA_Abort_IT), (36 bytes).
    Removing stm32f4xx_hal_dma.o(.ARM.exidx.text.HAL_DMA_Abort_IT), (8 bytes).
    Removing stm32f4xx_hal_dma.o(.text.HAL_DMA_PollForTransfer), (314 bytes).
    Removing stm32f4xx_hal_dma.o(.ARM.exidx.text.HAL_DMA_PollForTransfer), (8 bytes).
    Removing stm32f4xx_hal_dma.o(.text.HAL_DMA_IRQHandler), (368 bytes).
    Removing stm32f4xx_hal_dma.o(.ARM.exidx.text.HAL_DMA_IRQHandler), (8 bytes).
    Removing stm32f4xx_hal_dma.o(.text.HAL_DMA_RegisterCallback), (80 bytes).
    Removing stm32f4xx_hal_dma.o(.ARM.exidx.text.HAL_DMA_RegisterCallback), (8 bytes).
    Removing stm32f4xx_hal_dma.o(.text.HAL_DMA_UnRegisterCallback), (106 bytes).
    Removing stm32f4xx_hal_dma.o(.ARM.exidx.text.HAL_DMA_UnRegisterCallback), (8 bytes).
    Removing stm32f4xx_hal_dma.o(.text.HAL_DMA_GetState), (6 bytes).
    Removing stm32f4xx_hal_dma.o(.ARM.exidx.text.HAL_DMA_GetState), (8 bytes).
    Removing stm32f4xx_hal_dma.o(.text.HAL_DMA_GetError), (4 bytes).
    Removing stm32f4xx_hal_dma.o(.ARM.exidx.text.HAL_DMA_GetError), (8 bytes).
    Removing stm32f4xx_hal_dma_ex.o(.text), (0 bytes).
    Removing stm32f4xx_hal_dma_ex.o(.text.HAL_DMAEx_MultiBufferStart), (114 bytes).
    Removing stm32f4xx_hal_dma_ex.o(.ARM.exidx.text.HAL_DMAEx_MultiBufferStart), (8 bytes).
    Removing stm32f4xx_hal_dma_ex.o(.text.HAL_DMAEx_MultiBufferStart_IT), (744 bytes).
    Removing stm32f4xx_hal_dma_ex.o(.ARM.exidx.text.HAL_DMAEx_MultiBufferStart_IT), (8 bytes).
    Removing stm32f4xx_hal_dma_ex.o(.text.HAL_DMAEx_ChangeMemory), (16 bytes).
    Removing stm32f4xx_hal_dma_ex.o(.ARM.exidx.text.HAL_DMAEx_ChangeMemory), (8 bytes).
    Removing stm32f4xx_hal_gpio.o(.text), (0 bytes).
    Removing stm32f4xx_hal_gpio.o(.text.HAL_GPIO_Init), (396 bytes).
    Removing stm32f4xx_hal_gpio.o(.ARM.exidx.text.HAL_GPIO_Init), (8 bytes).
    Removing stm32f4xx_hal_gpio.o(.text.HAL_GPIO_DeInit), (232 bytes).
    Removing stm32f4xx_hal_gpio.o(.ARM.exidx.text.HAL_GPIO_DeInit), (8 bytes).
    Removing stm32f4xx_hal_gpio.o(.text.HAL_GPIO_ReadPin), (10 bytes).
    Removing stm32f4xx_hal_gpio.o(.ARM.exidx.text.HAL_GPIO_ReadPin), (8 bytes).
    Removing stm32f4xx_hal_gpio.o(.text.HAL_GPIO_WritePin), (10 bytes).
    Removing stm32f4xx_hal_gpio.o(.ARM.exidx.text.HAL_GPIO_WritePin), (8 bytes).
    Removing stm32f4xx_hal_gpio.o(.text.HAL_GPIO_TogglePin), (8 bytes).
    Removing stm32f4xx_hal_gpio.o(.ARM.exidx.text.HAL_GPIO_TogglePin), (8 bytes).
    Removing stm32f4xx_hal_gpio.o(.text.HAL_GPIO_LockPin), (40 bytes).
    Removing stm32f4xx_hal_gpio.o(.ARM.exidx.text.HAL_GPIO_LockPin), (8 bytes).
    Removing stm32f4xx_hal_gpio.o(.text.HAL_GPIO_EXTI_IRQHandler), (20 bytes).
    Removing stm32f4xx_hal_gpio.o(.ARM.exidx.text.HAL_GPIO_EXTI_IRQHandler), (8 bytes).
    Removing stm32f4xx_hal_gpio.o(.text.HAL_GPIO_EXTI_Callback), (2 bytes).
    Removing stm32f4xx_hal_gpio.o(.ARM.exidx.text.HAL_GPIO_EXTI_Callback), (8 bytes).
    Removing stm32f4xx_hal_pwr.o(.text), (0 bytes).
    Removing stm32f4xx_hal_pwr.o(.text.HAL_PWR_DeInit), (24 bytes).
    Removing stm32f4xx_hal_pwr.o(.ARM.exidx.text.HAL_PWR_DeInit), (8 bytes).
    Removing stm32f4xx_hal_pwr.o(.text.HAL_PWR_EnableBkUpAccess), (12 bytes).
    Removing stm32f4xx_hal_pwr.o(.ARM.exidx.text.HAL_PWR_EnableBkUpAccess), (8 bytes).
    Removing stm32f4xx_hal_pwr.o(.text.HAL_PWR_DisableBkUpAccess), (12 bytes).
    Removing stm32f4xx_hal_pwr.o(.ARM.exidx.text.HAL_PWR_DisableBkUpAccess), (8 bytes).
    Removing stm32f4xx_hal_pwr.o(.text.HAL_PWR_ConfigPVD), (108 bytes).
    Removing stm32f4xx_hal_pwr.o(.ARM.exidx.text.HAL_PWR_ConfigPVD), (8 bytes).
    Removing stm32f4xx_hal_pwr.o(.text.HAL_PWR_EnablePVD), (12 bytes).
    Removing stm32f4xx_hal_pwr.o(.ARM.exidx.text.HAL_PWR_EnablePVD), (8 bytes).
    Removing stm32f4xx_hal_pwr.o(.text.HAL_PWR_DisablePVD), (12 bytes).
    Removing stm32f4xx_hal_pwr.o(.ARM.exidx.text.HAL_PWR_DisablePVD), (8 bytes).
    Removing stm32f4xx_hal_pwr.o(.text.HAL_PWR_EnableWakeUpPin), (16 bytes).
    Removing stm32f4xx_hal_pwr.o(.ARM.exidx.text.HAL_PWR_EnableWakeUpPin), (8 bytes).
    Removing stm32f4xx_hal_pwr.o(.text.HAL_PWR_DisableWakeUpPin), (16 bytes).
    Removing stm32f4xx_hal_pwr.o(.ARM.exidx.text.HAL_PWR_DisableWakeUpPin), (8 bytes).
    Removing stm32f4xx_hal_pwr.o(.text.HAL_PWR_EnterSLEEPMode), (28 bytes).
    Removing stm32f4xx_hal_pwr.o(.ARM.exidx.text.HAL_PWR_EnterSLEEPMode), (8 bytes).
    Removing stm32f4xx_hal_pwr.o(.text.HAL_PWR_EnterSTOPMode), (56 bytes).
    Removing stm32f4xx_hal_pwr.o(.ARM.exidx.text.HAL_PWR_EnterSTOPMode), (8 bytes).
    Removing stm32f4xx_hal_pwr.o(.text.HAL_PWR_EnterSTANDBYMode), (32 bytes).
    Removing stm32f4xx_hal_pwr.o(.ARM.exidx.text.HAL_PWR_EnterSTANDBYMode), (8 bytes).
    Removing stm32f4xx_hal_pwr.o(.text.HAL_PWR_PVD_IRQHandler), (28 bytes).
    Removing stm32f4xx_hal_pwr.o(.ARM.exidx.text.HAL_PWR_PVD_IRQHandler), (8 bytes).
    Removing stm32f4xx_hal_pwr.o(.text.HAL_PWR_PVDCallback), (2 bytes).
    Removing stm32f4xx_hal_pwr.o(.ARM.exidx.text.HAL_PWR_PVDCallback), (8 bytes).
    Removing stm32f4xx_hal_pwr.o(.text.HAL_PWR_EnableSleepOnExit), (16 bytes).
    Removing stm32f4xx_hal_pwr.o(.ARM.exidx.text.HAL_PWR_EnableSleepOnExit), (8 bytes).
    Removing stm32f4xx_hal_pwr.o(.text.HAL_PWR_DisableSleepOnExit), (16 bytes).
    Removing stm32f4xx_hal_pwr.o(.ARM.exidx.text.HAL_PWR_DisableSleepOnExit), (8 bytes).
    Removing stm32f4xx_hal_pwr.o(.text.HAL_PWR_EnableSEVOnPend), (16 bytes).
    Removing stm32f4xx_hal_pwr.o(.ARM.exidx.text.HAL_PWR_EnableSEVOnPend), (8 bytes).
    Removing stm32f4xx_hal_pwr.o(.text.HAL_PWR_DisableSEVOnPend), (16 bytes).
    Removing stm32f4xx_hal_pwr.o(.ARM.exidx.text.HAL_PWR_DisableSEVOnPend), (8 bytes).
    Removing stm32f4xx_hal_pwr_ex.o(.text), (0 bytes).
    Removing stm32f4xx_hal_pwr_ex.o(.text.HAL_PWREx_EnableBkUpReg), (52 bytes).
    Removing stm32f4xx_hal_pwr_ex.o(.ARM.exidx.text.HAL_PWREx_EnableBkUpReg), (8 bytes).
    Removing stm32f4xx_hal_pwr_ex.o(.text.HAL_PWREx_DisableBkUpReg), (52 bytes).
    Removing stm32f4xx_hal_pwr_ex.o(.ARM.exidx.text.HAL_PWREx_DisableBkUpReg), (8 bytes).
    Removing stm32f4xx_hal_pwr_ex.o(.text.HAL_PWREx_EnableFlashPowerDown), (12 bytes).
    Removing stm32f4xx_hal_pwr_ex.o(.ARM.exidx.text.HAL_PWREx_EnableFlashPowerDown), (8 bytes).
    Removing stm32f4xx_hal_pwr_ex.o(.text.HAL_PWREx_DisableFlashPowerDown), (12 bytes).
    Removing stm32f4xx_hal_pwr_ex.o(.ARM.exidx.text.HAL_PWREx_DisableFlashPowerDown), (8 bytes).
    Removing stm32f4xx_hal_pwr_ex.o(.text.HAL_PWREx_GetVoltageRange), (16 bytes).
    Removing stm32f4xx_hal_pwr_ex.o(.ARM.exidx.text.HAL_PWREx_GetVoltageRange), (8 bytes).
    Removing stm32f4xx_hal_pwr_ex.o(.text.HAL_PWREx_ControlVoltageScaling), (176 bytes).
    Removing stm32f4xx_hal_pwr_ex.o(.ARM.exidx.text.HAL_PWREx_ControlVoltageScaling), (8 bytes).
    Removing stm32f4xx_hal_pwr_ex.o(.text.HAL_PWREx_EnableOverDrive), (112 bytes).
    Removing stm32f4xx_hal_pwr_ex.o(.ARM.exidx.text.HAL_PWREx_EnableOverDrive), (8 bytes).
    Removing stm32f4xx_hal_pwr_ex.o(.text.HAL_PWREx_DisableOverDrive), (108 bytes).
    Removing stm32f4xx_hal_pwr_ex.o(.ARM.exidx.text.HAL_PWREx_DisableOverDrive), (8 bytes).
    Removing stm32f4xx_hal_pwr_ex.o(.text.HAL_PWREx_EnterUnderDriveSTOPMode), (108 bytes).
    Removing stm32f4xx_hal_pwr_ex.o(.ARM.exidx.text.HAL_PWREx_EnterUnderDriveSTOPMode), (8 bytes).
    Removing stm32f4xx_hal_rcc.o(.text), (0 bytes).
    Removing stm32f4xx_hal_rcc.o(.text.HAL_RCC_DeInit), (4 bytes).
    Removing stm32f4xx_hal_rcc.o(.ARM.exidx.text.HAL_RCC_DeInit), (8 bytes).
    Removing stm32f4xx_hal_rcc.o(.text.HAL_RCC_OscConfig), (728 bytes).
    Removing stm32f4xx_hal_rcc.o(.ARM.exidx.text.HAL_RCC_OscConfig), (8 bytes).
    Removing stm32f4xx_hal_rcc.o(.text.HAL_RCC_ClockConfig), (296 bytes).
    Removing stm32f4xx_hal_rcc.o(.ARM.exidx.text.HAL_RCC_ClockConfig), (8 bytes).
    Removing stm32f4xx_hal_rcc.o(.text.HAL_RCC_GetSysClockFreq), (92 bytes).
    Removing stm32f4xx_hal_rcc.o(.ARM.exidx.text.HAL_RCC_GetSysClockFreq), (8 bytes).
    Removing stm32f4xx_hal_rcc.o(.text.HAL_RCC_MCOConfig), (148 bytes).
    Removing stm32f4xx_hal_rcc.o(.ARM.exidx.text.HAL_RCC_MCOConfig), (8 bytes).
    Removing stm32f4xx_hal_rcc.o(.text.HAL_RCC_EnableCSS), (12 bytes).
    Removing stm32f4xx_hal_rcc.o(.ARM.exidx.text.HAL_RCC_EnableCSS), (8 bytes).
    Removing stm32f4xx_hal_rcc.o(.text.HAL_RCC_DisableCSS), (12 bytes).
    Removing stm32f4xx_hal_rcc.o(.ARM.exidx.text.HAL_RCC_DisableCSS), (8 bytes).
    Removing stm32f4xx_hal_rcc.o(.text.HAL_RCC_GetHCLKFreq), (12 bytes).
    Removing stm32f4xx_hal_rcc.o(.ARM.exidx.text.HAL_RCC_GetHCLKFreq), (8 bytes).
    Removing stm32f4xx_hal_rcc.o(.text.HAL_RCC_GetPCLK1Freq), (32 bytes).
    Removing stm32f4xx_hal_rcc.o(.ARM.exidx.text.HAL_RCC_GetPCLK1Freq), (8 bytes).
    Removing stm32f4xx_hal_rcc.o(.text.HAL_RCC_GetPCLK2Freq), (32 bytes).
    Removing stm32f4xx_hal_rcc.o(.ARM.exidx.text.HAL_RCC_GetPCLK2Freq), (8 bytes).
    Removing stm32f4xx_hal_rcc.o(.text.HAL_RCC_GetOscConfig), (148 bytes).
    Removing stm32f4xx_hal_rcc.o(.ARM.exidx.text.HAL_RCC_GetOscConfig), (8 bytes).
    Removing stm32f4xx_hal_rcc.o(.text.HAL_RCC_GetClockConfig), (60 bytes).
    Removing stm32f4xx_hal_rcc.o(.ARM.exidx.text.HAL_RCC_GetClockConfig), (8 bytes).
    Removing stm32f4xx_hal_rcc.o(.text.HAL_RCC_NMI_IRQHandler), (28 bytes).
    Removing stm32f4xx_hal_rcc.o(.ARM.exidx.text.HAL_RCC_NMI_IRQHandler), (8 bytes).
    Removing stm32f4xx_hal_rcc.o(.text.HAL_RCC_CSSCallback), (2 bytes).
    Removing stm32f4xx_hal_rcc.o(.ARM.exidx.text.HAL_RCC_CSSCallback), (8 bytes).
    Removing stm32f4xx_hal_rcc_ex.o(.text), (0 bytes).
    Removing stm32f4xx_hal_rcc_ex.o(.text.HAL_RCCEx_PeriphCLKConfig), (1024 bytes).
    Removing stm32f4xx_hal_rcc_ex.o(.ARM.exidx.text.HAL_RCCEx_PeriphCLKConfig), (8 bytes).
    Removing stm32f4xx_hal_rcc_ex.o(.text.HAL_RCCEx_GetPeriphCLKConfig), (244 bytes).
    Removing stm32f4xx_hal_rcc_ex.o(.ARM.exidx.text.HAL_RCCEx_GetPeriphCLKConfig), (8 bytes).
    Removing stm32f4xx_hal_rcc_ex.o(.text.HAL_RCCEx_GetPeriphCLKFreq), (404 bytes).
    Removing stm32f4xx_hal_rcc_ex.o(.ARM.exidx.text.HAL_RCCEx_GetPeriphCLKFreq), (8 bytes).
    Removing stm32f4xx_hal_rcc_ex.o(.text.HAL_RCCEx_SelectLSEMode), (24 bytes).
    Removing stm32f4xx_hal_rcc_ex.o(.ARM.exidx.text.HAL_RCCEx_SelectLSEMode), (8 bytes).
    Removing stm32f4xx_hal_rcc_ex.o(.text.HAL_RCCEx_EnablePLLI2S), (112 bytes).
    Removing stm32f4xx_hal_rcc_ex.o(.ARM.exidx.text.HAL_RCCEx_EnablePLLI2S), (8 bytes).
    Removing stm32f4xx_hal_rcc_ex.o(.text.HAL_RCCEx_DisablePLLI2S), (52 bytes).
    Removing stm32f4xx_hal_rcc_ex.o(.ARM.exidx.text.HAL_RCCEx_DisablePLLI2S), (8 bytes).
    Removing stm32f4xx_hal_rcc_ex.o(.text.HAL_RCCEx_EnablePLLSAI), (108 bytes).
    Removing stm32f4xx_hal_rcc_ex.o(.ARM.exidx.text.HAL_RCCEx_EnablePLLSAI), (8 bytes).
    Removing stm32f4xx_hal_rcc_ex.o(.text.HAL_RCCEx_DisablePLLSAI), (52 bytes).
    Removing stm32f4xx_hal_rcc_ex.o(.ARM.exidx.text.HAL_RCCEx_DisablePLLSAI), (8 bytes).
    Removing stm32f4xx_hal_rcc_ex.o(.text.HAL_RCC_GetSysClockFreq), (144 bytes).
    Removing stm32f4xx_hal_rcc_ex.o(.ARM.exidx.text.HAL_RCC_GetSysClockFreq), (8 bytes).
    Removing stm32f4xx_hal_rcc_ex.o(.text.HAL_RCC_DeInit), (320 bytes).
    Removing stm32f4xx_hal_rcc_ex.o(.ARM.exidx.text.HAL_RCC_DeInit), (8 bytes).
    Removing stm32f4xx_hal_rcc_ex.o(.text.HAL_RCC_OscConfig), (764 bytes).
    Removing stm32f4xx_hal_rcc_ex.o(.ARM.exidx.text.HAL_RCC_OscConfig), (8 bytes).
    Removing stm32f4xx_hal_rcc_ex.o(.text.HAL_RCC_GetOscConfig), (156 bytes).
    Removing stm32f4xx_hal_rcc_ex.o(.ARM.exidx.text.HAL_RCC_GetOscConfig), (8 bytes).
    Removing stm32f4xx_hal_tim.o(.text), (0 bytes).
    Removing stm32f4xx_hal_tim.o(.text.HAL_TIM_Base_Init), (52 bytes).
    Removing stm32f4xx_hal_tim.o(.ARM.exidx.text.HAL_TIM_Base_Init), (8 bytes).
    Removing stm32f4xx_hal_tim.o(.text.HAL_TIM_Base_MspInit), (2 bytes).
    Removing stm32f4xx_hal_tim.o(.ARM.exidx.text.HAL_TIM_Base_MspInit), (8 bytes).
    Removing stm32f4xx_hal_tim.o(.text.TIM_Base_SetConfig), (200 bytes).
    Removing stm32f4xx_hal_tim.o(.ARM.exidx.text.TIM_Base_SetConfig), (8 bytes).
    Removing stm32f4xx_hal_tim.o(.text.HAL_TIM_Base_DeInit), (60 bytes).
    Removing stm32f4xx_hal_tim.o(.ARM.exidx.text.HAL_TIM_Base_DeInit), (8 bytes).
    Removing stm32f4xx_hal_tim.o(.text.HAL_TIM_Base_MspDeInit), (2 bytes).
    Removing stm32f4xx_hal_tim.o(.ARM.exidx.text.HAL_TIM_Base_MspDeInit), (8 bytes).
    Removing stm32f4xx_hal_tim.o(.text.HAL_TIM_Base_Start), (26 bytes).
    Removing stm32f4xx_hal_tim.o(.ARM.exidx.text.HAL_TIM_Base_Start), (8 bytes).
    Removing stm32f4xx_hal_tim.o(.text.HAL_TIM_Base_Stop), (46 bytes).
    Removing stm32f4xx_hal_tim.o(.ARM.exidx.text.HAL_TIM_Base_Stop), (8 bytes).
    Removing stm32f4xx_hal_tim.o(.text.HAL_TIM_Base_Start_IT), (22 bytes).
    Removing stm32f4xx_hal_tim.o(.ARM.exidx.text.HAL_TIM_Base_Start_IT), (8 bytes).
    Removing stm32f4xx_hal_tim.o(.text.HAL_TIM_Base_Stop_IT), (42 bytes).
    Removing stm32f4xx_hal_tim.o(.ARM.exidx.text.HAL_TIM_Base_Stop_IT), (8 bytes).
    Removing stm32f4xx_hal_tim.o(.text.HAL_TIM_Base_Start_DMA), (92 bytes).
    Removing stm32f4xx_hal_tim.o(.ARM.exidx.text.HAL_TIM_Base_Start_DMA), (8 bytes).
    Removing stm32f4xx_hal_tim.o(.text.TIM_DMAPeriodElapsedCplt), (12 bytes).
    Removing stm32f4xx_hal_tim.o(.ARM.exidx.text.TIM_DMAPeriodElapsedCplt), (8 bytes).
    Removing stm32f4xx_hal_tim.o(.text.TIM_DMAError), (12 bytes).
    Removing stm32f4xx_hal_tim.o(.ARM.exidx.text.TIM_DMAError), (8 bytes).
    Removing stm32f4xx_hal_tim.o(.text.HAL_TIM_Base_Stop_DMA), (48 bytes).
    Removing stm32f4xx_hal_tim.o(.ARM.exidx.text.HAL_TIM_Base_Stop_DMA), (8 bytes).
    Removing stm32f4xx_hal_tim.o(.text.HAL_TIM_OC_Init), (52 bytes).
    Removing stm32f4xx_hal_tim.o(.ARM.exidx.text.HAL_TIM_OC_Init), (8 bytes).
    Removing stm32f4xx_hal_tim.o(.text.HAL_TIM_OC_MspInit), (2 bytes).
    Removing stm32f4xx_hal_tim.o(.ARM.exidx.text.HAL_TIM_OC_MspInit), (8 bytes).
    Removing stm32f4xx_hal_tim.o(.text.HAL_TIM_OC_DeInit), (60 bytes).
    Removing stm32f4xx_hal_tim.o(.ARM.exidx.text.HAL_TIM_OC_DeInit), (8 bytes).
    Removing stm32f4xx_hal_tim.o(.text.HAL_TIM_OC_MspDeInit), (2 bytes).
    Removing stm32f4xx_hal_tim.o(.ARM.exidx.text.HAL_TIM_OC_MspDeInit), (8 bytes).
    Removing stm32f4xx_hal_tim.o(.text.HAL_TIM_OC_Start), (48 bytes).
    Removing stm32f4xx_hal_tim.o(.ARM.exidx.text.HAL_TIM_OC_Start), (8 bytes).
    Removing stm32f4xx_hal_tim.o(.text.TIM_CCxChannelCmd), (26 bytes).
    Removing stm32f4xx_hal_tim.o(.ARM.exidx.text.TIM_CCxChannelCmd), (8 bytes).
    Removing stm32f4xx_hal_tim.o(.text.HAL_TIM_OC_Stop), (88 bytes).
    Removing stm32f4xx_hal_tim.o(.ARM.exidx.text.HAL_TIM_OC_Stop), (8 bytes).
    Removing stm32f4xx_hal_tim.o(.text.HAL_TIM_OC_Start_IT), (108 bytes).
    Removing stm32f4xx_hal_tim.o(.ARM.exidx.text.HAL_TIM_OC_Start_IT), (8 bytes).
    Removing stm32f4xx_hal_tim.o(.text.HAL_TIM_OC_Stop_IT), (148 bytes).
    Removing stm32f4xx_hal_tim.o(.ARM.exidx.text.HAL_TIM_OC_Stop_IT), (8 bytes).
    Removing stm32f4xx_hal_tim.o(.text.HAL_TIM_OC_Start_DMA), (264 bytes).
    Removing stm32f4xx_hal_tim.o(.ARM.exidx.text.HAL_TIM_OC_Start_DMA), (8 bytes).
    Removing stm32f4xx_hal_tim.o(.text.TIM_DMADelayPulseCplt), (58 bytes).
    Removing stm32f4xx_hal_tim.o(.ARM.exidx.text.TIM_DMADelayPulseCplt), (8 bytes).
    Removing stm32f4xx_hal_tim.o(.text.HAL_TIM_OC_Stop_DMA), (152 bytes).
    Removing stm32f4xx_hal_tim.o(.ARM.exidx.text.HAL_TIM_OC_Stop_DMA), (8 bytes).
    Removing stm32f4xx_hal_tim.o(.text.HAL_TIM_PWM_Init), (52 bytes).
    Removing stm32f4xx_hal_tim.o(.ARM.exidx.text.HAL_TIM_PWM_Init), (8 bytes).
    Removing stm32f4xx_hal_tim.o(.text.HAL_TIM_PWM_MspInit), (2 bytes).
    Removing stm32f4xx_hal_tim.o(.ARM.exidx.text.HAL_TIM_PWM_MspInit), (8 bytes).
    Removing stm32f4xx_hal_tim.o(.text.HAL_TIM_PWM_DeInit), (60 bytes).
    Removing stm32f4xx_hal_tim.o(.ARM.exidx.text.HAL_TIM_PWM_DeInit), (8 bytes).
    Removing stm32f4xx_hal_tim.o(.text.HAL_TIM_PWM_MspDeInit), (2 bytes).
    Removing stm32f4xx_hal_tim.o(.ARM.exidx.text.HAL_TIM_PWM_MspDeInit), (8 bytes).
    Removing stm32f4xx_hal_tim.o(.text.HAL_TIM_PWM_Start), (48 bytes).
    Removing stm32f4xx_hal_tim.o(.ARM.exidx.text.HAL_TIM_PWM_Start), (8 bytes).
    Removing stm32f4xx_hal_tim.o(.text.HAL_TIM_PWM_Stop), (96 bytes).
    Removing stm32f4xx_hal_tim.o(.ARM.exidx.text.HAL_TIM_PWM_Stop), (8 bytes).
    Removing stm32f4xx_hal_tim.o(.text.HAL_TIM_PWM_Start_IT), (108 bytes).
    Removing stm32f4xx_hal_tim.o(.ARM.exidx.text.HAL_TIM_PWM_Start_IT), (8 bytes).
    Removing stm32f4xx_hal_tim.o(.text.HAL_TIM_PWM_Stop_IT), (148 bytes).
    Removing stm32f4xx_hal_tim.o(.ARM.exidx.text.HAL_TIM_PWM_Stop_IT), (8 bytes).
    Removing stm32f4xx_hal_tim.o(.text.HAL_TIM_PWM_Start_DMA), (264 bytes).
    Removing stm32f4xx_hal_tim.o(.ARM.exidx.text.HAL_TIM_PWM_Start_DMA), (8 bytes).
    Removing stm32f4xx_hal_tim.o(.text.HAL_TIM_PWM_Stop_DMA), (152 bytes).
    Removing stm32f4xx_hal_tim.o(.ARM.exidx.text.HAL_TIM_PWM_Stop_DMA), (8 bytes).
    Removing stm32f4xx_hal_tim.o(.text.HAL_TIM_IC_Init), (52 bytes).
    Removing stm32f4xx_hal_tim.o(.ARM.exidx.text.HAL_TIM_IC_Init), (8 bytes).
    Removing stm32f4xx_hal_tim.o(.text.HAL_TIM_IC_MspInit), (2 bytes).
    Removing stm32f4xx_hal_tim.o(.ARM.exidx.text.HAL_TIM_IC_MspInit), (8 bytes).
    Removing stm32f4xx_hal_tim.o(.text.HAL_TIM_IC_DeInit), (60 bytes).
    Removing stm32f4xx_hal_tim.o(.ARM.exidx.text.HAL_TIM_IC_DeInit), (8 bytes).
    Removing stm32f4xx_hal_tim.o(.text.HAL_TIM_IC_MspDeInit), (2 bytes).
    Removing stm32f4xx_hal_tim.o(.ARM.exidx.text.HAL_TIM_IC_MspDeInit), (8 bytes).
    Removing stm32f4xx_hal_tim.o(.text.HAL_TIM_IC_Start), (26 bytes).
    Removing stm32f4xx_hal_tim.o(.ARM.exidx.text.HAL_TIM_IC_Start), (8 bytes).
    Removing stm32f4xx_hal_tim.o(.text.HAL_TIM_IC_Stop), (46 bytes).
    Removing stm32f4xx_hal_tim.o(.ARM.exidx.text.HAL_TIM_IC_Stop), (8 bytes).
    Removing stm32f4xx_hal_tim.o(.text.HAL_TIM_IC_Start_IT), (84 bytes).
    Removing stm32f4xx_hal_tim.o(.ARM.exidx.text.HAL_TIM_IC_Start_IT), (8 bytes).
    Removing stm32f4xx_hal_tim.o(.text.HAL_TIM_IC_Stop_IT), (104 bytes).
    Removing stm32f4xx_hal_tim.o(.ARM.exidx.text.HAL_TIM_IC_Stop_IT), (8 bytes).
    Removing stm32f4xx_hal_tim.o(.text.HAL_TIM_IC_Start_DMA), (220 bytes).
    Removing stm32f4xx_hal_tim.o(.ARM.exidx.text.HAL_TIM_IC_Start_DMA), (8 bytes).
    Removing stm32f4xx_hal_tim.o(.text.TIM_DMACaptureCplt), (58 bytes).
    Removing stm32f4xx_hal_tim.o(.ARM.exidx.text.TIM_DMACaptureCplt), (8 bytes).
    Removing stm32f4xx_hal_tim.o(.text.HAL_TIM_IC_Stop_DMA), (110 bytes).
    Removing stm32f4xx_hal_tim.o(.ARM.exidx.text.HAL_TIM_IC_Stop_DMA), (8 bytes).
    Removing stm32f4xx_hal_tim.o(.text.HAL_TIM_OnePulse_Init), (70 bytes).
    Removing stm32f4xx_hal_tim.o(.ARM.exidx.text.HAL_TIM_OnePulse_Init), (8 bytes).
    Removing stm32f4xx_hal_tim.o(.text.HAL_TIM_OnePulse_MspInit), (2 bytes).
    Removing stm32f4xx_hal_tim.o(.ARM.exidx.text.HAL_TIM_OnePulse_MspInit), (8 bytes).
    Removing stm32f4xx_hal_tim.o(.text.HAL_TIM_OnePulse_DeInit), (60 bytes).
    Removing stm32f4xx_hal_tim.o(.ARM.exidx.text.HAL_TIM_OnePulse_DeInit), (8 bytes).
    Removing stm32f4xx_hal_tim.o(.text.HAL_TIM_OnePulse_MspDeInit), (2 bytes).
    Removing stm32f4xx_hal_tim.o(.ARM.exidx.text.HAL_TIM_OnePulse_MspDeInit), (8 bytes).
    Removing stm32f4xx_hal_tim.o(.text.HAL_TIM_OnePulse_Start), (52 bytes).
    Removing stm32f4xx_hal_tim.o(.ARM.exidx.text.HAL_TIM_OnePulse_Start), (8 bytes).
    Removing stm32f4xx_hal_tim.o(.text.HAL_TIM_OnePulse_Stop), (100 bytes).
    Removing stm32f4xx_hal_tim.o(.ARM.exidx.text.HAL_TIM_OnePulse_Stop), (8 bytes).
    Removing stm32f4xx_hal_tim.o(.text.HAL_TIM_OnePulse_Start_IT), (68 bytes).
    Removing stm32f4xx_hal_tim.o(.ARM.exidx.text.HAL_TIM_OnePulse_Start_IT), (8 bytes).
    Removing stm32f4xx_hal_tim.o(.text.HAL_TIM_OnePulse_Stop_IT), (116 bytes).
    Removing stm32f4xx_hal_tim.o(.ARM.exidx.text.HAL_TIM_OnePulse_Stop_IT), (8 bytes).
    Removing stm32f4xx_hal_tim.o(.text.HAL_TIM_Encoder_Init), (152 bytes).
    Removing stm32f4xx_hal_tim.o(.ARM.exidx.text.HAL_TIM_Encoder_Init), (8 bytes).
    Removing stm32f4xx_hal_tim.o(.text.HAL_TIM_Encoder_MspInit), (2 bytes).
    Removing stm32f4xx_hal_tim.o(.ARM.exidx.text.HAL_TIM_Encoder_MspInit), (8 bytes).
    Removing stm32f4xx_hal_tim.o(.text.HAL_TIM_Encoder_DeInit), (60 bytes).
    Removing stm32f4xx_hal_tim.o(.ARM.exidx.text.HAL_TIM_Encoder_DeInit), (8 bytes).
    Removing stm32f4xx_hal_tim.o(.text.HAL_TIM_Encoder_MspDeInit), (2 bytes).
    Removing stm32f4xx_hal_tim.o(.ARM.exidx.text.HAL_TIM_Encoder_MspDeInit), (8 bytes).
    Removing stm32f4xx_hal_tim.o(.text.HAL_TIM_Encoder_Start), (50 bytes).
    Removing stm32f4xx_hal_tim.o(.ARM.exidx.text.HAL_TIM_Encoder_Start), (8 bytes).
    Removing stm32f4xx_hal_tim.o(.text.HAL_TIM_Encoder_Stop), (70 bytes).
    Removing stm32f4xx_hal_tim.o(.ARM.exidx.text.HAL_TIM_Encoder_Stop), (8 bytes).
    Removing stm32f4xx_hal_tim.o(.text.HAL_TIM_Encoder_Start_IT), (92 bytes).
    Removing stm32f4xx_hal_tim.o(.ARM.exidx.text.HAL_TIM_Encoder_Start_IT), (8 bytes).
    Removing stm32f4xx_hal_tim.o(.text.HAL_TIM_Encoder_Stop_IT), (118 bytes).
    Removing stm32f4xx_hal_tim.o(.ARM.exidx.text.HAL_TIM_Encoder_Stop_IT), (8 bytes).
    Removing stm32f4xx_hal_tim.o(.text.HAL_TIM_Encoder_Start_DMA), (300 bytes).
    Removing stm32f4xx_hal_tim.o(.ARM.exidx.text.HAL_TIM_Encoder_Start_DMA), (8 bytes).
    Removing stm32f4xx_hal_tim.o(.text.HAL_TIM_Encoder_Stop_DMA), (118 bytes).
    Removing stm32f4xx_hal_tim.o(.ARM.exidx.text.HAL_TIM_Encoder_Stop_DMA), (8 bytes).
    Removing stm32f4xx_hal_tim.o(.ARM.exidx.text.HAL_TIM_IRQHandler), (8 bytes).
    Removing stm32f4xx_hal_tim.o(.ARM.exidx.text.HAL_TIM_IC_CaptureCallback), (8 bytes).
    Removing stm32f4xx_hal_tim.o(.ARM.exidx.text.HAL_TIM_OC_DelayElapsedCallback), (8 bytes).
    Removing stm32f4xx_hal_tim.o(.ARM.exidx.text.HAL_TIM_PWM_PulseFinishedCallback), (8 bytes).
    Removing stm32f4xx_hal_tim.o(.ARM.exidx.text.HAL_TIM_PeriodElapsedCallback), (8 bytes).
    Removing stm32f4xx_hal_tim.o(.ARM.exidx.text.HAL_TIM_TriggerCallback), (8 bytes).
    Removing stm32f4xx_hal_tim.o(.text.HAL_TIM_OC_ConfigChannel), (84 bytes).
    Removing stm32f4xx_hal_tim.o(.ARM.exidx.text.HAL_TIM_OC_ConfigChannel), (8 bytes).
    Removing stm32f4xx_hal_tim.o(.text.TIM_OC1_SetConfig), (96 bytes).
    Removing stm32f4xx_hal_tim.o(.ARM.exidx.text.TIM_OC1_SetConfig), (8 bytes).
    Removing stm32f4xx_hal_tim.o(.text.TIM_OC2_SetConfig), (104 bytes).
    Removing stm32f4xx_hal_tim.o(.ARM.exidx.text.TIM_OC2_SetConfig), (8 bytes).
    Removing stm32f4xx_hal_tim.o(.text.TIM_OC3_SetConfig), (104 bytes).
    Removing stm32f4xx_hal_tim.o(.ARM.exidx.text.TIM_OC3_SetConfig), (8 bytes).
    Removing stm32f4xx_hal_tim.o(.text.TIM_OC4_SetConfig), (80 bytes).
    Removing stm32f4xx_hal_tim.o(.ARM.exidx.text.TIM_OC4_SetConfig), (8 bytes).
    Removing stm32f4xx_hal_tim.o(.text.HAL_TIM_IC_ConfigChannel), (224 bytes).
    Removing stm32f4xx_hal_tim.o(.ARM.exidx.text.HAL_TIM_IC_ConfigChannel), (8 bytes).
    Removing stm32f4xx_hal_tim.o(.text.TIM_TI1_SetConfig), (140 bytes).
    Removing stm32f4xx_hal_tim.o(.ARM.exidx.text.TIM_TI1_SetConfig), (8 bytes).
    Removing stm32f4xx_hal_tim.o(.text.TIM_TI2_SetConfig), (56 bytes).
    Removing stm32f4xx_hal_tim.o(.ARM.exidx.text.TIM_TI2_SetConfig), (8 bytes).
    Removing stm32f4xx_hal_tim.o(.text.HAL_TIM_PWM_ConfigChannel), (158 bytes).
    Removing stm32f4xx_hal_tim.o(.ARM.exidx.text.HAL_TIM_PWM_ConfigChannel), (8 bytes).
    Removing stm32f4xx_hal_tim.o(.text.HAL_TIM_OnePulse_ConfigChannel), (174 bytes).
    Removing stm32f4xx_hal_tim.o(.ARM.exidx.text.HAL_TIM_OnePulse_ConfigChannel), (8 bytes).
    Removing stm32f4xx_hal_tim.o(.text.HAL_TIM_DMABurst_WriteStart), (312 bytes).
    Removing stm32f4xx_hal_tim.o(.ARM.exidx.text.HAL_TIM_DMABurst_WriteStart), (8 bytes).
    Removing stm32f4xx_hal_tim.o(.text.TIM_DMATriggerCplt), (12 bytes).
    Removing stm32f4xx_hal_tim.o(.ARM.exidx.text.TIM_DMATriggerCplt), (8 bytes).
    Removing stm32f4xx_hal_tim.o(.text.HAL_TIM_DMABurst_WriteStop), (90 bytes).
    Removing stm32f4xx_hal_tim.o(.ARM.exidx.text.HAL_TIM_DMABurst_WriteStop), (8 bytes).
    Removing stm32f4xx_hal_tim.o(.text.HAL_TIM_DMABurst_ReadStart), (308 bytes).
    Removing stm32f4xx_hal_tim.o(.ARM.exidx.text.HAL_TIM_DMABurst_ReadStart), (8 bytes).
    Removing stm32f4xx_hal_tim.o(.text.HAL_TIM_DMABurst_ReadStop), (90 bytes).
    Removing stm32f4xx_hal_tim.o(.ARM.exidx.text.HAL_TIM_DMABurst_ReadStop), (8 bytes).
    Removing stm32f4xx_hal_tim.o(.text.HAL_TIM_GenerateEvent), (34 bytes).
    Removing stm32f4xx_hal_tim.o(.ARM.exidx.text.HAL_TIM_GenerateEvent), (8 bytes).
    Removing stm32f4xx_hal_tim.o(.text.HAL_TIM_ConfigOCrefClear), (184 bytes).
    Removing stm32f4xx_hal_tim.o(.ARM.exidx.text.HAL_TIM_ConfigOCrefClear), (8 bytes).
    Removing stm32f4xx_hal_tim.o(.text.HAL_TIM_ConfigClockSource), (284 bytes).
    Removing stm32f4xx_hal_tim.o(.ARM.exidx.text.HAL_TIM_ConfigClockSource), (8 bytes).
    Removing stm32f4xx_hal_tim.o(.text.TIM_TI1_ConfigInputStage), (34 bytes).
    Removing stm32f4xx_hal_tim.o(.ARM.exidx.text.TIM_TI1_ConfigInputStage), (8 bytes).
    Removing stm32f4xx_hal_tim.o(.text.TIM_TI2_ConfigInputStage), (34 bytes).
    Removing stm32f4xx_hal_tim.o(.ARM.exidx.text.TIM_TI2_ConfigInputStage), (8 bytes).
    Removing stm32f4xx_hal_tim.o(.text.HAL_TIM_ConfigTI1Input), (16 bytes).
    Removing stm32f4xx_hal_tim.o(.ARM.exidx.text.HAL_TIM_ConfigTI1Input), (8 bytes).
    Removing stm32f4xx_hal_tim.o(.text.HAL_TIM_SlaveConfigSynchronization), (62 bytes).
    Removing stm32f4xx_hal_tim.o(.ARM.exidx.text.HAL_TIM_SlaveConfigSynchronization), (8 bytes).
    Removing stm32f4xx_hal_tim.o(.text.TIM_SlaveTimer_SetConfig), (130 bytes).
    Removing stm32f4xx_hal_tim.o(.ARM.exidx.text.TIM_SlaveTimer_SetConfig), (8 bytes).
    Removing stm32f4xx_hal_tim.o(.text.HAL_TIM_SlaveConfigSynchronization_IT), (62 bytes).
    Removing stm32f4xx_hal_tim.o(.ARM.exidx.text.HAL_TIM_SlaveConfigSynchronization_IT), (8 bytes).
    Removing stm32f4xx_hal_tim.o(.text.HAL_TIM_ReadCapturedValue), (72 bytes).
    Removing stm32f4xx_hal_tim.o(.ARM.exidx.text.HAL_TIM_ReadCapturedValue), (8 bytes).
    Removing stm32f4xx_hal_tim.o(.text.HAL_TIM_ErrorCallback), (2 bytes).
    Removing stm32f4xx_hal_tim.o(.ARM.exidx.text.HAL_TIM_ErrorCallback), (8 bytes).
    Removing stm32f4xx_hal_tim.o(.text.HAL_TIM_Base_GetState), (6 bytes).
    Removing stm32f4xx_hal_tim.o(.ARM.exidx.text.HAL_TIM_Base_GetState), (8 bytes).
    Removing stm32f4xx_hal_tim.o(.text.HAL_TIM_OC_GetState), (6 bytes).
    Removing stm32f4xx_hal_tim.o(.ARM.exidx.text.HAL_TIM_OC_GetState), (8 bytes).
    Removing stm32f4xx_hal_tim.o(.text.HAL_TIM_PWM_GetState), (6 bytes).
    Removing stm32f4xx_hal_tim.o(.ARM.exidx.text.HAL_TIM_PWM_GetState), (8 bytes).
    Removing stm32f4xx_hal_tim.o(.text.HAL_TIM_IC_GetState), (6 bytes).
    Removing stm32f4xx_hal_tim.o(.ARM.exidx.text.HAL_TIM_IC_GetState), (8 bytes).
    Removing stm32f4xx_hal_tim.o(.text.HAL_TIM_OnePulse_GetState), (6 bytes).
    Removing stm32f4xx_hal_tim.o(.ARM.exidx.text.HAL_TIM_OnePulse_GetState), (8 bytes).
    Removing stm32f4xx_hal_tim.o(.text.HAL_TIM_Encoder_GetState), (6 bytes).
    Removing stm32f4xx_hal_tim.o(.ARM.exidx.text.HAL_TIM_Encoder_GetState), (8 bytes).
    Removing stm32f4xx_hal_tim_ex.o(.text), (0 bytes).
    Removing stm32f4xx_hal_tim_ex.o(.text.HAL_TIMEx_HallSensor_Init), (160 bytes).
    Removing stm32f4xx_hal_tim_ex.o(.ARM.exidx.text.HAL_TIMEx_HallSensor_Init), (8 bytes).
    Removing stm32f4xx_hal_tim_ex.o(.text.HAL_TIMEx_HallSensor_MspInit), (2 bytes).
    Removing stm32f4xx_hal_tim_ex.o(.ARM.exidx.text.HAL_TIMEx_HallSensor_MspInit), (8 bytes).
    Removing stm32f4xx_hal_tim_ex.o(.text.HAL_TIMEx_HallSensor_DeInit), (60 bytes).
    Removing stm32f4xx_hal_tim_ex.o(.ARM.exidx.text.HAL_TIMEx_HallSensor_DeInit), (8 bytes).
    Removing stm32f4xx_hal_tim_ex.o(.text.HAL_TIMEx_HallSensor_MspDeInit), (2 bytes).
    Removing stm32f4xx_hal_tim_ex.o(.ARM.exidx.text.HAL_TIMEx_HallSensor_MspDeInit), (8 bytes).
    Removing stm32f4xx_hal_tim_ex.o(.text.HAL_TIMEx_HallSensor_Start), (28 bytes).
    Removing stm32f4xx_hal_tim_ex.o(.ARM.exidx.text.HAL_TIMEx_HallSensor_Start), (8 bytes).
    Removing stm32f4xx_hal_tim_ex.o(.text.HAL_TIMEx_HallSensor_Stop), (48 bytes).
    Removing stm32f4xx_hal_tim_ex.o(.ARM.exidx.text.HAL_TIMEx_HallSensor_Stop), (8 bytes).
    Removing stm32f4xx_hal_tim_ex.o(.text.HAL_TIMEx_HallSensor_Start_IT), (36 bytes).
    Removing stm32f4xx_hal_tim_ex.o(.ARM.exidx.text.HAL_TIMEx_HallSensor_Start_IT), (8 bytes).
    Removing stm32f4xx_hal_tim_ex.o(.text.HAL_TIMEx_HallSensor_Stop_IT), (56 bytes).
    Removing stm32f4xx_hal_tim_ex.o(.ARM.exidx.text.HAL_TIMEx_HallSensor_Stop_IT), (8 bytes).
    Removing stm32f4xx_hal_tim_ex.o(.text.HAL_TIMEx_HallSensor_Start_DMA), (112 bytes).
    Removing stm32f4xx_hal_tim_ex.o(.ARM.exidx.text.HAL_TIMEx_HallSensor_Start_DMA), (8 bytes).
    Removing stm32f4xx_hal_tim_ex.o(.text.HAL_TIMEx_HallSensor_Stop_DMA), (56 bytes).
    Removing stm32f4xx_hal_tim_ex.o(.ARM.exidx.text.HAL_TIMEx_HallSensor_Stop_DMA), (8 bytes).
    Removing stm32f4xx_hal_tim_ex.o(.text.HAL_TIMEx_OCN_Start), (34 bytes).
    Removing stm32f4xx_hal_tim_ex.o(.ARM.exidx.text.HAL_TIMEx_OCN_Start), (8 bytes).
    Removing stm32f4xx_hal_tim_ex.o(.text.TIM_CCxNChannelCmd), (26 bytes).
    Removing stm32f4xx_hal_tim_ex.o(.ARM.exidx.text.TIM_CCxNChannelCmd), (8 bytes).
    Removing stm32f4xx_hal_tim_ex.o(.text.HAL_TIMEx_OCN_Stop), (76 bytes).
    Removing stm32f4xx_hal_tim_ex.o(.ARM.exidx.text.HAL_TIMEx_OCN_Stop), (8 bytes).
    Removing stm32f4xx_hal_tim_ex.o(.text.HAL_TIMEx_OCN_Start_IT), (100 bytes).
    Removing stm32f4xx_hal_tim_ex.o(.ARM.exidx.text.HAL_TIMEx_OCN_Start_IT), (8 bytes).
    Removing stm32f4xx_hal_tim_ex.o(.text.HAL_TIMEx_OCN_Stop_IT), (152 bytes).
    Removing stm32f4xx_hal_tim_ex.o(.ARM.exidx.text.HAL_TIMEx_OCN_Stop_IT), (8 bytes).
    Removing stm32f4xx_hal_tim_ex.o(.text.HAL_TIMEx_OCN_Start_DMA), (252 bytes).
    Removing stm32f4xx_hal_tim_ex.o(.ARM.exidx.text.HAL_TIMEx_OCN_Start_DMA), (8 bytes).
    Removing stm32f4xx_hal_tim_ex.o(.text.HAL_TIMEx_OCN_Stop_DMA), (144 bytes).
    Removing stm32f4xx_hal_tim_ex.o(.ARM.exidx.text.HAL_TIMEx_OCN_Stop_DMA), (8 bytes).
    Removing stm32f4xx_hal_tim_ex.o(.text.HAL_TIMEx_PWMN_Start), (34 bytes).
    Removing stm32f4xx_hal_tim_ex.o(.ARM.exidx.text.HAL_TIMEx_PWMN_Start), (8 bytes).
    Removing stm32f4xx_hal_tim_ex.o(.text.HAL_TIMEx_PWMN_Stop), (76 bytes).
    Removing stm32f4xx_hal_tim_ex.o(.ARM.exidx.text.HAL_TIMEx_PWMN_Stop), (8 bytes).
    Removing stm32f4xx_hal_tim_ex.o(.text.HAL_TIMEx_PWMN_Start_IT), (100 bytes).
    Removing stm32f4xx_hal_tim_ex.o(.ARM.exidx.text.HAL_TIMEx_PWMN_Start_IT), (8 bytes).
    Removing stm32f4xx_hal_tim_ex.o(.text.HAL_TIMEx_PWMN_Stop_IT), (152 bytes).
    Removing stm32f4xx_hal_tim_ex.o(.ARM.exidx.text.HAL_TIMEx_PWMN_Stop_IT), (8 bytes).
    Removing stm32f4xx_hal_tim_ex.o(.text.HAL_TIMEx_PWMN_Start_DMA), (252 bytes).
    Removing stm32f4xx_hal_tim_ex.o(.ARM.exidx.text.HAL_TIMEx_PWMN_Start_DMA), (8 bytes).
    Removing stm32f4xx_hal_tim_ex.o(.text.HAL_TIMEx_PWMN_Stop_DMA), (144 bytes).
    Removing stm32f4xx_hal_tim_ex.o(.ARM.exidx.text.HAL_TIMEx_PWMN_Stop_DMA), (8 bytes).
    Removing stm32f4xx_hal_tim_ex.o(.text.HAL_TIMEx_OnePulseN_Start), (26 bytes).
    Removing stm32f4xx_hal_tim_ex.o(.ARM.exidx.text.HAL_TIMEx_OnePulseN_Start), (8 bytes).
    Removing stm32f4xx_hal_tim_ex.o(.text.HAL_TIMEx_OnePulseN_Stop), (76 bytes).
    Removing stm32f4xx_hal_tim_ex.o(.ARM.exidx.text.HAL_TIMEx_OnePulseN_Stop), (8 bytes).
    Removing stm32f4xx_hal_tim_ex.o(.text.HAL_TIMEx_OnePulseN_Start_IT), (42 bytes).
    Removing stm32f4xx_hal_tim_ex.o(.ARM.exidx.text.HAL_TIMEx_OnePulseN_Start_IT), (8 bytes).
    Removing stm32f4xx_hal_tim_ex.o(.text.HAL_TIMEx_OnePulseN_Stop_IT), (92 bytes).
    Removing stm32f4xx_hal_tim_ex.o(.ARM.exidx.text.HAL_TIMEx_OnePulseN_Stop_IT), (8 bytes).
    Removing stm32f4xx_hal_tim_ex.o(.text.HAL_TIMEx_ConfigCommutationEvent), (96 bytes).
    Removing stm32f4xx_hal_tim_ex.o(.ARM.exidx.text.HAL_TIMEx_ConfigCommutationEvent), (8 bytes).
    Removing stm32f4xx_hal_tim_ex.o(.text.HAL_TIMEx_ConfigCommutationEvent_IT), (108 bytes).
    Removing stm32f4xx_hal_tim_ex.o(.ARM.exidx.text.HAL_TIMEx_ConfigCommutationEvent_IT), (8 bytes).
    Removing stm32f4xx_hal_tim_ex.o(.text.HAL_TIMEx_ConfigCommutationEvent_DMA), (128 bytes).
    Removing stm32f4xx_hal_tim_ex.o(.ARM.exidx.text.HAL_TIMEx_ConfigCommutationEvent_DMA), (8 bytes).
    Removing stm32f4xx_hal_tim_ex.o(.text.TIMEx_DMACommutationCplt), (12 bytes).
    Removing stm32f4xx_hal_tim_ex.o(.ARM.exidx.text.TIMEx_DMACommutationCplt), (8 bytes).
    Removing stm32f4xx_hal_tim_ex.o(.text.HAL_TIMEx_MasterConfigSynchronization), (68 bytes).
    Removing stm32f4xx_hal_tim_ex.o(.ARM.exidx.text.HAL_TIMEx_MasterConfigSynchronization), (8 bytes).
    Removing stm32f4xx_hal_tim_ex.o(.text.HAL_TIMEx_ConfigBreakDeadTime), (80 bytes).
    Removing stm32f4xx_hal_tim_ex.o(.ARM.exidx.text.HAL_TIMEx_ConfigBreakDeadTime), (8 bytes).
    Removing stm32f4xx_hal_tim_ex.o(.text.HAL_TIMEx_RemapConfig), (32 bytes).
    Removing stm32f4xx_hal_tim_ex.o(.ARM.exidx.text.HAL_TIMEx_RemapConfig), (8 bytes).
    Removing stm32f4xx_hal_tim_ex.o(.ARM.exidx.text.HAL_TIMEx_CommutationCallback), (8 bytes).
    Removing stm32f4xx_hal_tim_ex.o(.ARM.exidx.text.HAL_TIMEx_BreakCallback), (8 bytes).
    Removing stm32f4xx_hal_tim_ex.o(.text.HAL_TIMEx_HallSensor_GetState), (6 bytes).
    Removing stm32f4xx_hal_tim_ex.o(.ARM.exidx.text.HAL_TIMEx_HallSensor_GetState), (8 bytes).
    Removing system_stm32f4xx.o(.text), (0 bytes).
    Removing system_stm32f4xx.o(.ARM.exidx.text.SystemInit), (8 bytes).
    Removing system_stm32f4xx.o(.text.SystemCoreClockUpdate), (108 bytes).
    Removing system_stm32f4xx.o(.ARM.exidx.text.SystemCoreClockUpdate), (8 bytes).
    Removing system_stm32f4xx.o(.data.SystemCoreClock), (4 bytes).
    Removing system_stm32f4xx.o(.rodata.AHBPrescTable), (16 bytes).
    Removing system_stm32f4xx.o(.rodata.APBPrescTable), (8 bytes).

734 unused section(s) (total 29756 bytes) removed from the image.

==============================================================================

Image Symbol Table

    Local Symbols

    Symbol Name                              Value     Ov Type        Size  Object(Section)

    ../clib/angel/boardlib.s                 0x00000000   Number         0  boardinit1.o ABSOLUTE
    ../clib/angel/boardlib.s                 0x00000000   Number         0  boardinit2.o ABSOLUTE
    ../clib/angel/boardlib.s                 0x00000000   Number         0  boardinit3.o ABSOLUTE
    ../clib/angel/boardlib.s                 0x00000000   Number         0  boardshut.o ABSOLUTE
    ../clib/angel/handlers.s                 0x00000000   Number         0  __scatter_zi.o ABSOLUTE
    ../clib/angel/kernel.s                   0x00000000   Number         0  __rtentry.o ABSOLUTE
    ../clib/angel/kernel.s                   0x00000000   Number         0  __rtentry2.o ABSOLUTE
    ../clib/angel/kernel.s                   0x00000000   Number         0  __rtentry4.o ABSOLUTE
    ../clib/angel/kernel.s                   0x00000000   Number         0  rtexit.o ABSOLUTE
    ../clib/angel/kernel.s                   0x00000000   Number         0  rtexit2.o ABSOLUTE
    ../clib/angel/rt.s                       0x00000000   Number         0  aeabi_ldiv0.o ABSOLUTE
    ../clib/angel/rt.s                       0x00000000   Number         0  aeabi_ldiv0_sigfpe.o ABSOLUTE
    ../clib/angel/rt.s                       0x00000000   Number         0  rt_div0.o ABSOLUTE
    ../clib/angel/rt.s                       0x00000000   Number         0  rt_raise.o ABSOLUTE
    ../clib/angel/scatter.s                  0x00000000   Number         0  __scatter.o ABSOLUTE
    ../clib/angel/startup.s                  0x00000000   Number         0  __main.o ABSOLUTE
    ../clib/angel/sys.s                      0x00000000   Number         0  sys_stackheap_outer.o ABSOLUTE
    ../clib/angel/sys.s                      0x00000000   Number         0  libspace.o ABSOLUTE
    ../clib/angel/sys.s                      0x00000000   Number         0  use_no_semi.o ABSOLUTE
    ../clib/angel/sys.s                      0x00000000   Number         0  indicate_semi.o ABSOLUTE
    ../clib/angel/sysapp.c                   0x00000000   Number         0  sys_exit.o ABSOLUTE
    ../clib/angel/sysapp.c                   0x00000000   Number         0  sys_exit_hlt.o ABSOLUTE
    ../clib/angel/sysapp.c                   0x00000000   Number         0  sys_wrch.o ABSOLUTE
    ../clib/angel/sysapp.c                   0x00000000   Number         0  sys_wrch_hlt.o ABSOLUTE
    ../clib/angel/sysapp.c                   0x00000000   Number         0  sys_command.o ABSOLUTE
    ../clib/angel/sysapp.c                   0x00000000   Number         0  sys_command_hlt.o ABSOLUTE
    ../clib/armsys.c                         0x00000000   Number         0  argv_veneer.o ABSOLUTE
    ../clib/armsys.c                         0x00000000   Number         0  argv_veneer.o ABSOLUTE
    ../clib/armsys.c                         0x00000000   Number         0  _get_argv_nomalloc.o ABSOLUTE
    ../clib/armsys.c                         0x00000000   Number         0  no_argv.o ABSOLUTE
    ../clib/heapalloc.c                      0x00000000   Number         0  hrguard.o ABSOLUTE
    ../clib/heapaux.c                        0x00000000   Number         0  heapauxi.o ABSOLUTE
    ../clib/libinit.s                        0x00000000   Number         0  libinit.o ABSOLUTE
    ../clib/libinit.s                        0x00000000   Number         0  libinit2.o ABSOLUTE
    ../clib/libinit.s                        0x00000000   Number         0  libshutdown.o ABSOLUTE
    ../clib/libinit.s                        0x00000000   Number         0  libshutdown2.o ABSOLUTE
    ../clib/longlong.s                       0x00000000   Number         0  lludivv7m.o ABSOLUTE
    ../clib/memcpset.s                       0x00000000   Number         0  rt_memclr_w.o ABSOLUTE
    ../clib/signal.c                         0x00000000   Number         0  defsig_fpe_outer.o ABSOLUTE
    ../clib/signal.c                         0x00000000   Number         0  defsig_fpe_formal.o ABSOLUTE
    ../clib/signal.c                         0x00000000   Number         0  defsig_exit.o ABSOLUTE
    ../clib/signal.c                         0x00000000   Number         0  defsig_fpe_inner.o ABSOLUTE
    ../clib/signal.c                         0x00000000   Number         0  __raise.o ABSOLUTE
    ../clib/signal.c                         0x00000000   Number         0  defsig_general.o ABSOLUTE
    ../clib/signal.c                         0x00000000   Number         0  defsig_abrt_inner.o ABSOLUTE
    ../clib/signal.c                         0x00000000   Number         0  defsig_rtred_inner.o ABSOLUTE
    ../clib/signal.c                         0x00000000   Number         0  defsig_rtmem_inner.o ABSOLUTE
    ../clib/signal.c                         0x00000000   Number         0  defsig_rtmem_outer.o ABSOLUTE
    ../clib/signal.c                         0x00000000   Number         0  defsig_rtmem_formal.o ABSOLUTE
    ../clib/signal.c                         0x00000000   Number         0  defsig_stak_inner.o ABSOLUTE
    ../clib/signal.c                         0x00000000   Number         0  defsig_pvfn_inner.o ABSOLUTE
    ../clib/signal.c                         0x00000000   Number         0  defsig_cppl_inner.o ABSOLUTE
    ../clib/signal.c                         0x00000000   Number         0  defsig_segv_inner.o ABSOLUTE
    ../clib/signal.c                         0x00000000   Number         0  defsig_other.o ABSOLUTE
    ../clib/signal.s                         0x00000000   Number         0  defsig.o ABSOLUTE
    ../clib/stdlib.c                         0x00000000   Number         0  exit.o ABSOLUTE
    ../fplib/fpinit.s                        0x00000000   Number         0  fpinit.o ABSOLUTE
    Buttons_NUCLEO-F446RE.c                  0x00000000   Number         0  buttons_nucleo-f446re.o ABSOLUTE
    Dac.cpp                                  0x00000000   Number         0  dac.o ABSOLUTE
    Hal.cpp                                  0x00000000   Number         0  hal.o ABSOLUTE
    IRQ.cpp                                  0x00000000   Number         0  irq.o ABSOLUTE
    IRQ_objects.cpp                          0x00000000   Number         0  irq_objects.o ABSOLUTE
    LED_NUCLEO-F446RE.c                      0x00000000   Number         0  led_nucleo-f446re.o ABSOLUTE
    RTE\Device\STM32F446RETx\startup_stm32f446xx.S 0x00000000   Number         0  startup_stm32f446xx.o ABSOLUTE
    Tim.cpp                                  0x00000000   Number         0  tim.o ABSOLUTE
    dc.s                                     0x00000000   Number         0  dc.o ABSOLUTE
    main.cpp                                 0x00000000   Number         0  main.o ABSOLUTE
    stm32f4xx_hal.c                          0x00000000   Number         0  stm32f4xx_hal.o ABSOLUTE
    stm32f4xx_hal_adc.c                      0x00000000   Number         0  stm32f4xx_hal_adc.o ABSOLUTE
    stm32f4xx_hal_adc_ex.c                   0x00000000   Number         0  stm32f4xx_hal_adc_ex.o ABSOLUTE
    stm32f4xx_hal_cortex.c                   0x00000000   Number         0  stm32f4xx_hal_cortex.o ABSOLUTE
    stm32f4xx_hal_dac.c                      0x00000000   Number         0  stm32f4xx_hal_dac.o ABSOLUTE
    stm32f4xx_hal_dac_ex.c                   0x00000000   Number         0  stm32f4xx_hal_dac_ex.o ABSOLUTE
    stm32f4xx_hal_dma.c                      0x00000000   Number         0  stm32f4xx_hal_dma.o ABSOLUTE
    stm32f4xx_hal_dma_ex.c                   0x00000000   Number         0  stm32f4xx_hal_dma_ex.o ABSOLUTE
    stm32f4xx_hal_gpio.c                     0x00000000   Number         0  stm32f4xx_hal_gpio.o ABSOLUTE
    stm32f4xx_hal_pwr.c                      0x00000000   Number         0  stm32f4xx_hal_pwr.o ABSOLUTE
    stm32f4xx_hal_pwr_ex.c                   0x00000000   Number         0  stm32f4xx_hal_pwr_ex.o ABSOLUTE
    stm32f4xx_hal_rcc.c                      0x00000000   Number         0  stm32f4xx_hal_rcc.o ABSOLUTE
    stm32f4xx_hal_rcc_ex.c                   0x00000000   Number         0  stm32f4xx_hal_rcc_ex.o ABSOLUTE
    stm32f4xx_hal_tim.c                      0x00000000   Number         0  stm32f4xx_hal_tim.o ABSOLUTE
    stm32f4xx_hal_tim_ex.c                   0x00000000   Number         0  stm32f4xx_hal_tim_ex.o ABSOLUTE
    system_stm32f4xx.c                       0x00000000   Number         0  system_stm32f4xx.o ABSOLUTE
    RESET                                    0x00008000   Section      452  startup_stm32f446xx.o(RESET)
    !!!main                                  0x000081c4   Section        8  __main.o(!!!main)
    !!!scatter                               0x000081cc   Section       52  __scatter.o(!!!scatter)
    !!handler_zi                             0x00008200   Section       28  __scatter_zi.o(!!handler_zi)
    .ARM.Collect$$libinit$$00000000          0x0000821c   Section        2  libinit.o(.ARM.Collect$$libinit$$00000000)
    .ARM.Collect$$libinit$$00000001          0x0000821e   Section        4  libinit2.o(.ARM.Collect$$libinit$$00000001)
    .ARM.Collect$$libinit$$00000004          0x00008222   Section        0  libinit2.o(.ARM.Collect$$libinit$$00000004)
    .ARM.Collect$$libinit$$0000000A          0x00008222   Section        0  libinit2.o(.ARM.Collect$$libinit$$0000000A)
    .ARM.Collect$$libinit$$0000000C          0x00008222   Section        0  libinit2.o(.ARM.Collect$$libinit$$0000000C)
    .ARM.Collect$$libinit$$0000000E          0x00008222   Section        0  libinit2.o(.ARM.Collect$$libinit$$0000000E)
    .ARM.Collect$$libinit$$00000011          0x00008222   Section        0  libinit2.o(.ARM.Collect$$libinit$$00000011)
    .ARM.Collect$$libinit$$00000013          0x00008222   Section        0  libinit2.o(.ARM.Collect$$libinit$$00000013)
    .ARM.Collect$$libinit$$00000015          0x00008222   Section        0  libinit2.o(.ARM.Collect$$libinit$$00000015)
    .ARM.Collect$$libinit$$00000017          0x00008222   Section        0  libinit2.o(.ARM.Collect$$libinit$$00000017)
    .ARM.Collect$$libinit$$00000019          0x00008222   Section        0  libinit2.o(.ARM.Collect$$libinit$$00000019)
    .ARM.Collect$$libinit$$0000001B          0x00008222   Section        0  libinit2.o(.ARM.Collect$$libinit$$0000001B)
    .ARM.Collect$$libinit$$0000001D          0x00008222   Section        0  libinit2.o(.ARM.Collect$$libinit$$0000001D)
    .ARM.Collect$$libinit$$0000001F          0x00008222   Section        0  libinit2.o(.ARM.Collect$$libinit$$0000001F)
    .ARM.Collect$$libinit$$00000021          0x00008222   Section        0  libinit2.o(.ARM.Collect$$libinit$$00000021)
    .ARM.Collect$$libinit$$00000023          0x00008222   Section        0  libinit2.o(.ARM.Collect$$libinit$$00000023)
    .ARM.Collect$$libinit$$00000025          0x00008222   Section        0  libinit2.o(.ARM.Collect$$libinit$$00000025)
    .ARM.Collect$$libinit$$0000002C          0x00008222   Section        0  libinit2.o(.ARM.Collect$$libinit$$0000002C)
    .ARM.Collect$$libinit$$0000002E          0x00008222   Section        0  libinit2.o(.ARM.Collect$$libinit$$0000002E)
    .ARM.Collect$$libinit$$00000030          0x00008222   Section        0  libinit2.o(.ARM.Collect$$libinit$$00000030)
    .ARM.Collect$$libinit$$00000032          0x00008222   Section        0  libinit2.o(.ARM.Collect$$libinit$$00000032)
    .ARM.Collect$$libinit$$00000033          0x00008222   Section        2  libinit2.o(.ARM.Collect$$libinit$$00000033)
    .ARM.Collect$$libshutdown$$00000000      0x00008224   Section        2  libshutdown.o(.ARM.Collect$$libshutdown$$00000000)
    .ARM.Collect$$libshutdown$$00000002      0x00008226   Section        0  libshutdown2.o(.ARM.Collect$$libshutdown$$00000002)
    .ARM.Collect$$libshutdown$$00000004      0x00008226   Section        0  libshutdown2.o(.ARM.Collect$$libshutdown$$00000004)
    .ARM.Collect$$libshutdown$$00000007      0x00008226   Section        0  libshutdown2.o(.ARM.Collect$$libshutdown$$00000007)
    .ARM.Collect$$libshutdown$$0000000A      0x00008226   Section        0  libshutdown2.o(.ARM.Collect$$libshutdown$$0000000A)
    .ARM.Collect$$libshutdown$$0000000C      0x00008226   Section        0  libshutdown2.o(.ARM.Collect$$libshutdown$$0000000C)
    .ARM.Collect$$libshutdown$$0000000F      0x00008226   Section        0  libshutdown2.o(.ARM.Collect$$libshutdown$$0000000F)
    .ARM.Collect$$libshutdown$$00000010      0x00008226   Section        2  libshutdown2.o(.ARM.Collect$$libshutdown$$00000010)
    .ARM.Collect$$rtentry$$00000000          0x00008228   Section        0  __rtentry.o(.ARM.Collect$$rtentry$$00000000)
    .ARM.Collect$$rtentry$$00000002          0x00008228   Section        0  __rtentry2.o(.ARM.Collect$$rtentry$$00000002)
    .ARM.Collect$$rtentry$$00000004          0x00008228   Section        6  __rtentry4.o(.ARM.Collect$$rtentry$$00000004)
    .ARM.Collect$$rtentry$$00000009          0x0000822e   Section        0  __rtentry2.o(.ARM.Collect$$rtentry$$00000009)
    .ARM.Collect$$rtentry$$0000000A          0x0000822e   Section        4  __rtentry2.o(.ARM.Collect$$rtentry$$0000000A)
    .ARM.Collect$$rtentry$$0000000C          0x00008232   Section        0  __rtentry2.o(.ARM.Collect$$rtentry$$0000000C)
    .ARM.Collect$$rtentry$$0000000D          0x00008232   Section        8  __rtentry2.o(.ARM.Collect$$rtentry$$0000000D)
    .ARM.Collect$$rtexit$$00000000           0x0000823a   Section        2  rtexit.o(.ARM.Collect$$rtexit$$00000000)
    .ARM.Collect$$rtexit$$00000002           0x0000823c   Section        0  rtexit2.o(.ARM.Collect$$rtexit$$00000002)
    .ARM.Collect$$rtexit$$00000003           0x0000823c   Section        4  rtexit2.o(.ARM.Collect$$rtexit$$00000003)
    .ARM.Collect$$rtexit$$00000004           0x00008240   Section        6  rtexit2.o(.ARM.Collect$$rtexit$$00000004)
    $v0                                      0x00008248   Number         0  startup_stm32f446xx.o(.text)
    .text                                    0x00008248   Section       64  startup_stm32f446xx.o(.text)
    .text                                    0x00008288   Section        0  heapauxi.o(.text)
    .text                                    0x0000828e   Section       74  sys_stackheap_outer.o(.text)
    .text                                    0x000082d8   Section        0  exit.o(.text)
    .text                                    0x000082ec   Section        8  libspace.o(.text)
    .text                                    0x000082f4   Section        0  sys_exit.o(.text)
    .text                                    0x00008300   Section        2  use_no_semi.o(.text)
    .text                                    0x00008302   Section        0  indicate_semi.o(.text)
    [Anonymous Symbol]                       0x00008304   Section        0  stm32f4xx_hal.o(.text.HAL_IncTick)
    __arm_cp.5_0                             0x00008314   Number         4  stm32f4xx_hal.o(.text.HAL_IncTick)
    __arm_cp.5_1                             0x00008318   Number         4  stm32f4xx_hal.o(.text.HAL_IncTick)
    [Anonymous Symbol]                       0x0000831c   Section        0  stm32f4xx_hal_tim_ex.o(.text.HAL_TIMEx_BreakCallback)
    [Anonymous Symbol]                       0x0000831e   Section        0  stm32f4xx_hal_tim_ex.o(.text.HAL_TIMEx_CommutationCallback)
    [Anonymous Symbol]                       0x00008320   Section        0  stm32f4xx_hal_tim.o(.text.HAL_TIM_IC_CaptureCallback)
    [Anonymous Symbol]                       0x00008322   Section        0  stm32f4xx_hal_tim.o(.text.HAL_TIM_IRQHandler)
    [Anonymous Symbol]                       0x0000848c   Section        0  stm32f4xx_hal_tim.o(.text.HAL_TIM_OC_DelayElapsedCallback)
    [Anonymous Symbol]                       0x0000848e   Section        0  stm32f4xx_hal_tim.o(.text.HAL_TIM_PWM_PulseFinishedCallback)
    [Anonymous Symbol]                       0x00008490   Section        0  stm32f4xx_hal_tim.o(.text.HAL_TIM_PeriodElapsedCallback)
    [Anonymous Symbol]                       0x00008492   Section        0  stm32f4xx_hal_tim.o(.text.HAL_TIM_TriggerCallback)
    [Anonymous Symbol]                       0x00008494   Section        0  irq.o(.text.SysTick_Handler)
    [Anonymous Symbol]                       0x00008498   Section        0  system_stm32f4xx.o(.text.SystemInit)
    __arm_cp.0_0                             0x000084d4   Number         4  system_stm32f4xx.o(.text.SystemInit)
    __arm_cp.0_1                             0x000084d8   Number         4  system_stm32f4xx.o(.text.SystemInit)
    __arm_cp.0_2                             0x000084dc   Number         4  system_stm32f4xx.o(.text.SystemInit)
    __arm_cp.0_3                             0x000084e0   Number         4  system_stm32f4xx.o(.text.SystemInit)
    [Anonymous Symbol]                       0x000084e4   Section        0  irq.o(.text.TIM2_IRQHandler)
    [Anonymous Symbol]                       0x000084e8   Section        0  irq.o(.text._Z19TIM2_IRQHandler_cppv)
    __arm_cp.0_0                             0x00008500   Number         4  irq.o(.text._Z19TIM2_IRQHandler_cppv)
    __arm_cp.0_1                             0x00008504   Number         4  irq.o(.text._Z19TIM2_IRQHandler_cppv)
    [Anonymous Symbol]                       0x00008508   Section        0  main.o(.text.main)
    $v0                                      0x0000850a   Number         0  fpinit.o(x$fpl$fpinit)
    x$fpl$fpinit                             0x0000850a   Section       26  fpinit.o(x$fpl$fpinit)
    [Anonymous Symbol]                       0x00008534   Section        0  stm32f4xx_hal.o(.data..L_MergedGlobals)
    .bss                                     0x00008540   Section       96  libspace.o(.bss)
    Heap_Mem                                 0x000085e8   Data         512  startup_stm32f446xx.o(HEAP)
    HEAP                                     0x000085e8   Section      512  startup_stm32f446xx.o(HEAP)
    Stack_Mem                                0x000087e8   Data        1024  startup_stm32f446xx.o(STACK)
    STACK                                    0x000087e8   Section     1024  startup_stm32f446xx.o(STACK)
    __initial_sp                             0x00008be8   Data           0  startup_stm32f446xx.o(STACK)

    Global Symbols

    Symbol Name                              Value     Ov Type        Size  Object(Section)

    BuildAttributes$$THM_ISAv4$E$P$D$K$B$S$7EM$VFPi3$EXTD16$VFPS$VFMA$PE$A:L22UL41UL21$X:L11$S22US41US21$IEEE1$IW$~IW$USESV6$~STKCKD$USESV7$~SHL$OSPACE$ROPI$EBA8$UX$STANDARDLIB$REQ8$PRES8$EABIv2 0x00000000   Number         0  anon$$obj.o ABSOLUTE
    __ARM_exceptions_init                     - Undefined Weak Reference
    __alloca_initialize                       - Undefined Weak Reference
    __arm_preinit_                            - Undefined Weak Reference
    __cpp_initialize__aeabi_                  - Undefined Weak Reference
    __cxa_finalize                            - Undefined Weak Reference
    __rt_locale                               - Undefined Weak Reference
    __sigvec_lookup                           - Undefined Weak Reference
    _atexit_init                              - Undefined Weak Reference
    _call_atexit_fns                          - Undefined Weak Reference
    _clock_init                               - Undefined Weak Reference
    _fp_trap_init                             - Undefined Weak Reference
    _fp_trap_shutdown                         - Undefined Weak Reference
    _get_lc_collate                           - Undefined Weak Reference
    _get_lc_ctype                             - Undefined Weak Reference
    _get_lc_monetary                          - Undefined Weak Reference
    _get_lc_numeric                           - Undefined Weak Reference
    _get_lc_time                              - Undefined Weak Reference
    _getenv_init                              - Undefined Weak Reference
    _handle_redirection                       - Undefined Weak Reference
    _init_alloc                               - Undefined Weak Reference
    _init_user_alloc                          - Undefined Weak Reference
    _initio                                   - Undefined Weak Reference
    _rand_init                                - Undefined Weak Reference
    _signal_finish                            - Undefined Weak Reference
    _signal_init                              - Undefined Weak Reference
    _terminate_alloc                          - Undefined Weak Reference
    _terminate_user_alloc                     - Undefined Weak Reference
    _terminateio                              - Undefined Weak Reference
    __Vectors_Size                           0x000001c4   Number         0  startup_stm32f446xx.o ABSOLUTE
    __Vectors                                0x00008000   Data           4  startup_stm32f446xx.o(RESET)
    __Vectors_End                            0x000081c4   Data           0  startup_stm32f446xx.o(RESET)
    __main                                   0x000081c5   Thumb Code     8  __main.o(!!!main)
    __scatterload                            0x000081cd   Thumb Code     0  __scatter.o(!!!scatter)
    __scatterload_rt2                        0x000081cd   Thumb Code    44  __scatter.o(!!!scatter)
    __scatterload_rt2_thumb_only             0x000081cd   Thumb Code     0  __scatter.o(!!!scatter)
    __scatterload_null                       0x000081db   Thumb Code     0  __scatter.o(!!!scatter)
    __scatterload_zeroinit                   0x00008201   Thumb Code    28  __scatter_zi.o(!!handler_zi)
    __rt_lib_init                            0x0000821d   Thumb Code     0  libinit.o(.ARM.Collect$$libinit$$00000000)
    __rt_lib_init_fp_1                       0x0000821f   Thumb Code     0  libinit2.o(.ARM.Collect$$libinit$$00000001)
    __rt_lib_init_alloca_1                   0x00008223   Thumb Code     0  libinit2.o(.ARM.Collect$$libinit$$0000002E)
    __rt_lib_init_argv_1                     0x00008223   Thumb Code     0  libinit2.o(.ARM.Collect$$libinit$$0000002C)
    __rt_lib_init_atexit_1                   0x00008223   Thumb Code     0  libinit2.o(.ARM.Collect$$libinit$$0000001B)
    __rt_lib_init_clock_1                    0x00008223   Thumb Code     0  libinit2.o(.ARM.Collect$$libinit$$00000021)
    __rt_lib_init_cpp_1                      0x00008223   Thumb Code     0  libinit2.o(.ARM.Collect$$libinit$$00000032)
    __rt_lib_init_exceptions_1               0x00008223   Thumb Code     0  libinit2.o(.ARM.Collect$$libinit$$00000030)
    __rt_lib_init_fp_trap_1                  0x00008223   Thumb Code     0  libinit2.o(.ARM.Collect$$libinit$$0000001F)
    __rt_lib_init_getenv_1                   0x00008223   Thumb Code     0  libinit2.o(.ARM.Collect$$libinit$$00000023)
    __rt_lib_init_heap_1                     0x00008223   Thumb Code     0  libinit2.o(.ARM.Collect$$libinit$$0000000A)
    __rt_lib_init_lc_collate_1               0x00008223   Thumb Code     0  libinit2.o(.ARM.Collect$$libinit$$00000011)
    __rt_lib_init_lc_ctype_1                 0x00008223   Thumb Code     0  libinit2.o(.ARM.Collect$$libinit$$00000013)
    __rt_lib_init_lc_monetary_1              0x00008223   Thumb Code     0  libinit2.o(.ARM.Collect$$libinit$$00000015)
    __rt_lib_init_lc_numeric_1               0x00008223   Thumb Code     0  libinit2.o(.ARM.Collect$$libinit$$00000017)
    __rt_lib_init_lc_time_1                  0x00008223   Thumb Code     0  libinit2.o(.ARM.Collect$$libinit$$00000019)
    __rt_lib_init_preinit_1                  0x00008223   Thumb Code     0  libinit2.o(.ARM.Collect$$libinit$$00000004)
    __rt_lib_init_rand_1                     0x00008223   Thumb Code     0  libinit2.o(.ARM.Collect$$libinit$$0000000E)
    __rt_lib_init_return                     0x00008223   Thumb Code     0  libinit2.o(.ARM.Collect$$libinit$$00000033)
    __rt_lib_init_signal_1                   0x00008223   Thumb Code     0  libinit2.o(.ARM.Collect$$libinit$$0000001D)
    __rt_lib_init_stdio_1                    0x00008223   Thumb Code     0  libinit2.o(.ARM.Collect$$libinit$$00000025)
    __rt_lib_init_user_alloc_1               0x00008223   Thumb Code     0  libinit2.o(.ARM.Collect$$libinit$$0000000C)
    __rt_lib_shutdown                        0x00008225   Thumb Code     0  libshutdown.o(.ARM.Collect$$libshutdown$$00000000)
    __rt_lib_shutdown_cpp_1                  0x00008227   Thumb Code     0  libshutdown2.o(.ARM.Collect$$libshutdown$$00000002)
    __rt_lib_shutdown_fp_trap_1              0x00008227   Thumb Code     0  libshutdown2.o(.ARM.Collect$$libshutdown$$00000007)
    __rt_lib_shutdown_heap_1                 0x00008227   Thumb Code     0  libshutdown2.o(.ARM.Collect$$libshutdown$$0000000F)
    __rt_lib_shutdown_return                 0x00008227   Thumb Code     0  libshutdown2.o(.ARM.Collect$$libshutdown$$00000010)
    __rt_lib_shutdown_signal_1               0x00008227   Thumb Code     0  libshutdown2.o(.ARM.Collect$$libshutdown$$0000000A)
    __rt_lib_shutdown_stdio_1                0x00008227   Thumb Code     0  libshutdown2.o(.ARM.Collect$$libshutdown$$00000004)
    __rt_lib_shutdown_user_alloc_1           0x00008227   Thumb Code     0  libshutdown2.o(.ARM.Collect$$libshutdown$$0000000C)
    __rt_entry                               0x00008229   Thumb Code     0  __rtentry.o(.ARM.Collect$$rtentry$$00000000)
    __rt_entry_presh_1                       0x00008229   Thumb Code     0  __rtentry2.o(.ARM.Collect$$rtentry$$00000002)
    __rt_entry_sh                            0x00008229   Thumb Code     0  __rtentry4.o(.ARM.Collect$$rtentry$$00000004)
    __rt_entry_li                            0x0000822f   Thumb Code     0  __rtentry2.o(.ARM.Collect$$rtentry$$0000000A)
    __rt_entry_postsh_1                      0x0000822f   Thumb Code     0  __rtentry2.o(.ARM.Collect$$rtentry$$00000009)
    __rt_entry_main                          0x00008233   Thumb Code     0  __rtentry2.o(.ARM.Collect$$rtentry$$0000000D)
    __rt_entry_postli_1                      0x00008233   Thumb Code     0  __rtentry2.o(.ARM.Collect$$rtentry$$0000000C)
    __rt_exit                                0x0000823b   Thumb Code     0  rtexit.o(.ARM.Collect$$rtexit$$00000000)
    __rt_exit_ls                             0x0000823d   Thumb Code     0  rtexit2.o(.ARM.Collect$$rtexit$$00000003)
    __rt_exit_prels_1                        0x0000823d   Thumb Code     0  rtexit2.o(.ARM.Collect$$rtexit$$00000002)
    __rt_exit_exit                           0x00008241   Thumb Code     0  rtexit2.o(.ARM.Collect$$rtexit$$00000004)
    Reset_Handler                            0x00008249   Thumb Code     8  startup_stm32f446xx.o(.text)
    NMI_Handler                              0x00008251   Thumb Code     2  startup_stm32f446xx.o(.text)
    HardFault_Handler                        0x00008253   Thumb Code     2  startup_stm32f446xx.o(.text)
    MemManage_Handler                        0x00008255   Thumb Code     2  startup_stm32f446xx.o(.text)
    BusFault_Handler                         0x00008257   Thumb Code     2  startup_stm32f446xx.o(.text)
    UsageFault_Handler                       0x00008259   Thumb Code     2  startup_stm32f446xx.o(.text)
    SVC_Handler                              0x0000825b   Thumb Code     2  startup_stm32f446xx.o(.text)
    DebugMon_Handler                         0x0000825d   Thumb Code     2  startup_stm32f446xx.o(.text)
    PendSV_Handler                           0x0000825f   Thumb Code     2  startup_stm32f446xx.o(.text)
    ADC_IRQHandler                           0x00008263   Thumb Code     0  startup_stm32f446xx.o(.text)
    CAN1_RX0_IRQHandler                      0x00008263   Thumb Code     0  startup_stm32f446xx.o(.text)
    CAN1_RX1_IRQHandler                      0x00008263   Thumb Code     0  startup_stm32f446xx.o(.text)
    CAN1_SCE_IRQHandler                      0x00008263   Thumb Code     0  startup_stm32f446xx.o(.text)
    CAN1_TX_IRQHandler                       0x00008263   Thumb Code     0  startup_stm32f446xx.o(.text)
    CAN2_RX0_IRQHandler                      0x00008263   Thumb Code     0  startup_stm32f446xx.o(.text)
    CAN2_RX1_IRQHandler                      0x00008263   Thumb Code     0  startup_stm32f446xx.o(.text)
    CAN2_SCE_IRQHandler                      0x00008263   Thumb Code     0  startup_stm32f446xx.o(.text)
    CAN2_TX_IRQHandler                       0x00008263   Thumb Code     0  startup_stm32f446xx.o(.text)
    CEC_IRQHandler                           0x00008263   Thumb Code     0  startup_stm32f446xx.o(.text)
    DCMI_IRQHandler                          0x00008263   Thumb Code     0  startup_stm32f446xx.o(.text)
    DMA1_Stream0_IRQHandler                  0x00008263   Thumb Code     0  startup_stm32f446xx.o(.text)
    DMA1_Stream1_IRQHandler                  0x00008263   Thumb Code     0  startup_stm32f446xx.o(.text)
    DMA1_Stream2_IRQHandler                  0x00008263   Thumb Code     0  startup_stm32f446xx.o(.text)
    DMA1_Stream3_IRQHandler                  0x00008263   Thumb Code     0  startup_stm32f446xx.o(.text)
    DMA1_Stream4_IRQHandler                  0x00008263   Thumb Code     0  startup_stm32f446xx.o(.text)
    DMA1_Stream5_IRQHandler                  0x00008263   Thumb Code     0  startup_stm32f446xx.o(.text)
    DMA1_Stream6_IRQHandler                  0x00008263   Thumb Code     0  startup_stm32f446xx.o(.text)
    DMA1_Stream7_IRQHandler                  0x00008263   Thumb Code     0  startup_stm32f446xx.o(.text)
    DMA2_Stream0_IRQHandler                  0x00008263   Thumb Code     0  startup_stm32f446xx.o(.text)
    DMA2_Stream1_IRQHandler                  0x00008263   Thumb Code     0  startup_stm32f446xx.o(.text)
    DMA2_Stream2_IRQHandler                  0x00008263   Thumb Code     0  startup_stm32f446xx.o(.text)
    DMA2_Stream3_IRQHandler                  0x00008263   Thumb Code     0  startup_stm32f446xx.o(.text)
    DMA2_Stream4_IRQHandler                  0x00008263   Thumb Code     0  startup_stm32f446xx.o(.text)
    DMA2_Stream5_IRQHandler                  0x00008263   Thumb Code     0  startup_stm32f446xx.o(.text)
    DMA2_Stream6_IRQHandler                  0x00008263   Thumb Code     0  startup_stm32f446xx.o(.text)
    DMA2_Stream7_IRQHandler                  0x00008263   Thumb Code     0  startup_stm32f446xx.o(.text)
    EXTI0_IRQHandler                         0x00008263   Thumb Code     0  startup_stm32f446xx.o(.text)
    EXTI15_10_IRQHandler                     0x00008263   Thumb Code     0  startup_stm32f446xx.o(.text)
    EXTI1_IRQHandler                         0x00008263   Thumb Code     0  startup_stm32f446xx.o(.text)
    EXTI2_IRQHandler                         0x00008263   Thumb Code     0  startup_stm32f446xx.o(.text)
    EXTI3_IRQHandler                         0x00008263   Thumb Code     0  startup_stm32f446xx.o(.text)
    EXTI4_IRQHandler                         0x00008263   Thumb Code     0  startup_stm32f446xx.o(.text)
    EXTI9_5_IRQHandler                       0x00008263   Thumb Code     0  startup_stm32f446xx.o(.text)
    FLASH_IRQHandler                         0x00008263   Thumb Code     0  startup_stm32f446xx.o(.text)
    FMC_IRQHandler                           0x00008263   Thumb Code     0  startup_stm32f446xx.o(.text)
    FPU_IRQHandler                           0x00008263   Thumb Code     0  startup_stm32f446xx.o(.text)
    I2C1_ER_IRQHandler                       0x00008263   Thumb Code     0  startup_stm32f446xx.o(.text)
    I2C1_EV_IRQHandler                       0x00008263   Thumb Code     0  startup_stm32f446xx.o(.text)
    I2C2_ER_IRQHandler                       0x00008263   Thumb Code     0  startup_stm32f446xx.o(.text)
    I2C2_EV_IRQHandler                       0x00008263   Thumb Code     0  startup_stm32f446xx.o(.text)
    I2C3_ER_IRQHandler                       0x00008263   Thumb Code     0  startup_stm32f446xx.o(.text)
    I2C3_EV_IRQHandler                       0x00008263   Thumb Code     0  startup_stm32f446xx.o(.text)
    I2C4_Error_IRQHandler                    0x00008263   Thumb Code     0  startup_stm32f446xx.o(.text)
    I2C4_Event_IRQHandler                    0x00008263   Thumb Code     0  startup_stm32f446xx.o(.text)
    OTG_FS_IRQHandler                        0x00008263   Thumb Code     0  startup_stm32f446xx.o(.text)
    OTG_FS_WKUP_IRQHandler                   0x00008263   Thumb Code     0  startup_stm32f446xx.o(.text)
    OTG_HS_EP1_IN_IRQHandler                 0x00008263   Thumb Code     0  startup_stm32f446xx.o(.text)
    OTG_HS_EP1_OUT_IRQHandler                0x00008263   Thumb Code     0  startup_stm32f446xx.o(.text)
    OTG_HS_IRQHandler                        0x00008263   Thumb Code     0  startup_stm32f446xx.o(.text)
    OTG_HS_WKUP_IRQHandler                   0x00008263   Thumb Code     0  startup_stm32f446xx.o(.text)
    PVD_IRQHandler                           0x00008263   Thumb Code     0  startup_stm32f446xx.o(.text)
    QUADSPI_IRQHandler                       0x00008263   Thumb Code     0  startup_stm32f446xx.o(.text)
    RCC_IRQHandler                           0x00008263   Thumb Code     0  startup_stm32f446xx.o(.text)
    RTC_Alarm_IRQHandler                     0x00008263   Thumb Code     0  startup_stm32f446xx.o(.text)
    RTC_WKUP_IRQHandler                      0x00008263   Thumb Code     0  startup_stm32f446xx.o(.text)
    SAI1_IRQHandler                          0x00008263   Thumb Code     0  startup_stm32f446xx.o(.text)
    SAI2_IRQHandler                          0x00008263   Thumb Code     0  startup_stm32f446xx.o(.text)
    SDIO_IRQHandler                          0x00008263   Thumb Code     0  startup_stm32f446xx.o(.text)
    SPDIF_RX_IRQHandler                      0x00008263   Thumb Code     0  startup_stm32f446xx.o(.text)
    SPI1_IRQHandler                          0x00008263   Thumb Code     0  startup_stm32f446xx.o(.text)
    SPI2_IRQHandler                          0x00008263   Thumb Code     0  startup_stm32f446xx.o(.text)
    SPI3_IRQHandler                          0x00008263   Thumb Code     0  startup_stm32f446xx.o(.text)
    SPI4_IRQHandler                          0x00008263   Thumb Code     0  startup_stm32f446xx.o(.text)
    TAMP_STAMP_IRQHandler                    0x00008263   Thumb Code     0  startup_stm32f446xx.o(.text)
    TIM1_BRK_TIM9_IRQHandler                 0x00008263   Thumb Code     0  startup_stm32f446xx.o(.text)
    TIM1_CC_IRQHandler                       0x00008263   Thumb Code     0  startup_stm32f446xx.o(.text)
    TIM1_TRG_COM_TIM11_IRQHandler            0x00008263   Thumb Code     0  startup_stm32f446xx.o(.text)
    TIM1_UP_TIM10_IRQHandler                 0x00008263   Thumb Code     0  startup_stm32f446xx.o(.text)
    TIM3_IRQHandler                          0x00008263   Thumb Code     0  startup_stm32f446xx.o(.text)
    TIM4_IRQHandler                          0x00008263   Thumb Code     0  startup_stm32f446xx.o(.text)
    TIM5_IRQHandler                          0x00008263   Thumb Code     0  startup_stm32f446xx.o(.text)
    TIM6_DAC_IRQHandler                      0x00008263   Thumb Code     0  startup_stm32f446xx.o(.text)
    TIM7_IRQHandler                          0x00008263   Thumb Code     0  startup_stm32f446xx.o(.text)
    TIM8_BRK_TIM12_IRQHandler                0x00008263   Thumb Code     0  startup_stm32f446xx.o(.text)
    TIM8_CC_IRQHandler                       0x00008263   Thumb Code     0  startup_stm32f446xx.o(.text)
    TIM8_TRG_COM_TIM14_IRQHandler            0x00008263   Thumb Code     0  startup_stm32f446xx.o(.text)
    TIM8_UP_TIM13_IRQHandler                 0x00008263   Thumb Code     0  startup_stm32f446xx.o(.text)
    UART4_IRQHandler                         0x00008263   Thumb Code     0  startup_stm32f446xx.o(.text)
    UART5_IRQHandler                         0x00008263   Thumb Code     0  startup_stm32f446xx.o(.text)
    USART1_IRQHandler                        0x00008263   Thumb Code     0  startup_stm32f446xx.o(.text)
    USART2_IRQHandler                        0x00008263   Thumb Code     0  startup_stm32f446xx.o(.text)
    USART3_IRQHandler                        0x00008263   Thumb Code     0  startup_stm32f446xx.o(.text)
    USART6_IRQHandler                        0x00008263   Thumb Code     0  startup_stm32f446xx.o(.text)
    WWDG_IRQHandler                          0x00008263   Thumb Code     0  startup_stm32f446xx.o(.text)
    __user_initial_stackheap                 0x00008265   Thumb Code     0  startup_stm32f446xx.o(.text)
    __use_two_region_memory                  0x00008289   Thumb Code     2  heapauxi.o(.text)
    __rt_heap_escrow$2region                 0x0000828b   Thumb Code     2  heapauxi.o(.text)
    __rt_heap_expand$2region                 0x0000828d   Thumb Code     2  heapauxi.o(.text)
    __user_setup_stackheap                   0x0000828f   Thumb Code    74  sys_stackheap_outer.o(.text)
    exit                                     0x000082d9   Thumb Code    18  exit.o(.text)
    __user_libspace                          0x000082ed   Thumb Code     8  libspace.o(.text)
    __user_perproc_libspace                  0x000082ed   Thumb Code     0  libspace.o(.text)
    __user_perthread_libspace                0x000082ed   Thumb Code     0  libspace.o(.text)
    _sys_exit                                0x000082f5   Thumb Code     8  sys_exit.o(.text)
    __I$use$semihosting                      0x00008301   Thumb Code     0  use_no_semi.o(.text)
    __use_no_semihosting_swi                 0x00008301   Thumb Code     2  use_no_semi.o(.text)
    __semihosting_library_function           0x00008303   Thumb Code     0  indicate_semi.o(.text)
    HAL_IncTick                              0x00008305   Thumb Code    24  stm32f4xx_hal.o(.text.HAL_IncTick)
    HAL_TIMEx_BreakCallback                  0x0000831d   Thumb Code     2  stm32f4xx_hal_tim_ex.o(.text.HAL_TIMEx_BreakCallback)
    HAL_TIMEx_CommutationCallback            0x0000831f   Thumb Code     2  stm32f4xx_hal_tim_ex.o(.text.HAL_TIMEx_CommutationCallback)
    HAL_TIM_IC_CaptureCallback               0x00008321   Thumb Code     2  stm32f4xx_hal_tim.o(.text.HAL_TIM_IC_CaptureCallback)
    HAL_TIM_IRQHandler                       0x00008323   Thumb Code   362  stm32f4xx_hal_tim.o(.text.HAL_TIM_IRQHandler)
    HAL_TIM_OC_DelayElapsedCallback          0x0000848d   Thumb Code     2  stm32f4xx_hal_tim.o(.text.HAL_TIM_OC_DelayElapsedCallback)
    HAL_TIM_PWM_PulseFinishedCallback        0x0000848f   Thumb Code     2  stm32f4xx_hal_tim.o(.text.HAL_TIM_PWM_PulseFinishedCallback)
    HAL_TIM_PeriodElapsedCallback            0x00008491   Thumb Code     2  stm32f4xx_hal_tim.o(.text.HAL_TIM_PeriodElapsedCallback)
    HAL_TIM_TriggerCallback                  0x00008493   Thumb Code     2  stm32f4xx_hal_tim.o(.text.HAL_TIM_TriggerCallback)
    SysTick_Handler                          0x00008495   Thumb Code     4  irq.o(.text.SysTick_Handler)
    SystemInit                               0x00008499   Thumb Code    76  system_stm32f4xx.o(.text.SystemInit)
    TIM2_IRQHandler                          0x000084e5   Thumb Code     4  irq.o(.text.TIM2_IRQHandler)
    TIM2_IRQHandler_cpp()                    0x000084e9   Thumb Code    32  irq.o(.text._Z19TIM2_IRQHandler_cppv)
    main                                     0x00008509   Thumb Code     2  main.o(.text.main)
    _fp_init                                 0x0000850b   Thumb Code    26  fpinit.o(x$fpl$fpinit)
    __fplib_config_fpu_vfp                   0x00008523   Thumb Code     0  fpinit.o(x$fpl$fpinit)
    __fplib_config_pureend_doubles           0x00008523   Thumb Code     0  fpinit.o(x$fpl$fpinit)
    Region$$Table$$Base                      0x00008524   Number         0  anon$$obj.o(Region$$Table)
    Region$$Table$$Limit                     0x00008534   Number         0  anon$$obj.o(Region$$Table)
    uwTickFreq                               0x00008534   Data           1  stm32f4xx_hal.o(.data..L_MergedGlobals)
    uwTickPrio                               0x00008538   Data           4  stm32f4xx_hal.o(.data..L_MergedGlobals)
    __libspace_start                         0x00008540   Data          96  libspace.o(.bss)
    IRQ_objects::sample_tick                 0x000085a0   Data           8  irq_objects.o(.bss._ZN11IRQ_objects11sample_tickE)
    __temporary_stack_top$libspace           0x000085a0   Data           0  libspace.o(.bss)
    Tim::htim2                               0x000085a8   Data          60  tim.o(.bss._ZN3Tim5htim2E)
    uwTick                                   0x000085e4   Data           4  stm32f4xx_hal.o(.bss.uwTick)



==============================================================================

Memory Map of the image

  Image Entry point : 0x00008249

  Load Region LR_1 (Base: 0x00008000, Size: 0x0000053c, Max: 0xffffffff, ABSOLUTE)

    Execution Region ER_RO (Exec base: 0x00008000, Load base: 0x00008000, Size: 0x00000534, Max: 0xffffffff, ABSOLUTE)

    Exec Addr    Load Addr    Size         Type   Attr      Idx    E Section Name        Object

    0x00008000   0x00008000   0x000001c4   Data   RO          924    RESET               startup_stm32f446xx.o
    0x000081c4   0x000081c4   0x00000008   Code   RO          955  * !!!main             c_w.l(__main.o)
    0x000081cc   0x000081cc   0x00000034   Code   RO         1128    !!!scatter          c_w.l(__scatter.o)
    0x00008200   0x00008200   0x0000001c   Code   RO         1130    !!handler_zi        c_w.l(__scatter_zi.o)
    0x0000821c   0x0000821c   0x00000002   Code   RO          992    .ARM.Collect$$libinit$$00000000  c_w.l(libinit.o)
    0x0000821e   0x0000821e   0x00000004   Code   RO         1004    .ARM.Collect$$libinit$$00000001  c_w.l(libinit2.o)
    0x00008222   0x00008222   0x00000000   Code   RO         1007    .ARM.Collect$$libinit$$00000004  c_w.l(libinit2.o)
    0x00008222   0x00008222   0x00000000   Code   RO         1010    .ARM.Collect$$libinit$$0000000A  c_w.l(libinit2.o)
    0x00008222   0x00008222   0x00000000   Code   RO         1012    .ARM.Collect$$libinit$$0000000C  c_w.l(libinit2.o)
    0x00008222   0x00008222   0x00000000   Code   RO         1014    .ARM.Collect$$libinit$$0000000E  c_w.l(libinit2.o)
    0x00008222   0x00008222   0x00000000   Code   RO         1017    .ARM.Collect$$libinit$$00000011  c_w.l(libinit2.o)
    0x00008222   0x00008222   0x00000000   Code   RO         1019    .ARM.Collect$$libinit$$00000013  c_w.l(libinit2.o)
    0x00008222   0x00008222   0x00000000   Code   RO         1021    .ARM.Collect$$libinit$$00000015  c_w.l(libinit2.o)
    0x00008222   0x00008222   0x00000000   Code   RO         1023    .ARM.Collect$$libinit$$00000017  c_w.l(libinit2.o)
    0x00008222   0x00008222   0x00000000   Code   RO         1025    .ARM.Collect$$libinit$$00000019  c_w.l(libinit2.o)
    0x00008222   0x00008222   0x00000000   Code   RO         1027    .ARM.Collect$$libinit$$0000001B  c_w.l(libinit2.o)
    0x00008222   0x00008222   0x00000000   Code   RO         1029    .ARM.Collect$$libinit$$0000001D  c_w.l(libinit2.o)
    0x00008222   0x00008222   0x00000000   Code   RO         1031    .ARM.Collect$$libinit$$0000001F  c_w.l(libinit2.o)
    0x00008222   0x00008222   0x00000000   Code   RO         1033    .ARM.Collect$$libinit$$00000021  c_w.l(libinit2.o)
    0x00008222   0x00008222   0x00000000   Code   RO         1035    .ARM.Collect$$libinit$$00000023  c_w.l(libinit2.o)
    0x00008222   0x00008222   0x00000000   Code   RO         1037    .ARM.Collect$$libinit$$00000025  c_w.l(libinit2.o)
    0x00008222   0x00008222   0x00000000   Code   RO         1041    .ARM.Collect$$libinit$$0000002C  c_w.l(libinit2.o)
    0x00008222   0x00008222   0x00000000   Code   RO         1043    .ARM.Collect$$libinit$$0000002E  c_w.l(libinit2.o)
    0x00008222   0x00008222   0x00000000   Code   RO         1045    .ARM.Collect$$libinit$$00000030  c_w.l(libinit2.o)
    0x00008222   0x00008222   0x00000000   Code   RO         1047    .ARM.Collect$$libinit$$00000032  c_w.l(libinit2.o)
    0x00008222   0x00008222   0x00000002   Code   RO         1048    .ARM.Collect$$libinit$$00000033  c_w.l(libinit2.o)
    0x00008224   0x00008224   0x00000002   Code   RO         1083    .ARM.Collect$$libshutdown$$00000000  c_w.l(libshutdown.o)
    0x00008226   0x00008226   0x00000000   Code   RO         1111    .ARM.Collect$$libshutdown$$00000002  c_w.l(libshutdown2.o)
    0x00008226   0x00008226   0x00000000   Code   RO         1113    .ARM.Collect$$libshutdown$$00000004  c_w.l(libshutdown2.o)
    0x00008226   0x00008226   0x00000000   Code   RO         1116    .ARM.Collect$$libshutdown$$00000007  c_w.l(libshutdown2.o)
    0x00008226   0x00008226   0x00000000   Code   RO         1119    .ARM.Collect$$libshutdown$$0000000A  c_w.l(libshutdown2.o)
    0x00008226   0x00008226   0x00000000   Code   RO         1121    .ARM.Collect$$libshutdown$$0000000C  c_w.l(libshutdown2.o)
    0x00008226   0x00008226   0x00000000   Code   RO         1124    .ARM.Collect$$libshutdown$$0000000F  c_w.l(libshutdown2.o)
    0x00008226   0x00008226   0x00000002   Code   RO         1125    .ARM.Collect$$libshutdown$$00000010  c_w.l(libshutdown2.o)
    0x00008228   0x00008228   0x00000000   Code   RO          957    .ARM.Collect$$rtentry$$00000000  c_w.l(__rtentry.o)
    0x00008228   0x00008228   0x00000000   Code   RO          963    .ARM.Collect$$rtentry$$00000002  c_w.l(__rtentry2.o)
    0x00008228   0x00008228   0x00000006   Code   RO          975    .ARM.Collect$$rtentry$$00000004  c_w.l(__rtentry4.o)
    0x0000822e   0x0000822e   0x00000000   Code   RO          965    .ARM.Collect$$rtentry$$00000009  c_w.l(__rtentry2.o)
    0x0000822e   0x0000822e   0x00000004   Code   RO          966    .ARM.Collect$$rtentry$$0000000A  c_w.l(__rtentry2.o)
    0x00008232   0x00008232   0x00000000   Code   RO          968    .ARM.Collect$$rtentry$$0000000C  c_w.l(__rtentry2.o)
    0x00008232   0x00008232   0x00000008   Code   RO          969    .ARM.Collect$$rtentry$$0000000D  c_w.l(__rtentry2.o)
    0x0000823a   0x0000823a   0x00000002   Code   RO          996    .ARM.Collect$$rtexit$$00000000  c_w.l(rtexit.o)
    0x0000823c   0x0000823c   0x00000000   Code   RO         1054    .ARM.Collect$$rtexit$$00000002  c_w.l(rtexit2.o)
    0x0000823c   0x0000823c   0x00000004   Code   RO         1055    .ARM.Collect$$rtexit$$00000003  c_w.l(rtexit2.o)
    0x00008240   0x00008240   0x00000006   Code   RO         1056    .ARM.Collect$$rtexit$$00000004  c_w.l(rtexit2.o)
    0x00008246   0x00008246   0x00000002   PAD
    0x00008248   0x00008248   0x00000040   Code   RO          925  * .text               startup_stm32f446xx.o
    0x00008288   0x00008288   0x00000006   Code   RO          953    .text               c_w.l(heapauxi.o)
    0x0000828e   0x0000828e   0x0000004a   Code   RO          979    .text               c_w.l(sys_stackheap_outer.o)
    0x000082d8   0x000082d8   0x00000012   Code   RO          981    .text               c_w.l(exit.o)
    0x000082ea   0x000082ea   0x00000002   PAD
    0x000082ec   0x000082ec   0x00000008   Code   RO          993    .text               c_w.l(libspace.o)
    0x000082f4   0x000082f4   0x0000000c   Code   RO         1049    .text               c_w.l(sys_exit.o)
    0x00008300   0x00008300   0x00000002   Code   RO         1072    .text               c_w.l(use_no_semi.o)
    0x00008302   0x00008302   0x00000000   Code   RO         1074    .text               c_w.l(indicate_semi.o)
    0x00008302   0x00008302   0x00000002   PAD
    0x00008304   0x00008304   0x00000018   Code   RO          130    .text.HAL_IncTick   stm32f4xx_hal.o
    0x0000831c   0x0000831c   0x00000002   Code   RO          910    .text.HAL_TIMEx_BreakCallback  stm32f4xx_hal_tim_ex.o
    0x0000831e   0x0000831e   0x00000002   Code   RO          908    .text.HAL_TIMEx_CommutationCallback  stm32f4xx_hal_tim_ex.o
    0x00008320   0x00008320   0x00000002   Code   RO          757    .text.HAL_TIM_IC_CaptureCallback  stm32f4xx_hal_tim.o
    0x00008322   0x00008322   0x0000016a   Code   RO          755    .text.HAL_TIM_IRQHandler  stm32f4xx_hal_tim.o
    0x0000848c   0x0000848c   0x00000002   Code   RO          759    .text.HAL_TIM_OC_DelayElapsedCallback  stm32f4xx_hal_tim.o
    0x0000848e   0x0000848e   0x00000002   Code   RO          761    .text.HAL_TIM_PWM_PulseFinishedCallback  stm32f4xx_hal_tim.o
    0x00008490   0x00008490   0x00000002   Code   RO          763    .text.HAL_TIM_PeriodElapsedCallback  stm32f4xx_hal_tim.o
    0x00008492   0x00008492   0x00000002   Code   RO          765    .text.HAL_TIM_TriggerCallback  stm32f4xx_hal_tim.o
    0x00008494   0x00008494   0x00000004   Code   RO           61    .text.SysTick_Handler  irq.o
    0x00008498   0x00008498   0x0000004c   Code   RO          932    .text.SystemInit    system_stm32f4xx.o
    0x000084e4   0x000084e4   0x00000004   Code   RO           63    .text.TIM2_IRQHandler  irq.o
    0x000084e8   0x000084e8   0x00000020   Code   RO           59    .text._Z19TIM2_IRQHandler_cppv  irq.o
    0x00008508   0x00008508   0x00000002   Code   RO            2    .text.main          main.o
    0x0000850a   0x0000850a   0x0000001a   Code   RO         1066    x$fpl$fpinit        fz_wm.l(fpinit.o)
    0x00008524   0x00008524   0x00000010   Data   RO         1127    Region$$Table       anon$$obj.o


    Execution Region ER_RW (Exec base: 0x00008534, Load base: 0x00008534, Size: 0x00000008, Max: 0xffffffff, ABSOLUTE)

    Exec Addr    Load Addr    Size         Type   Attr      Idx    E Section Name        Object

    0x00008534   0x00008534   0x00000008   Data   RW          171    .data..L_MergedGlobals  stm32f4xx_hal.o


    Execution Region ER_ZI (Exec base: 0x00008540, Load base: 0x0000853c, Size: 0x000006a8, Max: 0xffffffff, ABSOLUTE)

    Exec Addr    Load Addr    Size         Type   Attr      Idx    E Section Name        Object

    0x00008540        -       0x00000060   Zero   RW          994    .bss                c_w.l(libspace.o)
    0x000085a0        -       0x00000008   Zero   RW           74    .bss._ZN11IRQ_objects11sample_tickE  irq_objects.o
    0x000085a8        -       0x0000003c   Zero   RW           37    .bss._ZN3Tim5htim2E  tim.o
    0x000085e4        -       0x00000004   Zero   RW          170    .bss.uwTick         stm32f4xx_hal.o
    0x000085e8        -       0x00000200   Zero   RW          923    HEAP                startup_stm32f446xx.o
    0x000087e8        -       0x00000400   Zero   RW          922    STACK               startup_stm32f446xx.o


==============================================================================

Image component sizes


      Code (inc. data)   RO Data    RW Data    ZI Data      Debug   Object Name

        40          8          0          0          0       5007   irq.o
         0          0          0          0          8       4894   irq_objects.o
         2          0          0          0          0        351   main.o
        64         26        452          0       1536        868   startup_stm32f446xx.o
        24          8          0          8          4       7549   stm32f4xx_hal.o
       372          0          0          0          0      33344   stm32f4xx_hal_tim.o
         4          0          0          0          0      14136   stm32f4xx_hal_tim_ex.o
        76         16          0          0          0       2800   system_stm32f4xx.o
         0          0          0          0         60       9397   tim.o

    ----------------------------------------------------------------------
       582         58        468          8       1608      78346   Object Totals
         0          0         16          0          0          0   (incl. Generated)
         0          0          0          0          0          0   (incl. Padding)

    ----------------------------------------------------------------------

      Code (inc. data)   RO Data    RW Data    ZI Data      Debug   Library Member Name

         8          0          0          0          0         68   __main.o
         0          0          0          0          0          0   __rtentry.o
        12          0          0          0          0          0   __rtentry2.o
         6          0          0          0          0          0   __rtentry4.o
        52          8          0          0          0          0   __scatter.o
        28          0          0          0          0          0   __scatter_zi.o
        18          0          0          0          0         80   exit.o
         6          0          0          0          0        152   heapauxi.o
         0          0          0          0          0          0   indicate_semi.o
         2          0          0          0          0          0   libinit.o
         6          0          0          0          0          0   libinit2.o
         2          0          0          0          0          0   libshutdown.o
         2          0          0          0          0          0   libshutdown2.o
         8          4          0          0         96         68   libspace.o
         2          0          0          0          0          0   rtexit.o
        10          0          0          0          0          0   rtexit2.o
        12          4          0          0          0         68   sys_exit.o
        74          0          0          0          0         80   sys_stackheap_outer.o
         2          0          0          0          0         68   use_no_semi.o
        26          0          0          0          0        116   fpinit.o

    ----------------------------------------------------------------------
       282         16          0          0         96        700   Library Totals
         6          0          0          0          0          0   (incl. Padding)

    ----------------------------------------------------------------------

      Code (inc. data)   RO Data    RW Data    ZI Data      Debug   Library Name

       250         16          0          0         96        584   c_w.l
        26          0          0          0          0        116   fz_wm.l

    ----------------------------------------------------------------------
       282         16          0          0         96        700   Library Totals

    ----------------------------------------------------------------------

==============================================================================


      Code (inc. data)   RO Data    RW Data    ZI Data      Debug   

       864         74        468          8       1704      78742   Grand Totals
       864         74        468          8       1704      78742   ELF Image Totals
       864         74        468          8          0          0   ROM Totals

==============================================================================

    Total RO  Size (Code + RO Data)                 1332 (   1.30kB)
    Total RW  Size (RW Data + ZI Data)              1712 (   1.67kB)
    Total ROM Size (Code + RO Data + RW Data)       1340 (   1.31kB)

==============================================================================

