<html>
<body>
<pre>
<h1>µVision Build Log</h1>
<h2>Tool Versions:</h2>
IDE-Version: µVision V5.28.0.0
Copyright (C) 2019 ARM Ltd and ARM Germany GmbH. All rights reserved.
License Information: David New, Home, LIC=----
 
Tool Versions:
Toolchain:       MDK-Lite  Version: 5.28.0.0
Toolchain Path:  C:\Keil_v5\ARM\ARMCLANG\Bin
C Compiler:      ArmClang.exe V6.12
Assembler:       Armasm.exe V6.12
Linker/Locator:  ArmLink.exe V6.12
Library Manager: ArmAr.exe V6.12
Hex Converter:   FromElf.exe V6.12
CPU DLL:         SARMCM3.DLL V5.28.0.0
Dialog DLL:      DCM.DLL V1.17.3.0
Target DLL:      STLink\ST-LINKIII-KEIL_SWO.dll V3.0.6.0
Dialog DLL:      TCM.DLL V1.36.2.0
 
<h2>Project:</h2>
C:\Users\david\Documents\Keil\Synth1\synth1\synth1.uvprojx
Project File Date:  06/27/2019

<h2>Output:</h2>
*** Using Compiler 'V6.12', folder: 'C:\Keil_v5\ARM\ARMCLANG\Bin'
Build target 'Target 1'
Tim.cpp(1): warning: In file included from...
./Tim.h(2): warning: In file included from...
C:/Users/david/AppData/Local/Arm/Packs/Keil/STM32F4xx_DFP/2.13.0/Drivers/STM32F4xx_HAL_Driver/Inc\stm32f4xx_hal.h(46): warning: In file included from...
./RTE/Device/STM32F446RETx\stm32f4xx_hal_conf.h(473): warning: In file included from...
C:/Users/david/AppData/Local/Arm/Packs/Keil/STM32F4xx_DFP/2.13.0/Drivers/STM32F4xx_HAL_Driver/Inc\stm32f4xx_hal_tim.h(292): warning: padding struct 'TIM_HandleTypeDef' with 3 bytes to align 'hdma' [-Wpadded]
  DMA_HandleTypeDef           *hdma[7];      /*!< DMA Handlers array
                               ^
C:/Users/david/AppData/Local/Arm/Packs/Keil/STM32F4xx_DFP/2.13.0/Drivers/STM32F4xx_HAL_Driver/Inc\stm32f4xx_hal_tim.h(287): warning: padding size of 'TIM_HandleTypeDef' with 2 bytes to alignment boundary [-Wpadded]
typedef struct
        ^
Tim.cpp(1): warning: In file included from...
./Tim.h(2): warning: In file included from...
C:/Users/david/AppData/Local/Arm/Packs/Keil/STM32F4xx_DFP/2.13.0/Drivers/STM32F4xx_HAL_Driver/Inc\stm32f4xx_hal.h(46): warning: In file included from...
./RTE/Device/STM32F446RETx\stm32f4xx_hal_conf.h(361): warning: In file included from...
C:/Users/david/AppData/Local/Arm/Packs/Keil/STM32F4xx_DFP/2.13.0/Drivers/STM32F4xx_HAL_Driver/Inc\stm32f4xx_hal_dma.h(165): warning: padding struct '__DMA_HandleTypeDef' with 2 bytes to align 'Parent' [-Wpadded]
  void                       *Parent;                                                          /*!< Parent object state                    */ 
                              ^
3 warnings generated.
compiling Tim.cpp...
compiling Dac.h...
Dac.cpp(1): warning: In file included from...
./Dac.h(4): warning: In file included from...
C:/Users/david/AppData/Local/Arm/Packs/Keil/STM32F4xx_DFP/2.13.0/Drivers/STM32F4xx_HAL_Driver/Inc\stm32f4xx_hal.h(46): warning: In file included from...
./RTE/Device/STM32F446RETx\stm32f4xx_hal_conf.h(393): warning: In file included from...
C:/Users/david/AppData/Local/Arm/Packs/Keil/STM32F4xx_DFP/2.13.0/Drivers/STM32F4xx_HAL_Driver/Inc\stm32f4xx_hal_dac.h(88): warning: padding struct 'DAC_HandleTypeDef' with 2 bytes to align 'DMA_Handle1' [-Wpadded]
  DMA_HandleTypeDef           *DMA_Handle1;  /*!< Pointer DMA handler for channel 1 */
                               ^
Dac.cpp(1): warning: In file included from...
./Dac.h(7): warning: padding size of 'Dac' with 3 bytes to alignment boundary [-Wpadded]
class Dac {
      ^
Dac.cpp(1): warning: In file included from...
./Dac.h(4): warning: In file included from...
C:/Users/david/AppData/Local/Arm/Packs/Keil/STM32F4xx_DFP/2.13.0/Drivers/STM32F4xx_HAL_Driver/Inc\stm32f4xx_hal.h(46): warning: In file included from...
./RTE/Device/STM32F446RETx\stm32f4xx_hal_conf.h(361): warning: In file included from...
C:/Users/david/AppData/Local/Arm/Packs/Keil/STM32F4xx_DFP/2.13.0/Drivers/STM32F4xx_HAL_Driver/Inc\stm32f4xx_hal_dma.h(165): warning: padding struct '__DMA_HandleTypeDef' with 2 bytes to align 'Parent' [-Wpadded]
  void                       *Parent;                                                          /*!< Parent object state                    */ 
                              ^
3 warnings generated.
compiling Dac.cpp...
compiling Tim.h...
compiling Hal.cpp...
compiling Hal.h...
IRQ.cpp(1): warning: In file included from...
./IRQ.h(2): warning: In file included from...
C:/Users/david/AppData/Local/Arm/Packs/Keil/STM32F4xx_DFP/2.13.0/Drivers/STM32F4xx_HAL_Driver/Inc\stm32f4xx_hal.h(46): warning: In file included from...
./RTE/Device/STM32F446RETx\stm32f4xx_hal_conf.h(473): warning: In file included from...
C:/Users/david/AppData/Local/Arm/Packs/Keil/STM32F4xx_DFP/2.13.0/Drivers/STM32F4xx_HAL_Driver/Inc\stm32f4xx_hal_tim.h(292): warning: padding struct 'TIM_HandleTypeDef' with 3 bytes to align 'hdma' [-Wpadded]
  DMA_HandleTypeDef           *hdma[7];      /*!< DMA Handlers array
                               ^
C:/Users/david/AppData/Local/Arm/Packs/Keil/STM32F4xx_DFP/2.13.0/Drivers/STM32F4xx_HAL_Driver/Inc\stm32f4xx_hal_tim.h(287): warning: padding size of 'TIM_HandleTypeDef' with 2 bytes to alignment boundary [-Wpadded]
typedef struct
        ^
IRQ.cpp(1): warning: In file included from...
./IRQ.h(2): warning: In file included from...
C:/Users/david/AppData/Local/Arm/Packs/Keil/STM32F4xx_DFP/2.13.0/Drivers/STM32F4xx_HAL_Driver/Inc\stm32f4xx_hal.h(46): warning: In file included from...
./RTE/Device/STM32F446RETx\stm32f4xx_hal_conf.h(361): warning: In file included from...
C:/Users/david/AppData/Local/Arm/Packs/Keil/STM32F4xx_DFP/2.13.0/Drivers/STM32F4xx_HAL_Driver/Inc\stm32f4xx_hal_dma.h(165): warning: padding struct '__DMA_HandleTypeDef' with 2 bytes to align 'Parent' [-Wpadded]
  void                       *Parent;                                                          /*!< Parent object state                    */ 
                              ^
3 warnings generated.
compiling IRQ.cpp...
compiling IRQ.h...
compiling IRQ_objects.cpp...
compiling IRQ_objects.h...
main.cpp(1): warning: In file included from...
./main.h(1): warning: In file included from...
./Dac.h(4): warning: In file included from...
C:/Users/david/AppData/Local/Arm/Packs/Keil/STM32F4xx_DFP/2.13.0/Drivers/STM32F4xx_HAL_Driver/Inc\stm32f4xx_hal.h(46): warning: In file included from...
./RTE/Device/STM32F446RETx\stm32f4xx_hal_conf.h(393): warning: In file included from...
C:/Users/david/AppData/Local/Arm/Packs/Keil/STM32F4xx_DFP/2.13.0/Drivers/STM32F4xx_HAL_Driver/Inc\stm32f4xx_hal_dac.h(88): warning: padding struct 'DAC_HandleTypeDef' with 2 bytes to align 'DMA_Handle1' [-Wpadded]
  DMA_HandleTypeDef           *DMA_Handle1;  /*!< Pointer DMA handler for channel 1 */
                               ^
main.cpp(1): warning: In file included from...
./main.h(1): warning: In file included from...
./Dac.h(7): warning: padding size of 'Dac' with 3 bytes to alignment boundary [-Wpadded]
class Dac {
      ^
main.cpp(1): warning: In file included from...
./main.h(1): warning: In file included from...
./Dac.h(4): warning: In file included from...
C:/Users/david/AppData/Local/Arm/Packs/Keil/STM32F4xx_DFP/2.13.0/Drivers/STM32F4xx_HAL_Driver/Inc\stm32f4xx_hal.h(46): warning: In file included from...
./RTE/Device/STM32F446RETx\stm32f4xx_hal_conf.h(361): warning: In file included from...
C:/Users/david/AppData/Local/Arm/Packs/Keil/STM32F4xx_DFP/2.13.0/Drivers/STM32F4xx_HAL_Driver/Inc\stm32f4xx_hal_dma.h(165): warning: padding struct '__DMA_HandleTypeDef' with 2 bytes to align 'Parent' [-Wpadded]
  void                       *Parent;                                                          /*!< Parent object state                    */ 
                              ^
main.cpp(75): warning: missing field 'HSEState' initializer [-Wmissing-field-initializers]
  RCC_OscInitTypeDef RCC_OscInitStruct = {0};
                                           ^
main.cpp(76): warning: missing field 'SYSCLKSource' initializer [-Wmissing-field-initializers]
  RCC_ClkInitTypeDef RCC_ClkInitStruct = {0};
                                           ^
5 warnings generated.
compiling main.h...
compiling Wave.h...
compiling Wave.cpp...
C:/Users/david/AppData/Local/Arm/Packs/Keil/STM32F4xx_DFP/2.13.0/Drivers/STM32F4xx_HAL_Driver/Src/stm32f4xx_hal.c(111): warning: no previous extern declaration for non-static variable 'uwTickPrio' [-Wmissing-variable-declarations]
uint32_t uwTickPrio   = (1UL << __NVIC_PRIO_BITS); /* Invalid PRIO */
         ^
C:/Users/david/AppData/Local/Arm/Packs/Keil/STM32F4xx_DFP/2.13.0/Drivers/STM32F4xx_HAL_Driver/Src/stm32f4xx_hal.c(112): warning: no previous extern declaration for non-static variable 'uwTickFreq' [-Wmissing-variable-declarations]
HAL_TickFreqTypeDef uwTickFreq = HAL_TICK_FREQ_DEFAULT;  /* 1KHz */
                    ^
C:/Users/david/AppData/Local/Arm/Packs/Keil/STM32F4xx_DFP/2.13.0/Drivers/STM32F4xx_HAL_Driver/Src/stm32f4xx_hal.c(110): warning: no previous extern declaration for non-static variable 'uwTick' [-Wmissing-variable-declarations]
__IO uint32_t uwTick;
              ^
3 warnings generated.
compiling stm32f4xx_hal.c...
main.cpp(1): warning: In file included from...
./main.h(1): warning: In file included from...
./Dac.h(4): warning: In file included from...
C:/Users/david/AppData/Local/Arm/Packs/Keil/STM32F4xx_DFP/2.13.0/Drivers/STM32F4xx_HAL_Driver/Inc\stm32f4xx_hal.h(46): warning: In file included from...
./RTE/Device/STM32F446RETx\stm32f4xx_hal_conf.h(393): warning: In file included from...
C:/Users/david/AppData/Local/Arm/Packs/Keil/STM32F4xx_DFP/2.13.0/Drivers/STM32F4xx_HAL_Driver/Inc\stm32f4xx_hal_dac.h(88): warning: padding struct 'DAC_HandleTypeDef' with 2 bytes to align 'DMA_Handle1' [-Wpadded]
  DMA_HandleTypeDef           *DMA_Handle1;  /*!< Pointer DMA handler for channel 1 */
                               ^
main.cpp(1): warning: In file included from...
./main.h(1): warning: In file included from...
./Dac.h(7): warning: padding size of 'Dac' with 3 bytes to alignment boundary [-Wpadded]
class Dac {
      ^
main.cpp(1): warning: In file included from...
./main.h(1): warning: In file included from...
./Dac.h(4): warning: In file included from...
C:/Users/david/AppData/Local/Arm/Packs/Keil/STM32F4xx_DFP/2.13.0/Drivers/STM32F4xx_HAL_Driver/Inc\stm32f4xx_hal.h(46): warning: In file included from...
./RTE/Device/STM32F446RETx\stm32f4xx_hal_conf.h(361): warning: In file included from...
C:/Users/david/AppData/Local/Arm/Packs/Keil/STM32F4xx_DFP/2.13.0/Drivers/STM32F4xx_HAL_Driver/Inc\stm32f4xx_hal_dma.h(165): warning: padding struct '__DMA_HandleTypeDef' with 2 bytes to align 'Parent' [-Wpadded]
  void                       *Parent;                                                          /*!< Parent object state                    */ 
                              ^
main.cpp(75): warning: missing field 'HSEState' initializer [-Wmissing-field-initializers]
  RCC_OscInitTypeDef RCC_OscInitStruct = {0};
                                           ^
main.cpp(76): warning: missing field 'SYSCLKSource' initializer [-Wmissing-field-initializers]
  RCC_ClkInitTypeDef RCC_ClkInitStruct = {0};
                                           ^
5 warnings generated.
compiling main.cpp...
C:/Users/david/AppData/Local/Arm/Packs/Keil/STM32F4xx_DFP/2.13.0/Drivers/STM32F4xx_HAL_Driver/Src/stm32f4xx_hal_adc.c(193): warning: In file included from...
C:/Users/david/AppData/Local/Arm/Packs/Keil/STM32F4xx_DFP/2.13.0/Drivers/STM32F4xx_HAL_Driver/Inc\stm32f4xx_hal.h(46): warning: In file included from...
./RTE/Device/STM32F446RETx\stm32f4xx_hal_conf.h(369): warning: In file included from...
C:/Users/david/AppData/Local/Arm/Packs/Keil/STM32F4xx_DFP/2.13.0/Drivers/STM32F4xx_HAL_Driver/Inc\stm32f4xx_hal_adc.h(218): warning: padding struct 'ADC_HandleTypeDef' with 3 bytes to align 'State' [-Wpadded]
  __IO uint32_t                 State;                       /*!< ADC communication state */
                                ^
C:/Users/david/AppData/Local/Arm/Packs/Keil/STM32F4xx_DFP/2.13.0/Drivers/STM32F4xx_HAL_Driver/Src/stm32f4xx_hal_adc.c(193): warning: In file included from...
C:/Users/david/AppData/Local/Arm/Packs/Keil/STM32F4xx_DFP/2.13.0/Drivers/STM32F4xx_HAL_Driver/Inc\stm32f4xx_hal.h(46): warning: In file included from...
./RTE/Device/STM32F446RETx\stm32f4xx_hal_conf.h(361): warning: In file included from...
C:/Users/david/AppData/Local/Arm/Packs/Keil/STM32F4xx_DFP/2.13.0/Drivers/STM32F4xx_HAL_Driver/Inc\stm32f4xx_hal_dma.h(165): warning: padding struct 'struct __DMA_HandleTypeDef' with 2 bytes to align 'Parent' [-Wpadded]
  void                       *Parent;                                                          /*!< Parent object state                    */ 
                              ^
2 warnings generated.
compiling stm32f4xx_hal_adc.c...
C:/Users/david/AppData/Local/Arm/Packs/Keil/STM32F4xx_DFP/2.13.0/Drivers/STM32F4xx_HAL_Driver/Src/stm32f4xx_hal_adc_ex.c(115): warning: In file included from...
C:/Users/david/AppData/Local/Arm/Packs/Keil/STM32F4xx_DFP/2.13.0/Drivers/STM32F4xx_HAL_Driver/Inc\stm32f4xx_hal.h(46): warning: In file included from...
./RTE/Device/STM32F446RETx\stm32f4xx_hal_conf.h(369): warning: In file included from...
C:/Users/david/AppData/Local/Arm/Packs/Keil/STM32F4xx_DFP/2.13.0/Drivers/STM32F4xx_HAL_Driver/Inc\stm32f4xx_hal_adc.h(218): warning: padding struct 'ADC_HandleTypeDef' with 3 bytes to align 'State' [-Wpadded]
  __IO uint32_t                 State;                       /*!< ADC communication state */
                                ^
C:/Users/david/AppData/Local/Arm/Packs/Keil/STM32F4xx_DFP/2.13.0/Drivers/STM32F4xx_HAL_Driver/Src/stm32f4xx_hal_adc_ex.c(115): warning: In file included from...
C:/Users/david/AppData/Local/Arm/Packs/Keil/STM32F4xx_DFP/2.13.0/Drivers/STM32F4xx_HAL_Driver/Inc\stm32f4xx_hal.h(46): warning: In file included from...
./RTE/Device/STM32F446RETx\stm32f4xx_hal_conf.h(361): warning: In file included from...
C:/Users/david/AppData/Local/Arm/Packs/Keil/STM32F4xx_DFP/2.13.0/Drivers/STM32F4xx_HAL_Driver/Inc\stm32f4xx_hal_dma.h(165): warning: padding struct 'struct __DMA_HandleTypeDef' with 2 bytes to align 'Parent' [-Wpadded]
  void                       *Parent;                                                          /*!< Parent object state                    */ 
                              ^
C:/Users/david/AppData/Local/Arm/Packs/Keil/STM32F4xx_DFP/2.13.0/Drivers/STM32F4xx_HAL_Driver/Src/stm32f4xx_hal_adc_ex.c(779): warning: unused parameter 'hadc' [-Wunused-parameter]
uint32_t HAL_ADCEx_MultiModeGetValue(ADC_HandleTypeDef* hadc)
                                                        ^
3 warnings generated.
compiling stm32f4xx_hal_adc_ex.c...
C:/Users/david/AppData/Local/Arm/Packs/Keil/STM32F4xx_DFP/2.13.0/Drivers/STM32F4xx_HAL_Driver/Src/stm32f4xx_hal_cortex.c(233): warning: function 'HAL_NVIC_SystemReset' could be declared with attribute 'noreturn' [-Wmissing-noreturn]
{
^
C:/Users/david/AppData/Local/Arm/Packs/Keil/STM32F4xx_DFP/2.13.0/Drivers/STM32F4xx_HAL_Driver/Src/stm32f4xx_hal_cortex.c(99): warning: In file included from...
C:/Users/david/AppData/Local/Arm/Packs/Keil/STM32F4xx_DFP/2.13.0/Drivers/STM32F4xx_HAL_Driver/Inc\stm32f4xx_hal.h(46): warning: In file included from...
./RTE/Device/STM32F446RETx\stm32f4xx_hal_conf.h(365): warning: In file included from...
C:/Users/david/AppData/Local/Arm/Packs/Keil/STM32F4xx_DFP/2.13.0/Drivers/STM32F4xx_HAL_Driver/Inc\stm32f4xx_hal_cortex.h(70): warning: padding struct 'MPU_Region_InitTypeDef' with 2 bytes to align 'BaseAddress' [-Wpadded]
  uint32_t               BaseAddress;           /*!< Specifies the base address of the region to protect.                           */
                         ^
2 warnings generated.
compiling stm32f4xx_hal_cortex.c...
C:/Users/david/AppData/Local/Arm/Packs/Keil/STM32F4xx_DFP/2.13.0/Drivers/STM32F4xx_HAL_Driver/Src/stm32f4xx_hal_dac.c(171): warning: In file included from...
C:/Users/david/AppData/Local/Arm/Packs/Keil/STM32F4xx_DFP/2.13.0/Drivers/STM32F4xx_HAL_Driver/Inc\stm32f4xx_hal.h(46): warning: In file included from...
./RTE/Device/STM32F446RETx\stm32f4xx_hal_conf.h(393): warning: In file included from...
C:/Users/david/AppData/Local/Arm/Packs/Keil/STM32F4xx_DFP/2.13.0/Drivers/STM32F4xx_HAL_Driver/Inc\stm32f4xx_hal_dac.h(88): warning: padding struct 'DAC_HandleTypeDef' with 2 bytes to align 'DMA_Handle1' [-Wpadded]
  DMA_HandleTypeDef           *DMA_Handle1;  /*!< Pointer DMA handler for channel 1 */
                               ^
C:/Users/david/AppData/Local/Arm/Packs/Keil/STM32F4xx_DFP/2.13.0/Drivers/STM32F4xx_HAL_Driver/Src/stm32f4xx_hal_dac.c(171): warning: In file included from...
C:/Users/david/AppData/Local/Arm/Packs/Keil/STM32F4xx_DFP/2.13.0/Drivers/STM32F4xx_HAL_Driver/Inc\stm32f4xx_hal.h(46): warning: In file included from...
./RTE/Device/STM32F446RETx\stm32f4xx_hal_conf.h(361): warning: In file included from...
C:/Users/david/AppData/Local/Arm/Packs/Keil/STM32F4xx_DFP/2.13.0/Drivers/STM32F4xx_HAL_Driver/Inc\stm32f4xx_hal_dma.h(165): warning: padding struct 'struct __DMA_HandleTypeDef' with 2 bytes to align 'Parent' [-Wpadded]
  void                       *Parent;                                                          /*!< Parent object state                    */ 
                              ^
2 warnings generated.
compiling stm32f4xx_hal_dac.c...
C:/Users/david/AppData/Local/Arm/Packs/Keil/STM32F4xx_DFP/2.13.0/Drivers/STM32F4xx_HAL_Driver/Src/stm32f4xx_hal_dac_ex.c(55): warning: In file included from...
C:/Users/david/AppData/Local/Arm/Packs/Keil/STM32F4xx_DFP/2.13.0/Drivers/STM32F4xx_HAL_Driver/Inc\stm32f4xx_hal.h(46): warning: In file included from...
./RTE/Device/STM32F446RETx\stm32f4xx_hal_conf.h(393): warning: In file included from...
C:/Users/david/AppData/Local/Arm/Packs/Keil/STM32F4xx_DFP/2.13.0/Drivers/STM32F4xx_HAL_Driver/Inc\stm32f4xx_hal_dac.h(88): warning: padding struct 'DAC_HandleTypeDef' with 2 bytes to align 'DMA_Handle1' [-Wpadded]
  DMA_HandleTypeDef           *DMA_Handle1;  /*!< Pointer DMA handler for channel 1 */
                               ^
C:/Users/david/AppData/Local/Arm/Packs/Keil/STM32F4xx_DFP/2.13.0/Drivers/STM32F4xx_HAL_Driver/Src/stm32f4xx_hal_dac_ex.c(55): warning: In file included from...
C:/Users/david/AppData/Local/Arm/Packs/Keil/STM32F4xx_DFP/2.13.0/Drivers/STM32F4xx_HAL_Driver/Inc\stm32f4xx_hal.h(46): warning: In file included from...
./RTE/Device/STM32F446RETx\stm32f4xx_hal_conf.h(361): warning: In file included from...
C:/Users/david/AppData/Local/Arm/Packs/Keil/STM32F4xx_DFP/2.13.0/Drivers/STM32F4xx_HAL_Driver/Inc\stm32f4xx_hal_dma.h(165): warning: padding struct 'struct __DMA_HandleTypeDef' with 2 bytes to align 'Parent' [-Wpadded]
  void                       *Parent;                                                          /*!< Parent object state                    */ 
                              ^
2 warnings generated.
compiling stm32f4xx_hal_dac_ex.c...
C:/Users/david/AppData/Local/Arm/Packs/Keil/STM32F4xx_DFP/2.13.0/Drivers/STM32F4xx_HAL_Driver/Src/stm32f4xx_hal_dma.c(306): warning: cast from function call of type 'uint32_t' (aka 'unsigned int') to non-matching type 'DMA_Base_Registers *' [-Wbad-function-cast]
  regs = (DMA_Base_Registers *)DMA_CalcBaseAndBitshift(hdma);
                               ^~~~~~~~~~~~~~~~~~~~~~~~~~~~~
C:/Users/david/AppData/Local/Arm/Packs/Keil/STM32F4xx_DFP/2.13.0/Drivers/STM32F4xx_HAL_Driver/Src/stm32f4xx_hal_dma.c(114): warning: In file included from...
C:/Users/david/AppData/Local/Arm/Packs/Keil/STM32F4xx_DFP/2.13.0/Drivers/STM32F4xx_HAL_Driver/Inc\stm32f4xx_hal.h(46): warning: In file included from...
./RTE/Device/STM32F446RETx\stm32f4xx_hal_conf.h(361): warning: In file included from...
C:/Users/david/AppData/Local/Arm/Packs/Keil/STM32F4xx_DFP/2.13.0/Drivers/STM32F4xx_HAL_Driver/Inc\stm32f4xx_hal_dma.h(165): warning: padding struct 'struct __DMA_HandleTypeDef' with 2 bytes to align 'Parent' [-Wpadded]
  void                       *Parent;                                                          /*!< Parent object state                    */ 
                              ^
C:/Users/david/AppData/Local/Arm/Packs/Keil/STM32F4xx_DFP/2.13.0/Drivers/STM32F4xx_HAL_Driver/Src/stm32f4xx_hal_dma.c(368): warning: cast from function call of type 'uint32_t' (aka 'unsigned int') to non-matching type 'DMA_Base_Registers *' [-Wbad-function-cast]
  regs = (DMA_Base_Registers *)DMA_CalcBaseAndBitshift(hdma);
                               ^~~~~~~~~~~~~~~~~~~~~~~~~~~~~
C:/Users/david/AppData/Local/Arm/Packs/Keil/STM32F4xx_DFP/2.13.0/Drivers/STM32F4xx_HAL_Driver/Src/stm32f4xx_hal_dma.c(987): warning: enumeration value 'HAL_DMA_XFER_ALL_CB_ID' not explicitly handled in switch [-Wswitch-enum]
    switch (CallbackID)
            ^
C:/Users/david/AppData/Local/Arm/Packs/Keil/STM32F4xx_DFP/2.13.0/Drivers/STM32F4xx_HAL_Driver/Src/stm32f4xx_hal_dma.c(1081): warning: default label in switch which covers all enumeration values [-Wcovered-switch-default]
    default:
    ^
5 warnings generated.
compiling stm32f4xx_hal_dma.c...
C:/Users/david/AppData/Local/Arm/Packs/Keil/STM32F4xx_DFP/2.13.0/Drivers/STM32F4xx_HAL_Driver/Src/stm32f4xx_hal_dma_ex.c(56): warning: In file included from...
C:/Users/david/AppData/Local/Arm/Packs/Keil/STM32F4xx_DFP/2.13.0/Drivers/STM32F4xx_HAL_Driver/Inc\stm32f4xx_hal.h(46): warning: In file included from...
./RTE/Device/STM32F446RETx\stm32f4xx_hal_conf.h(361): warning: In file included from...
C:/Users/david/AppData/Local/Arm/Packs/Keil/STM32F4xx_DFP/2.13.0/Drivers/STM32F4xx_HAL_Driver/Inc\stm32f4xx_hal_dma.h(165): warning: padding struct 'struct __DMA_HandleTypeDef' with 2 bytes to align 'Parent' [-Wpadded]
  void                       *Parent;                                                          /*!< Parent object state                    */ 
                              ^
1 warning generated.
compiling stm32f4xx_hal_dma_ex.c...
compiling stm32f4xx_hal_gpio.c...
C:/Users/david/AppData/Local/Arm/Packs/Keil/STM32F4xx_DFP/2.13.0/Drivers/STM32F4xx_HAL_Driver/Src/stm32f4xx_hal_pwr.c(381): warning: unused parameter 'Regulator' [-Wunused-parameter]
void HAL_PWR_EnterSLEEPMode(uint32_t Regulator, uint8_t SLEEPEntry)
                                     ^
1 warning generated.
compiling stm32f4xx_hal_pwr.c...
compiling stm32f4xx_hal_pwr_ex.c...
compiling stm32f4xx_hal_rcc.c...
C:/Users/david/AppData/Local/Arm/Packs/Keil/STM32F4xx_DFP/2.13.0/Drivers/STM32F4xx_HAL_Driver/Src/stm32f4xx_hal_rcc_ex.c(41): warning: In file included from...
C:/Users/david/AppData/Local/Arm/Packs/Keil/STM32F4xx_DFP/2.13.0/Drivers/STM32F4xx_HAL_Driver/Inc\stm32f4xx_hal.h(46): warning: In file included from...
./RTE/Device/STM32F446RETx\stm32f4xx_hal_conf.h(353): warning: In file included from...
C:/Users/david/AppData/Local/Arm/Packs/Keil/STM32F4xx_DFP/2.13.0/Drivers/STM32F4xx_HAL_Driver/Inc\stm32f4xx_hal_rcc.h(49): warning: In file included from...
C:/Users/david/AppData/Local/Arm/Packs/Keil/STM32F4xx_DFP/2.13.0/Drivers/STM32F4xx_HAL_Driver/Inc/stm32f4xx_hal_rcc_ex.h(139): warning: padding size of 'RCC_PeriphCLKInitTypeDef' with 3 bytes to alignment boundary [-Wpadded]
typedef struct
        ^
1 warning generated.
compiling stm32f4xx_hal_rcc_ex.c...
C:/Users/david/AppData/Local/Arm/Packs/Keil/STM32F4xx_DFP/2.13.0/Drivers/STM32F4xx_HAL_Driver/Src/stm32f4xx_hal_tim_ex.c(98): warning: In file included from...
C:/Users/david/AppData/Local/Arm/Packs/Keil/STM32F4xx_DFP/2.13.0/Drivers/STM32F4xx_HAL_Driver/Inc\stm32f4xx_hal.h(46): warning: In file included from...
./RTE/Device/STM32F446RETx\stm32f4xx_hal_conf.h(473): warning: In file included from...
C:/Users/david/AppData/Local/Arm/Packs/Keil/STM32F4xx_DFP/2.13.0/Drivers/STM32F4xx_HAL_Driver/Inc\stm32f4xx_hal_tim.h(292): warning: padding struct 'TIM_HandleTypeDef' with 3 bytes to align 'hdma' [-Wpadded]
  DMA_HandleTypeDef           *hdma[7];      /*!< DMA Handlers array
                               ^
C:/Users/david/AppData/Local/Arm/Packs/Keil/STM32F4xx_DFP/2.13.0/Drivers/STM32F4xx_HAL_Driver/Inc\stm32f4xx_hal_tim.h(287): warning: padding size of 'TIM_HandleTypeDef' with 2 bytes to alignment boundary [-Wpadded]
typedef struct
        ^
C:/Users/david/AppData/Local/Arm/Packs/Keil/STM32F4xx_DFP/2.13.0/Drivers/STM32F4xx_HAL_Driver/Src/stm32f4xx_hal_tim_ex.c(98): warning: In file included from...
C:/Users/david/AppData/Local/Arm/Packs/Keil/STM32F4xx_DFP/2.13.0/Drivers/STM32F4xx_HAL_Driver/Inc\stm32f4xx_hal.h(46): warning: In file included from...
./RTE/Device/STM32F446RETx\stm32f4xx_hal_conf.h(361): warning: In file included from...
C:/Users/david/AppData/Local/Arm/Packs/Keil/STM32F4xx_DFP/2.13.0/Drivers/STM32F4xx_HAL_Driver/Inc\stm32f4xx_hal_dma.h(165): warning: padding struct 'struct __DMA_HandleTypeDef' with 2 bytes to align 'Parent' [-Wpadded]
  void                       *Parent;                                                          /*!< Parent object state                    */ 
                              ^
3 warnings generated.
compiling stm32f4xx_hal_tim_ex.c...
C:/Users/david/AppData/Local/Arm/Packs/Keil/STM32F4xx_DFP/2.13.0/Drivers/STM32F4xx_HAL_Driver/Src/stm32f4xx_hal_tim.c(127): warning: In file included from...
C:/Users/david/AppData/Local/Arm/Packs/Keil/STM32F4xx_DFP/2.13.0/Drivers/STM32F4xx_HAL_Driver/Inc\stm32f4xx_hal.h(46): warning: In file included from...
./RTE/Device/STM32F446RETx\stm32f4xx_hal_conf.h(473): warning: In file included from...
C:/Users/david/AppData/Local/Arm/Packs/Keil/STM32F4xx_DFP/2.13.0/Drivers/STM32F4xx_HAL_Driver/Inc\stm32f4xx_hal_tim.h(292): warning: padding struct 'TIM_HandleTypeDef' with 3 bytes to align 'hdma' [-Wpadded]
  DMA_HandleTypeDef           *hdma[7];      /*!< DMA Handlers array
                               ^
C:/Users/david/AppData/Local/Arm/Packs/Keil/STM32F4xx_DFP/2.13.0/Drivers/STM32F4xx_HAL_Driver/Inc\stm32f4xx_hal_tim.h(287): warning: padding size of 'TIM_HandleTypeDef' with 2 bytes to alignment boundary [-Wpadded]
typedef struct
        ^
C:/Users/david/AppData/Local/Arm/Packs/Keil/STM32F4xx_DFP/2.13.0/Drivers/STM32F4xx_HAL_Driver/Src/stm32f4xx_hal_tim.c(127): warning: In file included from...
C:/Users/david/AppData/Local/Arm/Packs/Keil/STM32F4xx_DFP/2.13.0/Drivers/STM32F4xx_HAL_Driver/Inc\stm32f4xx_hal.h(46): warning: In file included from...
./RTE/Device/STM32F446RETx\stm32f4xx_hal_conf.h(361): warning: In file included from...
C:/Users/david/AppData/Local/Arm/Packs/Keil/STM32F4xx_DFP/2.13.0/Drivers/STM32F4xx_HAL_Driver/Inc\stm32f4xx_hal_dma.h(165): warning: padding struct 'struct __DMA_HandleTypeDef' with 2 bytes to align 'Parent' [-Wpadded]
  void                       *Parent;                                                          /*!< Parent object state                    */ 
                              ^
3 warnings generated.
compiling stm32f4xx_hal_tim.c...
linking...
.\Objects\synth1.axf: Warning: L6304W: Duplicate input file .\objects\main_1.o ignored.
Program Size: Code=21308 RO-data=3076 RW-data=20 ZI-data=67272  
Finished: 0 information, 1 warning and 0 error messages.
".\Objects\synth1.axf" - 0 Error(s), 48 Warning(s).

<h2>Software Packages used:</h2>

Package Vendor: ARM
                http://www.keil.com/pack/ARM.CMSIS.5.5.1.pack
                ARM.CMSIS.5.5.1
                CMSIS (Cortex Microcontroller Software Interface Standard)
   * Component: CORE Version: 5.2.0

Package Vendor: Keil
                http://www.keil.com/pack/Keil.MDK-Middleware.7.8.0.pack
                Keil.MDK-Middleware.7.8.0
                Middleware for Keil MDK-Professional and MDK-Plus
   * Component: Buttons Version: 1.0.0
   * Component: LED Version: 1.0.0

Package Vendor: Keil
                http://www.keil.com/pack/Keil.STM32F4xx_DFP.2.13.0.pack
                Keil.STM32F4xx_DFP.2.13.0
                STMicroelectronics STM32F4 Series Device Support, Drivers and Examples
   * Component: STM32Cube Framework Version: 1.0.0
   * Component: Classic Version: 1.7.4
   * Component: ADC Version: 1.7.4
   * Component: Common Version: 1.7.4
   * Component: Cortex Version: 1.7.4
   * Component: DAC Version: 1.7.4
   * Component: DMA Version: 1.7.4
   * Component: GPIO Version: 1.7.4
   * Component: PWR Version: 1.7.4
   * Component: RCC Version: 1.7.4
   * Component: TIM Version: 1.7.4
   * Component: Startup Version: 2.6.2

Package Vendor: Keil
                http://www.keil.com/pack/Keil.STM32NUCLEO_BSP.1.7.0.pack
                Keil.STM32NUCLEO_BSP.1.7.0
                STMicroelectronics Nucleo Boards Support and Examples
   * Component: Buttons Version: 1.1.0
   * Component: LED Version: 1.1.0

<h2>Collection of Component include folders:</h2>
  .\RTE\Device\STM32F446RETx
  .\RTE\_Target_1
  C:\Users\david\AppData\Local\Arm\Packs\ARM\CMSIS\5.5.1\CMSIS\Core\Include
  C:\Users\david\AppData\Local\Arm\Packs\Keil\MDK-Middleware\7.8.0\Board
  C:\Users\david\AppData\Local\Arm\Packs\Keil\STM32F4xx_DFP\2.13.0\Drivers\CMSIS\Device\ST\STM32F4xx\Include
  C:\Users\david\AppData\Local\Arm\Packs\Keil\STM32F4xx_DFP\2.13.0\Drivers\STM32F4xx_HAL_Driver\Inc

<h2>Collection of Component Files used:</h2>

   * Component: ::Board Support:Buttons:1.0.0 (API)
      Include file:  Board\Board_Buttons.h

   * Component: ::Board Support:LED:1.0.0 (API)
      Include file:  Board\Board_LED.h

   * Component: ::Device:STM32Cube Framework:1.0.0 (API)

   * Component: ARM::CMSIS:CORE:5.2.0

   * Component: Keil.NUCLEO-F446RE::Board Support:Buttons:1.1.0
      Source file:   Boards\ST\NUCLEO-F446RE\Common\Buttons_NUCLEO-F446RE.c

   * Component: Keil.NUCLEO-F446RE::Board Support:LED:1.1.0
      Source file:   Boards\ST\NUCLEO-F446RE\Common\LED_NUCLEO-F446RE.c

   * Component: Keil::Device:STM32Cube Framework:Classic:1.7.4
      Source file:   MDK\Templates\Src\stm32f4xx_it.c
      Include file:  MDK\Templates\Inc\stm32f4xx_hal_conf.h
      Include file:  MDK\Templates\Inc\main.h
      Include file:  MDK\Templates\Inc\stm32f4xx_it.h
      Source file:   MDK\Templates_LL\Src\main.c
      Include file:  CMSIS\Driver\Config\RTE_Device.h
      Source file:   MDK\Templates\Src\main.c
      Source file:   MDK\Templates\Src\stm32f4xx_hal_msp.c
      Include file:  MDK\Templates_LL\Inc\main.h

   * Component: Keil::Device:STM32Cube HAL:ADC:1.7.4
      Source file:   Drivers\STM32F4xx_HAL_Driver\Src\stm32f4xx_hal_adc.c
      Source file:   Drivers\STM32F4xx_HAL_Driver\Src\stm32f4xx_hal_adc_ex.c

   * Component: Keil::Device:STM32Cube HAL:Common:1.7.4
      Source file:   Drivers\STM32F4xx_HAL_Driver\Src\stm32f4xx_hal.c
      Include file:  Drivers\STM32F4xx_HAL_Driver\Inc\stm32f4xx_hal.h

   * Component: Keil::Device:STM32Cube HAL:Cortex:1.7.4
      Source file:   Drivers\STM32F4xx_HAL_Driver\Src\stm32f4xx_hal_cortex.c

   * Component: Keil::Device:STM32Cube HAL:DAC:1.7.4
      Source file:   Drivers\STM32F4xx_HAL_Driver\Src\stm32f4xx_hal_dac_ex.c
      Source file:   Drivers\STM32F4xx_HAL_Driver\Src\stm32f4xx_hal_dac.c

   * Component: Keil::Device:STM32Cube HAL:DMA:1.7.4
      Source file:   Drivers\STM32F4xx_HAL_Driver\Src\stm32f4xx_hal_dma.c
      Source file:   Drivers\STM32F4xx_HAL_Driver\Src\stm32f4xx_hal_dma_ex.c

   * Component: Keil::Device:STM32Cube HAL:GPIO:1.7.4
      Source file:   Drivers\STM32F4xx_HAL_Driver\Src\stm32f4xx_hal_gpio.c

   * Component: Keil::Device:STM32Cube HAL:PWR:1.7.4
      Source file:   Drivers\STM32F4xx_HAL_Driver\Src\stm32f4xx_hal_pwr_ex.c
      Source file:   Drivers\STM32F4xx_HAL_Driver\Src\stm32f4xx_hal_pwr.c

   * Component: Keil::Device:STM32Cube HAL:RCC:1.7.4
      Source file:   Drivers\STM32F4xx_HAL_Driver\Src\stm32f4xx_hal_rcc_ex.c
      Source file:   Drivers\STM32F4xx_HAL_Driver\Src\stm32f4xx_hal_rcc.c

   * Component: Keil::Device:STM32Cube HAL:TIM:1.7.4
      Source file:   Drivers\STM32F4xx_HAL_Driver\Src\stm32f4xx_hal_tim.c
      Source file:   Drivers\STM32F4xx_HAL_Driver\Src\stm32f4xx_hal_tim_ex.c

   * Component: Keil::Device:Startup:2.6.2
      Source file:   MDK\Device\Source\ARM\STM32F446xx_OPT.s
      Source file:   MDK\Device\Source\ARM\STM32F4xx_OTP.s
      Include file:  Drivers\CMSIS\Device\ST\STM32F4xx\Include\stm32f4xx.h
      Source file:   Drivers\CMSIS\Device\ST\STM32F4xx\Source\Templates\arm\startup_stm32f446xx.s
      Source file:   Drivers\CMSIS\Device\ST\STM32F4xx\Source\Templates\system_stm32f4xx.c
Build Time Elapsed:  00:00:07
</pre>
</body>
</html>
