Component: ARM Compiler 6.12 Tool: armlink [5d624300]

==============================================================================

Section Cross References

    main.o(.text.main) refers to wave_1.o(.text._ZN4SineC2Ev) for Sine::Sine()
    main.o(.text.main) refers to wave_1.o(.text._ZN6SquareC2Ev) for Square::Square()
    main.o(.text.main) refers to main.o(.text._ZN3DacC2Ev) for Dac::Dac__sub_object()
    main.o(.text.main) refers to hal.o(.text._ZN3Hal4initEv) for Hal::init()
    main.o(.text.main) refers to tim.o(.text._ZN3Tim4initEv) for Tim::init()
    main.o(.text.main) refers to tim.o(.text._ZN3Tim14sample_tick_usEv) for Tim::sample_tick_us()
    main.o(.text.main) refers to dac.o(.text._ZN3Dac4initEj) for Dac::init(unsigned)
    main.o(.text.main) refers to dac.o(.text._ZN3Dac3lowEv) for Dac::low()
    main.o(.text.main) refers to dac.o(.text._ZN3Dac4highEv) for Dac::high()
    main.o(.text.main) refers to irq_objects.o(.bss._ZN11IRQ_objects11sample_tickE) for IRQ_objects::sample_tick
    main.o(.ARM.exidx.text.main) refers to main.o(.text.main) for [Anonymous Symbol]
    dac.o(.text._ZN3Dac4initEj) refers to dac.o(.text._ZN3Dac15HAL_DAC_MspInitEP17DAC_HandleTypeDef) for Dac::HAL_DAC_MspInit(DAC_HandleTypeDef*)
    dac.o(.text._ZN3Dac4initEj) refers to stm32f4xx_hal_dac.o(.text.HAL_DAC_Init) for HAL_DAC_Init
    dac.o(.text._ZN3Dac4initEj) refers to stm32f4xx_hal_dac.o(.text.HAL_DAC_ConfigChannel) for HAL_DAC_ConfigChannel
    dac.o(.text._ZN3Dac4initEj) refers to stm32f4xx_hal_dac.o(.text.HAL_DAC_Start) for HAL_DAC_Start
    dac.o(.ARM.exidx.text._ZN3Dac4initEj) refers to dac.o(.text._ZN3Dac4initEj) for [Anonymous Symbol]
    dac.o(.text._ZN3Dac15HAL_DAC_MspInitEP17DAC_HandleTypeDef) refers to rt_memclr_w.o(.text) for __aeabi_memclr4
    dac.o(.text._ZN3Dac15HAL_DAC_MspInitEP17DAC_HandleTypeDef) refers to stm32f4xx_hal_gpio.o(.text.HAL_GPIO_Init) for HAL_GPIO_Init
    dac.o(.ARM.exidx.text._ZN3Dac15HAL_DAC_MspInitEP17DAC_HandleTypeDef) refers to dac.o(.text._ZN3Dac15HAL_DAC_MspInitEP17DAC_HandleTypeDef) for [Anonymous Symbol]
    dac.o(.text._ZN3Dac13set_value_relEd) refers to dmul.o(x$fpl$dmul) for __aeabi_dmul
    dac.o(.text._ZN3Dac13set_value_relEd) refers to dfixu.o(x$fpl$dfixu) for __aeabi_d2uiz
    dac.o(.text._ZN3Dac13set_value_relEd) refers to stm32f4xx_hal_dac.o(.text.HAL_DAC_SetValue) for HAL_DAC_SetValue
    dac.o(.ARM.exidx.text._ZN3Dac13set_value_relEd) refers to dac.o(.text._ZN3Dac13set_value_relEd) for [Anonymous Symbol]
    dac.o(.text._ZN3Dac9set_valueEj) refers to stm32f4xx_hal_dac.o(.text.HAL_DAC_SetValue) for HAL_DAC_SetValue
    dac.o(.ARM.exidx.text._ZN3Dac9set_valueEj) refers to dac.o(.text._ZN3Dac9set_valueEj) for [Anonymous Symbol]
    dac.o(.text._ZN3Dac4highEv) refers to stm32f4xx_hal_dac.o(.text.HAL_DAC_SetValue) for HAL_DAC_SetValue
    dac.o(.ARM.exidx.text._ZN3Dac4highEv) refers to dac.o(.text._ZN3Dac4highEv) for [Anonymous Symbol]
    dac.o(.text._ZN3Dac3lowEv) refers to stm32f4xx_hal_dac.o(.text.HAL_DAC_SetValue) for HAL_DAC_SetValue
    dac.o(.ARM.exidx.text._ZN3Dac3lowEv) refers to dac.o(.text._ZN3Dac3lowEv) for [Anonymous Symbol]
    dac.o(.text._ZN3Dac9get_valueEv) refers to stm32f4xx_hal_dac.o(.text.HAL_DAC_GetValue) for HAL_DAC_GetValue
    dac.o(.ARM.exidx.text._ZN3Dac9get_valueEv) refers to dac.o(.text._ZN3Dac9get_valueEv) for [Anonymous Symbol]
    tim.o(.text._ZN3Tim4initEv) refers to tim.o(.text._ZN3Tim20HAL_TIM_Base_MspInitEP17TIM_HandleTypeDef) for Tim::HAL_TIM_Base_MspInit(TIM_HandleTypeDef*)
    tim.o(.text._ZN3Tim4initEv) refers to stm32f4xx_hal_tim.o(.text.HAL_TIM_Base_Init) for HAL_TIM_Base_Init
    tim.o(.text._ZN3Tim4initEv) refers to stm32f4xx_hal_tim.o(.text.HAL_TIM_Base_Start_IT) for HAL_TIM_Base_Start_IT
    tim.o(.text._ZN3Tim4initEv) refers to tim.o(.bss._ZN3Tim5htim2E) for Tim::htim2
    tim.o(.ARM.exidx.text._ZN3Tim4initEv) refers to tim.o(.text._ZN3Tim4initEv) for [Anonymous Symbol]
    tim.o(.text._ZN3Tim20HAL_TIM_Base_MspInitEP17TIM_HandleTypeDef) refers to stm32f4xx_hal_cortex.o(.text.HAL_NVIC_SetPriority) for HAL_NVIC_SetPriority
    tim.o(.text._ZN3Tim20HAL_TIM_Base_MspInitEP17TIM_HandleTypeDef) refers to stm32f4xx_hal_cortex.o(.text.HAL_NVIC_EnableIRQ) for HAL_NVIC_EnableIRQ
    tim.o(.ARM.exidx.text._ZN3Tim20HAL_TIM_Base_MspInitEP17TIM_HandleTypeDef) refers to tim.o(.text._ZN3Tim20HAL_TIM_Base_MspInitEP17TIM_HandleTypeDef) for [Anonymous Symbol]
    tim.o(.ARM.exidx.text._ZN3Tim14sample_tick_usEv) refers to tim.o(.text._ZN3Tim14sample_tick_usEv) for [Anonymous Symbol]
    hal.o(.text._ZN3Hal4initEv) refers to stm32f4xx_hal.o(.text.HAL_Init) for HAL_Init
    hal.o(.text._ZN3Hal4initEv) refers to hal.o(.text._ZN3Hal11HAL_MspInitEv) for Hal::HAL_MspInit()
    hal.o(.ARM.exidx.text._ZN3Hal4initEv) refers to hal.o(.text._ZN3Hal4initEv) for [Anonymous Symbol]
[...]
    ../clib/longlong.s                       0x00000000   Number         0  lludivv7m.o ABSOLUTE
    ../clib/maybe.s                          0x00000000   Number         0  maybetermalloc1.o ABSOLUTE
    ../clib/maybe.s                          0x00000000   Number         0  maybetermalloc2.o ABSOLUTE
    ../clib/memcpset.s                       0x00000000   Number         0  rt_memclr_w.o ABSOLUTE
    ../clib/memcpset.s                       0x00000000   Number         0  rt_memcpy_w.o ABSOLUTE
    ../clib/signal.c                         0x00000000   Number         0  defsig_abrt_outer.o ABSOLUTE
    ../clib/signal.c                         0x00000000   Number         0  defsig_abrt_formal.o ABSOLUTE
    ../clib/signal.c                         0x00000000   Number         0  defsig_exit.o ABSOLUTE
    ../clib/signal.c                         0x00000000   Number         0  defsig_abrt_inner.o ABSOLUTE
    ../clib/signal.c                         0x00000000   Number         0  defsig_fpe_outer.o ABSOLUTE
    ../clib/signal.c                         0x00000000   Number         0  defsig_fpe_formal.o ABSOLUTE
    ../clib/signal.c                         0x00000000   Number         0  defsig_rtmem_outer.o ABSOLUTE
    ../clib/signal.c                         0x00000000   Number         0  defsig_rtmem_formal.o ABSOLUTE
    ../clib/signal.c                         0x00000000   Number         0  __raise.o ABSOLUTE
    ../clib/signal.c                         0x00000000   Number         0  defsig_general.o ABSOLUTE
    ../clib/signal.c                         0x00000000   Number         0  defsig_fpe_inner.o ABSOLUTE
    ../clib/signal.c                         0x00000000   Number         0  defsig_rtmem_inner.o ABSOLUTE
    ../clib/signal.c                         0x00000000   Number         0  defsig_rtred_inner.o ABSOLUTE
    ../clib/signal.c                         0x00000000   Number         0  defsig_stak_inner.o ABSOLUTE
    ../clib/signal.c                         0x00000000   Number         0  defsig_pvfn_inner.o ABSOLUTE
    ../clib/signal.c                         0x00000000   Number         0  defsig_cppl_inner.o ABSOLUTE
    ../clib/signal.c                         0x00000000   Number         0  defsig_segv_inner.o ABSOLUTE
    ../clib/signal.c                         0x00000000   Number         0  defsig_other.o ABSOLUTE
    ../clib/signal.s                         0x00000000   Number         0  defsig.o ABSOLUTE
    ../clib/stdlib.c                         0x00000000   Number         0  abort.o ABSOLUTE
    ../clib/stdlib.c                         0x00000000   Number         0  exit.o ABSOLUTE
    ../fplib/basic.s                         0x00000000   Number         0  basic.o ABSOLUTE
    ../fplib/daddsub.s                       0x00000000   Number         0  daddsub_clz.o ABSOLUTE
    ../fplib/ddiv.s                          0x00000000   Number         0  ddiv.o ABSOLUTE
    ../fplib/dfix.s                          0x00000000   Number         0  dfix.o ABSOLUTE
    ../fplib/dfixu.s                         0x00000000   Number         0  dfixu.o ABSOLUTE
    ../fplib/dflt.s                          0x00000000   Number         0  dflt_clz.o ABSOLUTE
    ../fplib/dmul.s                          0x00000000   Number         0  dmul.o ABSOLUTE
    ../fplib/dnaninf.s                       0x00000000   Number         0  dnaninf.o ABSOLUTE
    ../fplib/dretinf.s                       0x00000000   Number         0  dretinf.o ABSOLUTE
    ../fplib/fpinit.s                        0x00000000   Number         0  fpinit.o ABSOLUTE
    ../fplib/usenofp.s                       0x00000000   Number         0  usenofp.o ABSOLUTE
    ../mathlib/cos_i.c                       0x00000000   Number         0  cos_i.o ABSOLUTE
    ../mathlib/dunder.c                      0x00000000   Number         0  dunder.o ABSOLUTE
    ../mathlib/fabs.c                        0x00000000   Number         0  fabs.o ABSOLUTE
    ../mathlib/fpclassify.c                  0x00000000   Number         0  fpclassify.o ABSOLUTE
    ../mathlib/poly.c                        0x00000000   Number         0  poly.o ABSOLUTE
    ../mathlib/rred.c                        0x00000000   Number         0  rred.o ABSOLUTE
    ../mathlib/sin.c                         0x00000000   Number         0  sin.o ABSOLUTE
    ../mathlib/sin.c                         0x00000000   Number         0  sin_x.o ABSOLUTE
    ../mathlib/sin_i.c                       0x00000000   Number         0  sin_i.o ABSOLUTE
    ../mathlib/sin_i.c                       0x00000000   Number         0  sin_i_x.o ABSOLUTE
    Buttons_NUCLEO-F446RE.c                  0x00000000   Number         0  buttons_nucleo-f446re.o ABSOLUTE
    Dac.cpp                                  0x00000000   Number         0  dac.o ABSOLUTE
    Dac.h                                    0x00000000   Number         0  dac_1.o ABSOLUTE
    Hal.cpp                                  0x00000000   Number         0  hal.o ABSOLUTE
    Hal.h                                    0x00000000   Number         0  hal_1.o ABSOLUTE
    IRQ.cpp                                  0x00000000   Number         0  irq.o ABSOLUTE
    IRQ.h                                    0x00000000   Number         0  irq_1.o ABSOLUTE
    IRQ_objects.cpp                          0x00000000   Number         0  irq_objects.o ABSOLUTE
    IRQ_objects.h                            0x00000000   Number         0  irq_objects_1.o ABSOLUTE
    LED_NUCLEO-F446RE.c                      0x00000000   Number         0  led_nucleo-f446re.o ABSOLUTE
    RTE\Device\STM32F446RETx\startup_stm32f446xx.s 0x00000000   Number         0  startup_stm32f446xx.o ABSOLUTE
    Tim.cpp                                  0x00000000   Number         0  tim.o ABSOLUTE
    Tim.h                                    0x00000000   Number         0  tim_1.o ABSOLUTE
    Wave.cpp                                 0x00000000   Number         0  wave_1.o ABSOLUTE
    Wave.h                                   0x00000000   Number         0  wave.o ABSOLUTE
    abort_message.cpp                        0x00000000   Number         0  abort_message.cpp.o ABSOLUTE
    cxa_default_handlers.cpp                 0x00000000   Number         0  cxa_default_handlers.cpp.o ABSOLUTE
    cxa_exception_storage.cpp                0x00000000   Number         0  cxa_exception_storage.cpp.o ABSOLUTE
    cxa_handlers.cpp                         0x00000000   Number         0  cxa_handlers.cpp.o ABSOLUTE
    cxa_noexception.cpp                      0x00000000   Number         0  cxa_noexception.cpp.o ABSOLUTE
    dc.s                                     0x00000000   Number         0  dc.o ABSOLUTE
    main.cpp                                 0x00000000   Number         0  main.o ABSOLUTE
    main.h                                   0x00000000   Number         0  main_1.o ABSOLUTE
    new.cpp                                  0x00000000   Number         0  new.cpp.o ABSOLUTE
    stm32f4xx_hal.c                          0x00000000   Number         0  stm32f4xx_hal.o ABSOLUTE
    stm32f4xx_hal_adc.c                      0x00000000   Number         0  stm32f4xx_hal_adc.o ABSOLUTE
    stm32f4xx_hal_adc_ex.c                   0x00000000   Number         0  stm32f4xx_hal_adc_ex.o ABSOLUTE
    stm32f4xx_hal_cortex.c                   0x00000000   Number         0  stm32f4xx_hal_cortex.o ABSOLUTE
    stm32f4xx_hal_dac.c                      0x00000000   Number         0  stm32f4xx_hal_dac.o ABSOLUTE
    stm32f4xx_hal_dac_ex.c                   0x00000000   Number         0  stm32f4xx_hal_dac_ex.o ABSOLUTE
    stm32f4xx_hal_dma.c                      0x00000000   Number         0  stm32f4xx_hal_dma.o ABSOLUTE
    stm32f4xx_hal_dma_ex.c                   0x00000000   Number         0  stm32f4xx_hal_dma_ex.o ABSOLUTE
    stm32f4xx_hal_gpio.c                     0x00000000   Number         0  stm32f4xx_hal_gpio.o ABSOLUTE
    stm32f4xx_hal_pwr.c                      0x00000000   Number         0  stm32f4xx_hal_pwr.o ABSOLUTE
    stm32f4xx_hal_pwr_ex.c                   0x00000000   Number         0  stm32f4xx_hal_pwr_ex.o ABSOLUTE
    stm32f4xx_hal_rcc.c                      0x00000000   Number         0  stm32f4xx_hal_rcc.o ABSOLUTE
    stm32f4xx_hal_rcc_ex.c                   0x00000000   Number         0  stm32f4xx_hal_rcc_ex.o ABSOLUTE
    stm32f4xx_hal_tim.c                      0x00000000   Number         0  stm32f4xx_hal_tim.o ABSOLUTE
    stm32f4xx_hal_tim_ex.c                   0x00000000   Number         0  stm32f4xx_hal_tim_ex.o ABSOLUTE
    system_stm32f4xx.c                       0x00000000   Number         0  system_stm32f4xx.o ABSOLUTE
    RESET                                    0x08000000   Section      452  startup_stm32f446xx.o(RESET)
    !!!main                                  0x080001c4   Section        8  __main.o(!!!main)
    !!!scatter                               0x080001cc   Section       52  __scatter.o(!!!scatter)
    !!handler_copy                           0x08000200   Section       26  __scatter_copy.o(!!handler_copy)
    !!handler_zi                             0x0800021c   Section       28  __scatter_zi.o(!!handler_zi)
    .ARM.Collect$$libinit$$00000000          0x08000238   Section        2  libinit.o(.ARM.Collect$$libinit$$00000000)
    .ARM.Collect$$libinit$$00000001          0x0800023a   Section        4  libinit2.o(.ARM.Collect$$libinit$$00000001)
    .ARM.Collect$$libinit$$00000004          0x0800023e   Section        0  libinit2.o(.ARM.Collect$$libinit$$00000004)
    .ARM.Collect$$libinit$$00000005          0x0800023e   Section        8  libinit2.o(.ARM.Collect$$libinit$$00000005)
    .ARM.Collect$$libinit$$0000000A          0x08000246   Section        0  libinit2.o(.ARM.Collect$$libinit$$0000000A)
    .ARM.Collect$$libinit$$0000000C          0x08000246   Section        0  libinit2.o(.ARM.Collect$$libinit$$0000000C)
    .ARM.Collect$$libinit$$0000000E          0x08000246   Section        0  libinit2.o(.ARM.Collect$$libinit$$0000000E)
    .ARM.Collect$$libinit$$00000011          0x08000246   Section        0  libinit2.o(.ARM.Collect$$libinit$$00000011)
    .ARM.Collect$$libinit$$00000013          0x08000246   Section        0  libinit2.o(.ARM.Collect$$libinit$$00000013)
    .ARM.Collect$$libinit$$00000015          0x08000246   Section        0  libinit2.o(.ARM.Collect$$libinit$$00000015)
    .ARM.Collect$$libinit$$00000017          0x08000246   Section        0  libinit2.o(.ARM.Collect$$libinit$$00000017)
    .ARM.Collect$$libinit$$00000019          0x08000246   Section        0  libinit2.o(.ARM.Collect$$libinit$$00000019)
    .ARM.Collect$$libinit$$0000001B          0x08000246   Section        0  libinit2.o(.ARM.Collect$$libinit$$0000001B)
    .ARM.Collect$$libinit$$0000001D          0x08000246   Section        0  libinit2.o(.ARM.Collect$$libinit$$0000001D)
    .ARM.Collect$$libinit$$0000001F          0x08000246   Section        0  libinit2.o(.ARM.Collect$$libinit$$0000001F)
    .ARM.Collect$$libinit$$00000021          0x08000246   Section        0  libinit2.o(.ARM.Collect$$libinit$$00000021)
    .ARM.Collect$$libinit$$00000023          0x08000246   Section        0  libinit2.o(.ARM.Collect$$libinit$$00000023)
    .ARM.Collect$$libinit$$00000025          0x08000246   Section        0  libinit2.o(.ARM.Collect$$libinit$$00000025)
    .ARM.Collect$$libinit$$0000002C          0x08000246   Section        0  libinit2.o(.ARM.Collect$$libinit$$0000002C)
    .ARM.Collect$$libinit$$0000002E          0x08000246   Section        0  libinit2.o(.ARM.Collect$$libinit$$0000002E)
    .ARM.Collect$$libinit$$00000030          0x08000246   Section        0  libinit2.o(.ARM.Collect$$libinit$$00000030)
    .ARM.Collect$$libinit$$00000032          0x08000246   Section        0  libinit2.o(.ARM.Collect$$libinit$$00000032)
    .ARM.Collect$$libinit$$00000033          0x08000246   Section        2  libinit2.o(.ARM.Collect$$libinit$$00000033)
    .ARM.Collect$$libshutdown$$00000000      0x08000248   Section        2  libshutdown.o(.ARM.Collect$$libshutdown$$00000000)
    .ARM.Collect$$libshutdown$$00000002      0x0800024a   Section        0  libshutdown2.o(.ARM.Collect$$libshutdown$$00000002)
    .ARM.Collect$$libshutdown$$00000004      0x0800024a   Section        0  libshutdown2.o(.ARM.Collect$$libshutdown$$00000004)
    .ARM.Collect$$libshutdown$$00000007      0x0800024a   Section        0  libshutdown2.o(.ARM.Collect$$libshutdown$$00000007)
    .ARM.Collect$$libshutdown$$0000000A      0x0800024a   Section        0  libshutdown2.o(.ARM.Collect$$libshutdown$$0000000A)
    .ARM.Collect$$libshutdown$$0000000C      0x0800024a   Section        0  libshutdown2.o(.ARM.Collect$$libshutdown$$0000000C)
    .ARM.Collect$$libshutdown$$0000000F      0x0800024a   Section        0  libshutdown2.o(.ARM.Collect$$libshutdown$$0000000F)
    .ARM.Collect$$libshutdown$$00000010      0x0800024a   Section        2  libshutdown2.o(.ARM.Collect$$libshutdown$$00000010)
    .ARM.Collect$$rtentry$$00000000          0x0800024c   Section        0  __rtentry.o(.ARM.Collect$$rtentry$$00000000)
    .ARM.Collect$$rtentry$$00000002          0x0800024c   Section        0  __rtentry2.o(.ARM.Collect$$rtentry$$00000002)
    .ARM.Collect$$rtentry$$00000004          0x0800024c   Section        6  __rtentry4.o(.ARM.Collect$$rtentry$$00000004)
    .ARM.Collect$$rtentry$$00000009          0x08000252   Section        0  __rtentry2.o(.ARM.Collect$$rtentry$$00000009)
    .ARM.Collect$$rtentry$$0000000A          0x08000252   Section        4  __rtentry2.o(.ARM.Collect$$rtentry$$0000000A)
    .ARM.Collect$$rtentry$$0000000C          0x08000256   Section        0  __rtentry2.o(.ARM.Collect$$rtentry$$0000000C)
    .ARM.Collect$$rtentry$$0000000D          0x08000256   Section        8  __rtentry2.o(.ARM.Collect$$rtentry$$0000000D)
    .ARM.Collect$$rtexit$$00000000           0x0800025e   Section        2  rtexit.o(.ARM.Collect$$rtexit$$00000000)
    .ARM.Collect$$rtexit$$00000002           0x08000260   Section        0  rtexit2.o(.ARM.Collect$$rtexit$$00000002)
    .ARM.Collect$$rtexit$$00000003           0x08000260   Section        4  rtexit2.o(.ARM.Collect$$rtexit$$00000003)
    .ARM.Collect$$rtexit$$00000004           0x08000264   Section        6  rtexit2.o(.ARM.Collect$$rtexit$$00000004)
    $v0                                      0x0800026c   Number         0  startup_stm32f446xx.o(.text)
    .text                                    0x0800026c   Section       64  startup_stm32f446xx.o(.text)
    .text                                    0x080002ac   Section       78  rt_memclr_w.o(.text)
    .text                                    0x080002fa   Section        0  heapauxi.o(.text)
    .text                                    0x08000300   Section        0  h1_alloc.o(.text)
    .text                                    0x0800035e   Section        0  h1_free.o(.text)
    .text                                    0x080003ac   Section        0  _rserrno.o(.text)
    .text                                    0x080003c4   Section        0  sys_exit.o(.text)
    .text                                    0x080003d0   Section        8  rt_heap_descriptor_intlibspace.o(.text)
    .text                                    0x080003d8   Section        8  rt_errno_addr_intlibspace.o(.text)
    .text                                    0x080003e0   Section        0  hguard.o(.text)
    .text                                    0x080003e4   Section        0  init_alloc.o(.text)
    .text                                    0x0800046e   Section        0  h1_init.o(.text)
    .text                                    0x0800047c   Section        8  libspace.o(.text)
    .text                                    0x08000484   Section        2  use_no_semi.o(.text)
    .text                                    0x08000486   Section        0  indicate_semi.o(.text)
    .text                                    0x08000486   Section       74  sys_stackheap_outer.o(.text)
    .text                                    0x080004d0   Section        0  maybetermalloc1.o(.text)
    .text                                    0x080004d0   Section        0  h1_extend.o(.text)
    .text                                    0x08000504   Section        0  exit.o(.text)
    .text                                    0x08000516   Section        0  defsig_exit.o(.text)
    .text                                    0x08000520   Section        0  defsig_rtmem_outer.o(.text)
    .text                                    0x0800052e   Section        0  defsig_general.o(.text)
    .text                                    0x08000560   Section        0  defsig_rtmem_inner.o(.text)
    .text                                    0x080005b0   Section        0  sys_wrch.o(.text)
    [Anonymous Symbol]                       0x080005be   Section        0  stm32f4xx_hal_dac.o(.text.HAL_DAC_ConfigChannel)
    [Anonymous Symbol]                       0x08000612   Section        0  stm32f4xx_hal_dac.o(.text.HAL_DAC_Init)
    [Anonymous Symbol]                       0x08000638   Section        0  stm32f4xx_hal_dac.o(.text.HAL_DAC_MspInit)
    [Anonymous Symbol]                       0x0800063a   Section        0  stm32f4xx_hal_dac.o(.text.HAL_DAC_SetValue)
    [Anonymous Symbol]                       0x08000660   Section        0  stm32f4xx_hal_dac.o(.text.HAL_DAC_Start)
    [Anonymous Symbol]                       0x080006bc   Section        0  stm32f4xx_hal_gpio.o(.text.HAL_GPIO_Init)
    __arm_cp.0_0                             0x08000830   Number         4  stm32f4xx_hal_gpio.o(.text.HAL_GPIO_Init)
    __arm_cp.0_1                             0x08000834   Number         4  stm32f4xx_hal_gpio.o(.text.HAL_GPIO_Init)
    __arm_cp.0_2                             0x08000838   Number         4  stm32f4xx_hal_gpio.o(.text.HAL_GPIO_Init)
    __arm_cp.0_3                             0x0800083c   Number         4  stm32f4xx_hal_gpio.o(.text.HAL_GPIO_Init)
    __arm_cp.0_4                             0x08000840   Number         4  stm32f4xx_hal_gpio.o(.text.HAL_GPIO_Init)
    __arm_cp.0_5                             0x08000844   Number         4  stm32f4xx_hal_gpio.o(.text.HAL_GPIO_Init)
    [Anonymous Symbol]                       0x08000848   Section        0  stm32f4xx_hal.o(.text.HAL_IncTick)
    __arm_cp.5_1                             0x08000858   Number         4  stm32f4xx_hal.o(.text.HAL_IncTick)
    [Anonymous Symbol]                       0x0800085c   Section        0  stm32f4xx_hal.o(.text.HAL_Init)
    __arm_cp.0_0                             0x0800088c   Number         4  stm32f4xx_hal.o(.text.HAL_Init)
    [Anonymous Symbol]                       0x08000890   Section        0  stm32f4xx_hal.o(.text.HAL_InitTick)
    __arm_cp.1_0                             0x080008c8   Number         4  stm32f4xx_hal.o(.text.HAL_InitTick)
    __arm_cp.1_1                             0x080008cc   Number         4  stm32f4xx_hal.o(.text.HAL_InitTick)
    [Anonymous Symbol]                       0x080008d0   Section        0  stm32f4xx_hal.o(.text.HAL_MspInit)
    [Anonymous Symbol]                       0x080008d4   Section        0  stm32f4xx_hal_cortex.o(.text.HAL_NVIC_EnableIRQ)
    __arm_cp.3_0                             0x080008ec   Number         4  stm32f4xx_hal_cortex.o(.text.HAL_NVIC_EnableIRQ)
    [Anonymous Symbol]                       0x080008f0   Section        0  stm32f4xx_hal_cortex.o(.text.HAL_NVIC_SetPriority)
    [Anonymous Symbol]                       0x0800092c   Section        0  stm32f4xx_hal_cortex.o(.text.HAL_NVIC_SetPriorityGrouping)
    __arm_cp.0_0                             0x08000944   Number         4  stm32f4xx_hal_cortex.o(.text.HAL_NVIC_SetPriorityGrouping)
    __arm_cp.0_1                             0x08000948   Number         4  stm32f4xx_hal_cortex.o(.text.HAL_NVIC_SetPriorityGrouping)
    [Anonymous Symbol]                       0x0800094c   Section        0  stm32f4xx_hal_cortex.o(.text.HAL_SYSTICK_Config)
    __arm_cp.7_0                             0x0800096c   Number         4  stm32f4xx_hal_cortex.o(.text.HAL_SYSTICK_Config)
    __arm_cp.7_1                             0x08000970   Number         4  stm32f4xx_hal_cortex.o(.text.HAL_SYSTICK_Config)
    [Anonymous Symbol]                       0x08000974   Section        0  stm32f4xx_hal_tim_ex.o(.text.HAL_TIMEx_BreakCallback)
    [Anonymous Symbol]                       0x08000976   Section        0  stm32f4xx_hal_tim_ex.o(.text.HAL_TIMEx_CommutationCallback)
    [Anonymous Symbol]                       0x08000978   Section        0  stm32f4xx_hal_tim.o(.text.HAL_TIM_Base_Init)
    [Anonymous Symbol]                       0x080009ac   Section        0  stm32f4xx_hal_tim.o(.text.HAL_TIM_Base_MspInit)
    [Anonymous Symbol]                       0x080009ae   Section        0  stm32f4xx_hal_tim.o(.text.HAL_TIM_Base_Start_IT)
    [Anonymous Symbol]                       0x080009c4   Section        0  stm32f4xx_hal_tim.o(.text.HAL_TIM_IC_CaptureCallback)
    [Anonymous Symbol]                       0x080009c6   Section        0  stm32f4xx_hal_tim.o(.text.HAL_TIM_IRQHandler)
    [Anonymous Symbol]                       0x08000b30   Section        0  stm32f4xx_hal_tim.o(.text.HAL_TIM_OC_DelayElapsedCallback)
    [Anonymous Symbol]                       0x08000b32   Section        0  stm32f4xx_hal_tim.o(.text.HAL_TIM_PWM_PulseFinishedCallback)
    [Anonymous Symbol]                       0x08000b34   Section        0  stm32f4xx_hal_tim.o(.text.HAL_TIM_PeriodElapsedCallback)
    [Anonymous Symbol]                       0x08000b36   Section        0  stm32f4xx_hal_tim.o(.text.HAL_TIM_TriggerCallback)
    [Anonymous Symbol]                       0x08000b38   Section        0  irq.o(.text.SysTick_Handler)
    [Anonymous Symbol]                       0x08000b3c   Section        0  system_stm32f4xx.o(.text.SystemInit)
    __arm_cp.0_0                             0x08000b78   Number         4  system_stm32f4xx.o(.text.SystemInit)
    __arm_cp.0_1                             0x08000b7c   Number         4  system_stm32f4xx.o(.text.SystemInit)
    __arm_cp.0_2                             0x08000b80   Number         4  system_stm32f4xx.o(.text.SystemInit)
    __arm_cp.0_3                             0x08000b84   Number         4  system_stm32f4xx.o(.text.SystemInit)
    [Anonymous Symbol]                       0x08000b88   Section        0  irq.o(.text.TIM2_IRQHandler)
    [Anonymous Symbol]                       0x08000b8c   Section        0  stm32f4xx_hal_tim.o(.text.TIM_Base_SetConfig)
    __arm_cp.2_0                             0x08000c28   Number         4  stm32f4xx_hal_tim.o(.text.TIM_Base_SetConfig)
    __arm_cp.2_1                             0x08000c2c   Number         4  stm32f4xx_hal_tim.o(.text.TIM_Base_SetConfig)
    __arm_cp.2_2                             0x08000c30   Number         4  stm32f4xx_hal_tim.o(.text.TIM_Base_SetConfig)
    __arm_cp.2_3                             0x08000c34   Number         4  stm32f4xx_hal_tim.o(.text.TIM_Base_SetConfig)
    __arm_cp.2_4                             0x08000c38   Number         4  stm32f4xx_hal_tim.o(.text.TIM_Base_SetConfig)
    __arm_cp.2_5                             0x08000c3c   Number         4  stm32f4xx_hal_tim.o(.text.TIM_Base_SetConfig)
    __arm_cp.2_6                             0x08000c40   Number         4  stm32f4xx_hal_tim.o(.text.TIM_Base_SetConfig)
    __arm_cp.2_7                             0x08000c44   Number         4  stm32f4xx_hal_tim.o(.text.TIM_Base_SetConfig)
    __arm_cp.2_8                             0x08000c48   Number         4  stm32f4xx_hal_tim.o(.text.TIM_Base_SetConfig)
    __arm_cp.2_9                             0x08000c4c   Number         4  stm32f4xx_hal_tim.o(.text.TIM_Base_SetConfig)
    __arm_cp.2_10                            0x08000c50   Number         4  stm32f4xx_hal_tim.o(.text.TIM_Base_SetConfig)
    [Anonymous Symbol]                       0x08000c54   Section        0  irq.o(.text._Z19TIM2_IRQHandler_cppv)
    [Anonymous Symbol]                       0x08000c6c   Section        0  dac.o(.text._ZN3Dac15HAL_DAC_MspInitEP17DAC_HandleTypeDef)
    __arm_cp.1_1                             0x08000cd8   Number         4  dac.o(.text._ZN3Dac15HAL_DAC_MspInitEP17DAC_HandleTypeDef)
    [Anonymous Symbol]                       0x08000cdc   Section        0  dac.o(.text._ZN3Dac3lowEv)
    [Anonymous Symbol]                       0x08000cf6   Section        0  dac.o(.text._ZN3Dac4highEv)
    [Anonymous Symbol]                       0x08000d14   Section        0  dac.o(.text._ZN3Dac4initEj)
    __arm_cp.0_0                             0x08000d5c   Number         4  dac.o(.text._ZN3Dac4initEj)
    [Anonymous Symbol]                       0x08000d60   Section        0  main.o(.text._ZN3DacC2Ev)
    [Anonymous Symbol]                       0x08000d74   Section        0  hal.o(.text._ZN3Hal11HAL_MspInitEv)
    [Anonymous Symbol]                       0x08000dac   Section        0  hal.o(.text._ZN3Hal4initEv)
    [Anonymous Symbol]                       0x08000dba   Section        0  tim.o(.text._ZN3Tim14sample_tick_usEv)
    [Anonymous Symbol]                       0x08000dc0   Section        0  tim.o(.text._ZN3Tim20HAL_TIM_Base_MspInitEP17TIM_HandleTypeDef)
    __arm_cp.1_0                             0x08000df8   Number         4  tim.o(.text._ZN3Tim20HAL_TIM_Base_MspInitEP17TIM_HandleTypeDef)
    [Anonymous Symbol]                       0x08000dfc   Section        0  tim.o(.text._ZN3Tim4initEv)
    __arm_cp.0_0                             0x08000e30   Number         4  tim.o(.text._ZN3Tim4initEv)
    [Anonymous Symbol]                       0x08000e38   Section        0  wave_1.o(.text._ZN4Sine11fill_memoryEv)
    [Anonymous Symbol]                       0x08000ed8   Section        0  wave_1.o(.text._ZN4SineC2Ev)
    [Anonymous Symbol]                       0x08000ee8   Section        0  wave_1.o(.text._ZN4WaveC2Ev)
    [Anonymous Symbol]                       0x08000f00   Section        0  wave_1.o(.text._ZN6Square11fill_memoryEv)
    [Anonymous Symbol]                       0x08000f2e   Section        0  wave_1.o(.text._ZN6SquareC2Ev)
    [Anonymous Symbol]                       0x08000f3e   Section        0  cxa_handlers.cpp.o(.text._ZSt15get_new_handlerv)
    [Anonymous Symbol]                       0x08000f4a   Section        0  new.cpp.o(.text._Znaj)
    [Anonymous Symbol]                       0x08000f50   Section        0  new.cpp.o(.text._Znwj)
    __NVIC_SetPriority                       0x08000f79   Thumb Code    36  stm32f4xx_hal_cortex.o(.text.__NVIC_SetPriority)
    [Anonymous Symbol]                       0x08000f78   Section        0  stm32f4xx_hal_cortex.o(.text.__NVIC_SetPriority)
    __arm_cp.2_0                             0x08000f94   Number         4  stm32f4xx_hal_cortex.o(.text.__NVIC_SetPriority)
    __arm_cp.2_1                             0x08000f98   Number         4  stm32f4xx_hal_cortex.o(.text.__NVIC_SetPriority)
    [Anonymous Symbol]                       0x08000f9c   Section        0  main.o(.text.main)
    __arm_cp.0_0                             0x0800100c   Number         4  main.o(.text.main)
    i.__ARM_fpclassify                       0x08001010   Section        0  fpclassify.o(i.__ARM_fpclassify)
    i.__hardfp_sin                           0x08001040   Section        0  sin.o(i.__hardfp_sin)
    i.__ieee754_rem_pio2                     0x08001108   Section        0  rred.o(i.__ieee754_rem_pio2)
    i.__kernel_cos                           0x08001540   Section        0  cos_i.o(i.__kernel_cos)
    i.__kernel_poly                          0x080016b0   Section        0  poly.o(i.__kernel_poly)
    i.__kernel_sin                           0x080017a8   Section        0  sin_i.o(i.__kernel_sin)
    i.__mathlib_dbl_infnan                   0x080018d8   Section        0  dunder.o(i.__mathlib_dbl_infnan)
    i.__mathlib_dbl_invalid                  0x080018f0   Section        0  dunder.o(i.__mathlib_dbl_invalid)
    i.__mathlib_dbl_underflow                0x08001910   Section        0  dunder.o(i.__mathlib_dbl_underflow)
    i.fabs                                   0x08001930   Section        0  fabs.o(i.fabs)
    $v0                                      0x08001948   Number         0  basic.o(x$fpl$basic)
    x$fpl$basic                              0x08001948   Section       24  basic.o(x$fpl$basic)
    $v0                                      0x08001960   Number         0  daddsub_clz.o(x$fpl$dadd)
    x$fpl$dadd                               0x08001960   Section      336  daddsub_clz.o(x$fpl$dadd)
    _dadd1                                   0x08001971   Thumb Code     0  daddsub_clz.o(x$fpl$dadd)
    $v0                                      0x08001ab0   Number         0  ddiv.o(x$fpl$ddiv)
    x$fpl$ddiv                               0x08001ab0   Section      688  ddiv.o(x$fpl$ddiv)
    ddiv_entry                               0x08001ab7   Thumb Code     0  ddiv.o(x$fpl$ddiv)
    $v0                                      0x08001d60   Number         0  dfix.o(x$fpl$dfix)
    x$fpl$dfix                               0x08001d60   Section       94  dfix.o(x$fpl$dfix)
    $v0                                      0x08001dc0   Number         0  dfixu.o(x$fpl$dfixu)
    x$fpl$dfixu                              0x08001dc0   Section       90  dfixu.o(x$fpl$dfixu)
    $v0                                      0x08001e1a   Number         0  dflt_clz.o(x$fpl$dflt)
    x$fpl$dflt                               0x08001e1a   Section       46  dflt_clz.o(x$fpl$dflt)
    $v0                                      0x08001e48   Number         0  dflt_clz.o(x$fpl$dfltu)
    x$fpl$dfltu                              0x08001e48   Section       38  dflt_clz.o(x$fpl$dfltu)
    $v0                                      0x08001e70   Number         0  dmul.o(x$fpl$dmul)
    x$fpl$dmul                               0x08001e70   Section      340  dmul.o(x$fpl$dmul)
    $v0                                      0x08001fc4   Number         0  dnaninf.o(x$fpl$dnaninf)
    x$fpl$dnaninf                            0x08001fc4   Section      156  dnaninf.o(x$fpl$dnaninf)
    $v0                                      0x08002060   Number         0  dretinf.o(x$fpl$dretinf)
    x$fpl$dretinf                            0x08002060   Section       12  dretinf.o(x$fpl$dretinf)
    $v0                                      0x0800206c   Number         0  daddsub_clz.o(x$fpl$drsb)
    x$fpl$drsb                               0x0800206c   Section       22  daddsub_clz.o(x$fpl$drsb)
    $v0                                      0x08002084   Number         0  daddsub_clz.o(x$fpl$dsub)
    x$fpl$dsub                               0x08002084   Section      468  daddsub_clz.o(x$fpl$dsub)
    _dsub1                                   0x08002095   Thumb Code     0  daddsub_clz.o(x$fpl$dsub)
    $v0                                      0x08002258   Number         0  fpinit.o(x$fpl$fpinit)
    x$fpl$fpinit                             0x08002258   Section       26  fpinit.o(x$fpl$fpinit)
    x$fpl$usenofp                            0x08002272   Section        0  usenofp.o(x$fpl$usenofp)
    C                                        0x08002278   Data          48  cos_i.o(.constdata)
    .constdata                               0x08002278   Section       48  cos_i.o(.constdata)
    pio2s                                    0x080022a8   Data          48  rred.o(.constdata)
    .constdata                               0x080022a8   Section      200  rred.o(.constdata)
    twooverpi                                0x080022d8   Data         152  rred.o(.constdata)
    S                                        0x08002370   Data          40  sin_i.o(.constdata)
    .constdata                               0x08002370   Section       40  sin_i.o(.constdata)
    [Anonymous Symbol]                       0x20000000   Section        0  stm32f4xx_hal.o(.data..L_MergedGlobals)
    .bss                                     0x20000010   Section       96  libspace.o(.bss)
    Heap_Mem                                 0x200000c0   Data       65536  startup_stm32f446xx.o(HEAP)
    HEAP                                     0x200000c0   Section    65536  startup_stm32f446xx.o(HEAP)
    Stack_Mem                                0x200100c0   Data        1024  startup_stm32f446xx.o(STACK)
    STACK                                    0x200100c0   Section     1024  startup_stm32f446xx.o(STACK)
    __initial_sp                             0x200104c0   Data           0  startup_stm32f446xx.o(STACK)

    Global Symbols

    Symbol Name                              Value     Ov Type        Size  Object(Section)

    BuildAttributes$$THM_ISAv4$E$P$D$K$B$S$7EM$VFPi3$EXTD16$VFPS$VFMA$PE$A:L22UL41UL21$X:L11$S22US41US21$IEEE1$IW$~IW$USESV6$~STKCKD$USESV7$~SHL$OTIME$ROPI$IEEEX$EBA8$UX$STANDARDLIB$REQ8$PRES8$EABIv2 0x00000000   Number         0  anon$$obj.o ABSOLUTE
    __ARM_exceptions_init                     - Undefined Weak Reference
    __alloca_initialize                       - Undefined Weak Reference
    __arm_preinit_                            - Undefined Weak Reference
    __cpp_initialize__aeabi_                  - Undefined Weak Reference
    __cxa_finalize                            - Undefined Weak Reference
    __rt_locale                               - Undefined Weak Reference
    __sigvec_lookup                           - Undefined Weak Reference
    __user_heap_extent                        - Undefined Weak Reference
    _atexit_init                              - Undefined Weak Reference
    _call_atexit_fns                          - Undefined Weak Reference
    _clock_init                               - Undefined Weak Reference
    _fp_trap_init                             - Undefined Weak Reference
    _fp_trap_shutdown                         - Undefined Weak Reference
    _get_lc_collate                           - Undefined Weak Reference
    _get_lc_ctype                             - Undefined Weak Reference
    _get_lc_monetary                          - Undefined Weak Reference
    _get_lc_numeric                           - Undefined Weak Reference
    _get_lc_time                              - Undefined Weak Reference
    _getenv_init                              - Undefined Weak Reference
    _handle_redirection                       - Undefined Weak Reference
    _initio                                   - Undefined Weak Reference
    _mutex_acquire                            - Undefined Weak Reference
    _mutex_free                               - Undefined Weak Reference
    _mutex_release                            - Undefined Weak Reference
    _rand_init                                - Undefined Weak Reference
    _signal_finish                            - Undefined Weak Reference
    _signal_init                              - Undefined Weak Reference
    _terminateio                              - Undefined Weak Reference
    __Vectors_Size                           0x000001c4   Number         0  startup_stm32f446xx.o ABSOLUTE
    __Vectors                                0x08000000   Data           4  startup_stm32f446xx.o(RESET)
    __Vectors_End                            0x080001c4   Data           0  startup_stm32f446xx.o(RESET)
    __main                                   0x080001c5   Thumb Code     8  __main.o(!!!main)
    __scatterload                            0x080001cd   Thumb Code     0  __scatter.o(!!!scatter)
    __scatterload_rt2                        0x080001cd   Thumb Code    44  __scatter.o(!!!scatter)
    __scatterload_rt2_thumb_only             0x080001cd   Thumb Code     0  __scatter.o(!!!scatter)
    __scatterload_null                       0x080001db   Thumb Code     0  __scatter.o(!!!scatter)
    __scatterload_copy                       0x08000201   Thumb Code    26  __scatter_copy.o(!!handler_copy)
    __scatterload_zeroinit                   0x0800021d   Thumb Code    28  __scatter_zi.o(!!handler_zi)
    __rt_lib_init                            0x08000239   Thumb Code     0  libinit.o(.ARM.Collect$$libinit$$00000000)
    __rt_lib_init_fp_1                       0x0800023b   Thumb Code     0  libinit2.o(.ARM.Collect$$libinit$$00000001)
    __rt_lib_init_heap_2                     0x0800023f   Thumb Code     0  libinit2.o(.ARM.Collect$$libinit$$00000005)
    __rt_lib_init_preinit_1                  0x0800023f   Thumb Code     0  libinit2.o(.ARM.Collect$$libinit$$00000004)
    __rt_lib_init_alloca_1                   0x08000247   Thumb Code     0  libinit2.o(.ARM.Collect$$libinit$$0000002E)
    __rt_lib_init_argv_1                     0x08000247   Thumb Code     0  libinit2.o(.ARM.Collect$$libinit$$0000002C)
    __rt_lib_init_atexit_1                   0x08000247   Thumb Code     0  libinit2.o(.ARM.Collect$$libinit$$0000001B)
    __rt_lib_init_clock_1                    0x08000247   Thumb Code     0  libinit2.o(.ARM.Collect$$libinit$$00000021)
    __rt_lib_init_cpp_1                      0x08000247   Thumb Code     0  libinit2.o(.ARM.Collect$$libinit$$00000032)
    __rt_lib_init_exceptions_1               0x08000247   Thumb Code     0  libinit2.o(.ARM.Collect$$libinit$$00000030)
    __rt_lib_init_fp_trap_1                  0x08000247   Thumb Code     0  libinit2.o(.ARM.Collect$$libinit$$0000001F)
    __rt_lib_init_getenv_1                   0x08000247   Thumb Code     0  libinit2.o(.ARM.Collect$$libinit$$00000023)
    __rt_lib_init_heap_1                     0x08000247   Thumb Code     0  libinit2.o(.ARM.Collect$$libinit$$0000000A)
    __rt_lib_init_lc_collate_1               0x08000247   Thumb Code     0  libinit2.o(.ARM.Collect$$libinit$$00000011)
    __rt_lib_init_lc_ctype_1                 0x08000247   Thumb Code     0  libinit2.o(.ARM.Collect$$libinit$$00000013)
    __rt_lib_init_lc_monetary_1              0x08000247   Thumb Code     0  libinit2.o(.ARM.Collect$$libinit$$00000015)
    __rt_lib_init_lc_numeric_1               0x08000247   Thumb Code     0  libinit2.o(.ARM.Collect$$libinit$$00000017)
    __rt_lib_init_lc_time_1                  0x08000247   Thumb Code     0  libinit2.o(.ARM.Collect$$libinit$$00000019)
    __rt_lib_init_rand_1                     0x08000247   Thumb Code     0  libinit2.o(.ARM.Collect$$libinit$$0000000E)
    __rt_lib_init_return                     0x08000247   Thumb Code     0  libinit2.o(.ARM.Collect$$libinit$$00000033)
    __rt_lib_init_signal_1                   0x08000247   Thumb Code     0  libinit2.o(.ARM.Collect$$libinit$$0000001D)
    __rt_lib_init_stdio_1                    0x08000247   Thumb Code     0  libinit2.o(.ARM.Collect$$libinit$$00000025)
    __rt_lib_init_user_alloc_1               0x08000247   Thumb Code     0  libinit2.o(.ARM.Collect$$libinit$$0000000C)
    __rt_lib_shutdown                        0x08000249   Thumb Code     0  libshutdown.o(.ARM.Collect$$libshutdown$$00000000)
    __rt_lib_shutdown_cpp_1                  0x0800024b   Thumb Code     0  libshutdown2.o(.ARM.Collect$$libshutdown$$00000002)
    __rt_lib_shutdown_fp_trap_1              0x0800024b   Thumb Code     0  libshutdown2.o(.ARM.Collect$$libshutdown$$00000007)
    __rt_lib_shutdown_heap_1                 0x0800024b   Thumb Code     0  libshutdown2.o(.ARM.Collect$$libshutdown$$0000000F)
    __rt_lib_shutdown_return                 0x0800024b   Thumb Code     0  libshutdown2.o(.ARM.Collect$$libshutdown$$00000010)
    __rt_lib_shutdown_signal_1               0x0800024b   Thumb Code     0  libshutdown2.o(.ARM.Collect$$libshutdown$$0000000A)
    __rt_lib_shutdown_stdio_1                0x0800024b   Thumb Code     0  libshutdown2.o(.ARM.Collect$$libshutdown$$00000004)
    __rt_lib_shutdown_user_alloc_1           0x0800024b   Thumb Code     0  libshutdown2.o(.ARM.Collect$$libshutdown$$0000000C)
    __rt_entry                               0x0800024d   Thumb Code     0  __rtentry.o(.ARM.Collect$$rtentry$$00000000)
    __rt_entry_presh_1                       0x0800024d   Thumb Code     0  __rtentry2.o(.ARM.Collect$$rtentry$$00000002)
    __rt_entry_sh                            0x0800024d   Thumb Code     0  __rtentry4.o(.ARM.Collect$$rtentry$$00000004)
    __rt_entry_li                            0x08000253   Thumb Code     0  __rtentry2.o(.ARM.Collect$$rtentry$$0000000A)
    __rt_entry_postsh_1                      0x08000253   Thumb Code     0  __rtentry2.o(.ARM.Collect$$rtentry$$00000009)
    __rt_entry_main                          0x08000257   Thumb Code     0  __rtentry2.o(.ARM.Collect$$rtentry$$0000000D)
    __rt_entry_postli_1                      0x08000257   Thumb Code     0  __rtentry2.o(.ARM.Collect$$rtentry$$0000000C)
    __rt_exit                                0x0800025f   Thumb Code     0  rtexit.o(.ARM.Collect$$rtexit$$00000000)
    __rt_exit_ls                             0x08000261   Thumb Code     0  rtexit2.o(.ARM.Collect$$rtexit$$00000003)
    __rt_exit_prels_1                        0x08000261   Thumb Code     0  rtexit2.o(.ARM.Collect$$rtexit$$00000002)
    __rt_exit_exit                           0x08000265   Thumb Code     0  rtexit2.o(.ARM.Collect$$rtexit$$00000004)
    Reset_Handler                            0x0800026d   Thumb Code     8  startup_stm32f446xx.o(.text)
    NMI_Handler                              0x08000275   Thumb Code     2  startup_stm32f446xx.o(.text)
    HardFault_Handler                        0x08000277   Thumb Code     2  startup_stm32f446xx.o(.text)
    MemManage_Handler                        0x08000279   Thumb Code     2  startup_stm32f446xx.o(.text)
    BusFault_Handler                         0x0800027b   Thumb Code     2  startup_stm32f446xx.o(.text)
    UsageFault_Handler                       0x0800027d   Thumb Code     2  startup_stm32f446xx.o(.text)
    SVC_Handler                              0x0800027f   Thumb Code     2  startup_stm32f446xx.o(.text)
    DebugMon_Handler                         0x08000281   Thumb Code     2  startup_stm32f446xx.o(.text)
    PendSV_Handler                           0x08000283   Thumb Code     2  startup_stm32f446xx.o(.text)
    ADC_IRQHandler                           0x08000287   Thumb Code     0  startup_stm32f446xx.o(.text)
    CAN1_RX0_IRQHandler                      0x08000287   Thumb Code     0  startup_stm32f446xx.o(.text)
    CAN1_RX1_IRQHandler                      0x08000287   Thumb Code     0  startup_stm32f446xx.o(.text)
    CAN1_SCE_IRQHandler                      0x08000287   Thumb Code     0  startup_stm32f446xx.o(.text)
    CAN1_TX_IRQHandler                       0x08000287   Thumb Code     0  startup_stm32f446xx.o(.text)
    CAN2_RX0_IRQHandler                      0x08000287   Thumb Code     0  startup_stm32f446xx.o(.text)
    CAN2_RX1_IRQHandler                      0x08000287   Thumb Code     0  startup_stm32f446xx.o(.text)
    CAN2_SCE_IRQHandler                      0x08000287   Thumb Code     0  startup_stm32f446xx.o(.text)
    CAN2_TX_IRQHandler                       0x08000287   Thumb Code     0  startup_stm32f446xx.o(.text)
    CEC_IRQHandler                           0x08000287   Thumb Code     0  startup_stm32f446xx.o(.text)
    DCMI_IRQHandler                          0x08000287   Thumb Code     0  startup_stm32f446xx.o(.text)
    DMA1_Stream0_IRQHandler                  0x08000287   Thumb Code     0  startup_stm32f446xx.o(.text)
    DMA1_Stream1_IRQHandler                  0x08000287   Thumb Code     0  startup_stm32f446xx.o(.text)
    DMA1_Stream2_IRQHandler                  0x08000287   Thumb Code     0  startup_stm32f446xx.o(.text)
    DMA1_Stream3_IRQHandler                  0x08000287   Thumb Code     0  startup_stm32f446xx.o(.text)
    DMA1_Stream4_IRQHandler                  0x08000287   Thumb Code     0  startup_stm32f446xx.o(.text)
    DMA1_Stream5_IRQHandler                  0x08000287   Thumb Code     0  startup_stm32f446xx.o(.text)
    DMA1_Stream6_IRQHandler                  0x08000287   Thumb Code     0  startup_stm32f446xx.o(.text)
    DMA1_Stream7_IRQHandler                  0x08000287   Thumb Code     0  startup_stm32f446xx.o(.text)
    DMA2_Stream0_IRQHandler                  0x08000287   Thumb Code     0  startup_stm32f446xx.o(.text)
    DMA2_Stream1_IRQHandler                  0x08000287   Thumb Code     0  startup_stm32f446xx.o(.text)
    DMA2_Stream2_IRQHandler                  0x08000287   Thumb Code     0  startup_stm32f446xx.o(.text)
    DMA2_Stream3_IRQHandler                  0x08000287   Thumb Code     0  startup_stm32f446xx.o(.text)
    DMA2_Stream4_IRQHandler                  0x08000287   Thumb Code     0  startup_stm32f446xx.o(.text)
    DMA2_Stream5_IRQHandler                  0x08000287   Thumb Code     0  startup_stm32f446xx.o(.text)
    DMA2_Stream6_IRQHandler                  0x08000287   Thumb Code     0  startup_stm32f446xx.o(.text)
    DMA2_Stream7_IRQHandler                  0x08000287   Thumb Code     0  startup_stm32f446xx.o(.text)
    EXTI0_IRQHandler                         0x08000287   Thumb Code     0  startup_stm32f446xx.o(.text)
    EXTI15_10_IRQHandler                     0x08000287   Thumb Code     0  startup_stm32f446xx.o(.text)
    EXTI1_IRQHandler                         0x08000287   Thumb Code     0  startup_stm32f446xx.o(.text)
    EXTI2_IRQHandler                         0x08000287   Thumb Code     0  startup_stm32f446xx.o(.text)
    EXTI3_IRQHandler                         0x08000287   Thumb Code     0  startup_stm32f446xx.o(.text)
    EXTI4_IRQHandler                         0x08000287   Thumb Code     0  startup_stm32f446xx.o(.text)
    EXTI9_5_IRQHandler                       0x08000287   Thumb Code     0  startup_stm32f446xx.o(.text)
    FLASH_IRQHandler                         0x08000287   Thumb Code     0  startup_stm32f446xx.o(.text)
    FMC_IRQHandler                           0x08000287   Thumb Code     0  startup_stm32f446xx.o(.text)
    FPU_IRQHandler                           0x08000287   Thumb Code     0  startup_stm32f446xx.o(.text)
    I2C1_ER_IRQHandler                       0x08000287   Thumb Code     0  startup_stm32f446xx.o(.text)
    I2C1_EV_IRQHandler                       0x08000287   Thumb Code     0  startup_stm32f446xx.o(.text)
    I2C2_ER_IRQHandler                       0x08000287   Thumb Code     0  startup_stm32f446xx.o(.text)
    I2C2_EV_IRQHandler                       0x08000287   Thumb Code     0  startup_stm32f446xx.o(.text)
    I2C3_ER_IRQHandler                       0x08000287   Thumb Code     0  startup_stm32f446xx.o(.text)
    I2C3_EV_IRQHandler                       0x08000287   Thumb Code     0  startup_stm32f446xx.o(.text)
    I2C4_Error_IRQHandler                    0x08000287   Thumb Code     0  startup_stm32f446xx.o(.text)
    I2C4_Event_IRQHandler                    0x08000287   Thumb Code     0  startup_stm32f446xx.o(.text)
    OTG_FS_IRQHandler                        0x08000287   Thumb Code     0  startup_stm32f446xx.o(.text)
    OTG_FS_WKUP_IRQHandler                   0x08000287   Thumb Code     0  startup_stm32f446xx.o(.text)
    OTG_HS_EP1_IN_IRQHandler                 0x08000287   Thumb Code     0  startup_stm32f446xx.o(.text)
    OTG_HS_EP1_OUT_IRQHandler                0x08000287   Thumb Code     0  startup_stm32f446xx.o(.text)
    OTG_HS_IRQHandler                        0x08000287   Thumb Code     0  startup_stm32f446xx.o(.text)
    OTG_HS_WKUP_IRQHandler                   0x08000287   Thumb Code     0  startup_stm32f446xx.o(.text)
    PVD_IRQHandler                           0x08000287   Thumb Code     0  startup_stm32f446xx.o(.text)
    QUADSPI_IRQHandler                       0x08000287   Thumb Code     0  startup_stm32f446xx.o(.text)
    RCC_IRQHandler                           0x08000287   Thumb Code     0  startup_stm32f446xx.o(.text)
    RTC_Alarm_IRQHandler                     0x08000287   Thumb Code     0  startup_stm32f446xx.o(.text)
    RTC_WKUP_IRQHandler                      0x08000287   Thumb Code     0  startup_stm32f446xx.o(.text)
    SAI1_IRQHandler                          0x08000287   Thumb Code     0  startup_stm32f446xx.o(.text)
    SAI2_IRQHandler                          0x08000287   Thumb Code     0  startup_stm32f446xx.o(.text)
    SDIO_IRQHandler                          0x08000287   Thumb Code     0  startup_stm32f446xx.o(.text)
    SPDIF_RX_IRQHandler                      0x08000287   Thumb Code     0  startup_stm32f446xx.o(.text)
    SPI1_IRQHandler                          0x08000287   Thumb Code     0  startup_stm32f446xx.o(.text)
    SPI2_IRQHandler                          0x08000287   Thumb Code     0  startup_stm32f446xx.o(.text)
    SPI3_IRQHandler                          0x08000287   Thumb Code     0  startup_stm32f446xx.o(.text)
    SPI4_IRQHandler                          0x08000287   Thumb Code     0  startup_stm32f446xx.o(.text)
    TAMP_STAMP_IRQHandler                    0x08000287   Thumb Code     0  startup_stm32f446xx.o(.text)
    TIM1_BRK_TIM9_IRQHandler                 0x08000287   Thumb Code     0  startup_stm32f446xx.o(.text)
    TIM1_CC_IRQHandler                       0x08000287   Thumb Code     0  startup_stm32f446xx.o(.text)
    TIM1_TRG_COM_TIM11_IRQHandler            0x08000287   Thumb Code     0  startup_stm32f446xx.o(.text)
    TIM1_UP_TIM10_IRQHandler                 0x08000287   Thumb Code     0  startup_stm32f446xx.o(.text)
    TIM3_IRQHandler                          0x08000287   Thumb Code     0  startup_stm32f446xx.o(.text)
    TIM4_IRQHandler                          0x08000287   Thumb Code     0  startup_stm32f446xx.o(.text)
    TIM5_IRQHandler                          0x08000287   Thumb Code     0  startup_stm32f446xx.o(.text)
    TIM6_DAC_IRQHandler                      0x08000287   Thumb Code     0  startup_stm32f446xx.o(.text)
    TIM7_IRQHandler                          0x08000287   Thumb Code     0  startup_stm32f446xx.o(.text)
    TIM8_BRK_TIM12_IRQHandler                0x08000287   Thumb Code     0  startup_stm32f446xx.o(.text)
    TIM8_CC_IRQHandler                       0x08000287   Thumb Code     0  startup_stm32f446xx.o(.text)
    TIM8_TRG_COM_TIM14_IRQHandler            0x08000287   Thumb Code     0  startup_stm32f446xx.o(.text)
    TIM8_UP_TIM13_IRQHandler                 0x08000287   Thumb Code     0  startup_stm32f446xx.o(.text)
    UART4_IRQHandler                         0x08000287   Thumb Code     0  startup_stm32f446xx.o(.text)
    UART5_IRQHandler                         0x08000287   Thumb Code     0  startup_stm32f446xx.o(.text)
    USART1_IRQHandler                        0x08000287   Thumb Code     0  startup_stm32f446xx.o(.text)
    USART2_IRQHandler                        0x08000287   Thumb Code     0  startup_stm32f446xx.o(.text)
    USART3_IRQHandler                        0x08000287   Thumb Code     0  startup_stm32f446xx.o(.text)
    USART6_IRQHandler                        0x08000287   Thumb Code     0  startup_stm32f446xx.o(.text)
    WWDG_IRQHandler                          0x08000287   Thumb Code     0  startup_stm32f446xx.o(.text)
    __user_initial_stackheap                 0x08000289   Thumb Code     0  startup_stm32f446xx.o(.text)
    __aeabi_memclr4                          0x080002ad   Thumb Code     0  rt_memclr_w.o(.text)
    __aeabi_memclr8                          0x080002ad   Thumb Code     0  rt_memclr_w.o(.text)
    __rt_memclr_w                            0x080002ad   Thumb Code    78  rt_memclr_w.o(.text)
    _memset_w                                0x080002b1   Thumb Code     0  rt_memclr_w.o(.text)
    __use_two_region_memory                  0x080002fb   Thumb Code     2  heapauxi.o(.text)
    __rt_heap_escrow                         0x080002fd   Thumb Code     2  heapauxi.o(.text)
    __rt_heap_expand                         0x080002ff   Thumb Code     2  heapauxi.o(.text)
    malloc                                   0x08000301   Thumb Code    94  h1_alloc.o(.text)
    free                                     0x0800035f   Thumb Code    78  h1_free.o(.text)
    __read_errno                             0x080003ad   Thumb Code    10  _rserrno.o(.text)
    __set_errno                              0x080003b7   Thumb Code    12  _rserrno.o(.text)
    _sys_exit                                0x080003c5   Thumb Code     8  sys_exit.o(.text)
    __rt_heap_descriptor                     0x080003d1   Thumb Code     8  rt_heap_descriptor_intlibspace.o(.text)
    __aeabi_errno_addr                       0x080003d9   Thumb Code     8  rt_errno_addr_intlibspace.o(.text)
    __errno$intlibspace                      0x080003d9   Thumb Code     0  rt_errno_addr_intlibspace.o(.text)
    __rt_errno_addr$intlibspace              0x080003d9   Thumb Code     0  rt_errno_addr_intlibspace.o(.text)
    __use_no_heap                            0x080003e1   Thumb Code     2  hguard.o(.text)
    __heap$guard                             0x080003e3   Thumb Code     2  hguard.o(.text)
    _terminate_user_alloc                    0x080003e5   Thumb Code     2  init_alloc.o(.text)
    _init_user_alloc                         0x080003e7   Thumb Code     2  init_alloc.o(.text)
    __Heap_Full                              0x080003e9   Thumb Code    34  init_alloc.o(.text)
    __Heap_Broken                            0x0800040b   Thumb Code     6  init_alloc.o(.text)
    _init_alloc                              0x08000411   Thumb Code    94  init_alloc.o(.text)
    __Heap_Initialize                        0x0800046f   Thumb Code    10  h1_init.o(.text)
    __Heap_DescSize                          0x08000479   Thumb Code     4  h1_init.o(.text)
    __user_libspace                          0x0800047d   Thumb Code     8  libspace.o(.text)
    __user_perproc_libspace                  0x0800047d   Thumb Code     0  libspace.o(.text)
    __user_perthread_libspace                0x0800047d   Thumb Code     0  libspace.o(.text)
    __I$use$semihosting                      0x08000485   Thumb Code     0  use_no_semi.o(.text)
    __use_no_semihosting_swi                 0x08000485   Thumb Code     2  use_no_semi.o(.text)
    __semihosting_library_function           0x08000487   Thumb Code     0  indicate_semi.o(.text)
    __user_setup_stackheap                   0x08000487   Thumb Code    74  sys_stackheap_outer.o(.text)
    __Heap_ProvideMemory                     0x080004d1   Thumb Code    52  h1_extend.o(.text)
    _maybe_terminate_alloc                   0x080004d1   Thumb Code     0  maybetermalloc1.o(.text)
    exit                                     0x08000505   Thumb Code    18  exit.o(.text)
    __sig_exit                               0x08000517   Thumb Code    10  defsig_exit.o(.text)
    __rt_SIGRTMEM                            0x08000521   Thumb Code    14  defsig_rtmem_outer.o(.text)
    __default_signal_display                 0x0800052f   Thumb Code    50  defsig_general.o(.text)
    __rt_SIGRTMEM_inner                      0x08000561   Thumb Code    22  defsig_rtmem_inner.o(.text)
    _ttywrch                                 0x080005b1   Thumb Code    14  sys_wrch.o(.text)
    HAL_DAC_ConfigChannel                    0x080005bf   Thumb Code    84  stm32f4xx_hal_dac.o(.text.HAL_DAC_ConfigChannel)
    HAL_DAC_Init                             0x08000613   Thumb Code    38  stm32f4xx_hal_dac.o(.text.HAL_DAC_Init)
    HAL_DAC_MspInit                          0x08000639   Thumb Code     2  stm32f4xx_hal_dac.o(.text.HAL_DAC_MspInit)
    HAL_DAC_SetValue                         0x0800063b   Thumb Code    38  stm32f4xx_hal_dac.o(.text.HAL_DAC_SetValue)
    HAL_DAC_Start                            0x08000661   Thumb Code    92  stm32f4xx_hal_dac.o(.text.HAL_DAC_Start)
    HAL_GPIO_Init                            0x080006bd   Thumb Code   396  stm32f4xx_hal_gpio.o(.text.HAL_GPIO_Init)
    HAL_IncTick                              0x08000849   Thumb Code    24  stm32f4xx_hal.o(.text.HAL_IncTick)
    HAL_Init                                 0x0800085d   Thumb Code    52  stm32f4xx_hal.o(.text.HAL_Init)
    HAL_InitTick                             0x08000891   Thumb Code    64  stm32f4xx_hal.o(.text.HAL_InitTick)
    HAL_MspInit                              0x080008d1   Thumb Code     2  stm32f4xx_hal.o(.text.HAL_MspInit)
    HAL_NVIC_EnableIRQ                       0x080008d5   Thumb Code    28  stm32f4xx_hal_cortex.o(.text.HAL_NVIC_EnableIRQ)
    HAL_NVIC_SetPriority                     0x080008f1   Thumb Code    64  stm32f4xx_hal_cortex.o(.text.HAL_NVIC_SetPriority)
    HAL_NVIC_SetPriorityGrouping             0x0800092d   Thumb Code    32  stm32f4xx_hal_cortex.o(.text.HAL_NVIC_SetPriorityGrouping)
    HAL_SYSTICK_Config                       0x0800094d   Thumb Code    40  stm32f4xx_hal_cortex.o(.text.HAL_SYSTICK_Config)
    HAL_TIMEx_BreakCallback                  0x08000975   Thumb Code     2  stm32f4xx_hal_tim_ex.o(.text.HAL_TIMEx_BreakCallback)
    HAL_TIMEx_CommutationCallback            0x08000977   Thumb Code     2  stm32f4xx_hal_tim_ex.o(.text.HAL_TIMEx_CommutationCallback)
    HAL_TIM_Base_Init                        0x08000979   Thumb Code    52  stm32f4xx_hal_tim.o(.text.HAL_TIM_Base_Init)
    HAL_TIM_Base_MspInit                     0x080009ad   Thumb Code     2  stm32f4xx_hal_tim.o(.text.HAL_TIM_Base_MspInit)
    HAL_TIM_Base_Start_IT                    0x080009af   Thumb Code    22  stm32f4xx_hal_tim.o(.text.HAL_TIM_Base_Start_IT)
    HAL_TIM_IC_CaptureCallback               0x080009c5   Thumb Code     2  stm32f4xx_hal_tim.o(.text.HAL_TIM_IC_CaptureCallback)
    HAL_TIM_IRQHandler                       0x080009c7   Thumb Code   362  stm32f4xx_hal_tim.o(.text.HAL_TIM_IRQHandler)
    HAL_TIM_OC_DelayElapsedCallback          0x08000b31   Thumb Code     2  stm32f4xx_hal_tim.o(.text.HAL_TIM_OC_DelayElapsedCallback)
    HAL_TIM_PWM_PulseFinishedCallback        0x08000b33   Thumb Code     2  stm32f4xx_hal_tim.o(.text.HAL_TIM_PWM_PulseFinishedCallback)
    HAL_TIM_PeriodElapsedCallback            0x08000b35   Thumb Code     2  stm32f4xx_hal_tim.o(.text.HAL_TIM_PeriodElapsedCallback)
    HAL_TIM_TriggerCallback                  0x08000b37   Thumb Code     2  stm32f4xx_hal_tim.o(.text.HAL_TIM_TriggerCallback)
    SysTick_Handler                          0x08000b39   Thumb Code     4  irq.o(.text.SysTick_Handler)
    SystemInit                               0x08000b3d   Thumb Code    76  system_stm32f4xx.o(.text.SystemInit)
    TIM2_IRQHandler                          0x08000b89   Thumb Code     4  irq.o(.text.TIM2_IRQHandler)
    TIM_Base_SetConfig                       0x08000b8d   Thumb Code   200  stm32f4xx_hal_tim.o(.text.TIM_Base_SetConfig)
    TIM2_IRQHandler_cpp()                    0x08000c55   Thumb Code    32  irq.o(.text._Z19TIM2_IRQHandler_cppv)
    Dac::HAL_DAC_MspInit(DAC_HandleTypeDef*) 0x08000c6d   Thumb Code   116  dac.o(.text._ZN3Dac15HAL_DAC_MspInitEP17DAC_HandleTypeDef)
    Dac::low()                               0x08000cdd   Thumb Code    26  dac.o(.text._ZN3Dac3lowEv)
    Dac::high()                              0x08000cf7   Thumb Code    28  dac.o(.text._ZN3Dac4highEv)
    Dac::init(unsigned)                      0x08000d15   Thumb Code    76  dac.o(.text._ZN3Dac4initEj)
    Dac::Dac__sub_object()                   0x08000d61   Thumb Code    20  main.o(.text._ZN3DacC2Ev)
    Hal::HAL_MspInit()                       0x08000d75   Thumb Code    60  hal.o(.text._ZN3Hal11HAL_MspInitEv)
    Hal::init()                              0x08000dad   Thumb Code    14  hal.o(.text._ZN3Hal4initEv)
    Tim::sample_tick_us()                    0x08000dbb   Thumb Code     4  tim.o(.text._ZN3Tim14sample_tick_usEv)
    Tim::HAL_TIM_Base_MspInit(TIM_HandleTypeDef*) 0x08000dc1   Thumb Code    60  tim.o(.text._ZN3Tim20HAL_TIM_Base_MspInitEP17TIM_HandleTypeDef)
    Tim::init()                              0x08000dfd   Thumb Code    56  tim.o(.text._ZN3Tim4initEv)
    Sine::fill_memory()                      0x08000e39   Thumb Code   160  wave_1.o(.text._ZN4Sine11fill_memoryEv)
    Sine::Sine()                             0x08000ed9   Thumb Code    16  wave_1.o(.text._ZN4SineC2Ev)
    Sine::Sine__sub_object()                 0x08000ed9   Thumb Code    16  wave_1.o(.text._ZN4SineC2Ev)
    Wave::Wave()                             0x08000ee9   Thumb Code    24  wave_1.o(.text._ZN4WaveC2Ev)
    Wave::Wave__sub_object()                 0x08000ee9   Thumb Code    24  wave_1.o(.text._ZN4WaveC2Ev)
    Square::fill_memory()                    0x08000f01   Thumb Code    46  wave_1.o(.text._ZN6Square11fill_memoryEv)
    Square::Square()                         0x08000f2f   Thumb Code    16  wave_1.o(.text._ZN6SquareC2Ev)
    Square::Square__sub_object()             0x08000f2f   Thumb Code    16  wave_1.o(.text._ZN6SquareC2Ev)
    std::get_new_handler()                   0x08000f3f   Thumb Code    12  cxa_handlers.cpp.o(.text._ZSt15get_new_handlerv)
    operator new[] (unsigned)                0x08000f4b   Thumb Code     4  new.cpp.o(.text._Znaj)
    operator new(unsigned)                   0x08000f51   Thumb Code    38  new.cpp.o(.text._Znwj)
    main                                     0x08000f9d   Thumb Code   116  main.o(.text.main)
    __ARM_fpclassify                         0x08001011   Thumb Code    48  fpclassify.o(i.__ARM_fpclassify)
    __hardfp_sin                             0x08001041   Thumb Code   180  sin.o(i.__hardfp_sin)
    __ieee754_rem_pio2                       0x08001109   Thumb Code   938  rred.o(i.__ieee754_rem_pio2)
    __kernel_cos                             0x08001541   Thumb Code   322  cos_i.o(i.__kernel_cos)
    __kernel_poly                            0x080016b1   Thumb Code   248  poly.o(i.__kernel_poly)
    __kernel_sin                             0x080017a9   Thumb Code   280  sin_i.o(i.__kernel_sin)
    __mathlib_dbl_infnan                     0x080018d9   Thumb Code    20  dunder.o(i.__mathlib_dbl_infnan)
    __mathlib_dbl_invalid                    0x080018f1   Thumb Code    24  dunder.o(i.__mathlib_dbl_invalid)
    __mathlib_dbl_underflow                  0x08001911   Thumb Code    24  dunder.o(i.__mathlib_dbl_underflow)
    fabs                                     0x08001931   Thumb Code    24  fabs.o(i.fabs)
    __aeabi_dneg                             0x08001949   Thumb Code     0  basic.o(x$fpl$basic)
    _dneg                                    0x08001949   Thumb Code     6  basic.o(x$fpl$basic)
    __aeabi_fneg                             0x0800194f   Thumb Code     0  basic.o(x$fpl$basic)
    _fneg                                    0x0800194f   Thumb Code     6  basic.o(x$fpl$basic)
    _dabs                                    0x08001955   Thumb Code     6  basic.o(x$fpl$basic)
    _fabs                                    0x0800195b   Thumb Code     6  basic.o(x$fpl$basic)
    __aeabi_dadd                             0x08001961   Thumb Code     0  daddsub_clz.o(x$fpl$dadd)
    _dadd                                    0x08001961   Thumb Code   332  daddsub_clz.o(x$fpl$dadd)
    __aeabi_ddiv                             0x08001ab1   Thumb Code     0  ddiv.o(x$fpl$ddiv)
    _ddiv                                    0x08001ab1   Thumb Code   552  ddiv.o(x$fpl$ddiv)
    __aeabi_d2iz                             0x08001d61   Thumb Code     0  dfix.o(x$fpl$dfix)
    _dfix                                    0x08001d61   Thumb Code    94  dfix.o(x$fpl$dfix)
    __aeabi_d2uiz                            0x08001dc1   Thumb Code     0  dfixu.o(x$fpl$dfixu)
    _dfixu                                   0x08001dc1   Thumb Code    90  dfixu.o(x$fpl$dfixu)
    __aeabi_i2d                              0x08001e1b   Thumb Code     0  dflt_clz.o(x$fpl$dflt)
    _dflt                                    0x08001e1b   Thumb Code    46  dflt_clz.o(x$fpl$dflt)
    __aeabi_ui2d                             0x08001e49   Thumb Code     0  dflt_clz.o(x$fpl$dfltu)
    _dfltu                                   0x08001e49   Thumb Code    38  dflt_clz.o(x$fpl$dfltu)
    __aeabi_dmul                             0x08001e71   Thumb Code     0  dmul.o(x$fpl$dmul)
    _dmul                                    0x08001e71   Thumb Code   332  dmul.o(x$fpl$dmul)
    __fpl_dnaninf                            0x08001fc5   Thumb Code   156  dnaninf.o(x$fpl$dnaninf)
    __fpl_dretinf                            0x08002061   Thumb Code    12  dretinf.o(x$fpl$dretinf)
    __aeabi_drsub                            0x0800206d   Thumb Code     0  daddsub_clz.o(x$fpl$drsb)
    _drsb                                    0x0800206d   Thumb Code    22  daddsub_clz.o(x$fpl$drsb)
    __aeabi_dsub                             0x08002085   Thumb Code     0  daddsub_clz.o(x$fpl$dsub)
    _dsub                                    0x08002085   Thumb Code   464  daddsub_clz.o(x$fpl$dsub)
    _fp_init                                 0x08002259   Thumb Code    26  fpinit.o(x$fpl$fpinit)
    __fplib_config_fpu_vfp                   0x08002271   Thumb Code     0  fpinit.o(x$fpl$fpinit)
    __fplib_config_pureend_doubles           0x08002271   Thumb Code     0  fpinit.o(x$fpl$fpinit)
    __I$use$fp                               0x08002272   Number         0  usenofp.o(x$fpl$usenofp)
    Region$$Table$$Base                      0x08002398   Number         0  anon$$obj.o(Region$$Table)
    Region$$Table$$Limit                     0x080023b8   Number         0  anon$$obj.o(Region$$Table)
    uwTickFreq                               0x20000000   Data           1  stm32f4xx_hal.o(.data..L_MergedGlobals)
    uwTickPrio                               0x20000004   Data           4  stm32f4xx_hal.o(.data..L_MergedGlobals)
    SystemCoreClock                          0x20000008   Data           4  system_stm32f4xx.o(.data.SystemCoreClock)
    __libspace_start                         0x20000010   Data          96  libspace.o(.bss)
    IRQ_objects::sample_tick                 0x20000070   Data           8  irq_objects.o(.bss._ZN11IRQ_objects11sample_tickE)
    __temporary_stack_top$libspace           0x20000070   Data           0  libspace.o(.bss)
    Tim::htim2                               0x20000078   Data          60  tim.o(.bss._ZN3Tim5htim2E)
    __cxa_new_handler                        0x200000b4   Data           4  cxa_handlers.cpp.o(.bss.__cxa_new_handler)
    uwTick                                   0x200000b8   Data           4  stm32f4xx_hal.o(.bss.uwTick)



==============================================================================

Memory Map of the image

  Image Entry point : 0x0800026d

  Load Region LR_1 (Base: 0x08000000, Size: 0x000023c4, Max: 0xffffffff, ABSOLUTE)

    Execution Region ER_RO (Exec base: 0x08000000, Load base: 0x08000000, Size: 0x000023b8, Max: 0xffffffff, ABSOLUTE)

    Exec Addr    Load Addr    Size         Type   Attr      Idx    E Section Name        Object

    0x08000000   0x08000000   0x000001c4   Data   RO         1001    RESET               startup_stm32f446xx.o
    0x080001c4   0x080001c4   0x00000008   Code   RO         1031  * !!!main             c_w.l(__main.o)
    0x080001cc   0x080001cc   0x00000034   Code   RO         1507    !!!scatter          c_w.l(__scatter.o)
    0x08000200   0x08000200   0x0000001a   Code   RO         1509    !!handler_copy      c_w.l(__scatter_copy.o)
    0x0800021a   0x0800021a   0x00000002   PAD
    0x0800021c   0x0800021c   0x0000001c   Code   RO         1511    !!handler_zi        c_w.l(__scatter_zi.o)
    0x08000238   0x08000238   0x00000002   Code   RO         1438    .ARM.Collect$$libinit$$00000000  c_w.l(libinit.o)
    0x0800023a   0x0800023a   0x00000004   Code   RO         1298    .ARM.Collect$$libinit$$00000001  c_w.l(libinit2.o)
    0x0800023e   0x0800023e   0x00000000   Code   RO         1301    .ARM.Collect$$libinit$$00000004  c_w.l(libinit2.o)
    0x0800023e   0x0800023e   0x00000008   Code   RO         1302    .ARM.Collect$$libinit$$00000005  c_w.l(libinit2.o)
    0x08000246   0x08000246   0x00000000   Code   RO         1304    .ARM.Collect$$libinit$$0000000A  c_w.l(libinit2.o)
    0x08000246   0x08000246   0x00000000   Code   RO         1306    .ARM.Collect$$libinit$$0000000C  c_w.l(libinit2.o)
    0x08000246   0x08000246   0x00000000   Code   RO         1308    .ARM.Collect$$libinit$$0000000E  c_w.l(libinit2.o)
    0x08000246   0x08000246   0x00000000   Code   RO         1311    .ARM.Collect$$libinit$$00000011  c_w.l(libinit2.o)
    0x08000246   0x08000246   0x00000000   Code   RO         1313    .ARM.Collect$$libinit$$00000013  c_w.l(libinit2.o)
    0x08000246   0x08000246   0x00000000   Code   RO         1315    .ARM.Collect$$libinit$$00000015  c_w.l(libinit2.o)
    0x08000246   0x08000246   0x00000000   Code   RO         1317    .ARM.Collect$$libinit$$00000017  c_w.l(libinit2.o)
    0x08000246   0x08000246   0x00000000   Code   RO         1319    .ARM.Collect$$libinit$$00000019  c_w.l(libinit2.o)
    0x08000246   0x08000246   0x00000000   Code   RO         1321    .ARM.Collect$$libinit$$0000001B  c_w.l(libinit2.o)
    0x08000246   0x08000246   0x00000000   Code   RO         1323    .ARM.Collect$$libinit$$0000001D  c_w.l(libinit2.o)
    0x08000246   0x08000246   0x00000000   Code   RO         1325    .ARM.Collect$$libinit$$0000001F  c_w.l(libinit2.o)
    0x08000246   0x08000246   0x00000000   Code   RO         1327    .ARM.Collect$$libinit$$00000021  c_w.l(libinit2.o)
    0x08000246   0x08000246   0x00000000   Code   RO         1329    .ARM.Collect$$libinit$$00000023  c_w.l(libinit2.o)
    0x08000246   0x08000246   0x00000000   Code   RO         1331    .ARM.Collect$$libinit$$00000025  c_w.l(libinit2.o)
    0x08000246   0x08000246   0x00000000   Code   RO         1335    .ARM.Collect$$libinit$$0000002C  c_w.l(libinit2.o)
    0x08000246   0x08000246   0x00000000   Code   RO         1337    .ARM.Collect$$libinit$$0000002E  c_w.l(libinit2.o)
    0x08000246   0x08000246   0x00000000   Code   RO         1339    .ARM.Collect$$libinit$$00000030  c_w.l(libinit2.o)
    0x08000246   0x08000246   0x00000000   Code   RO         1341    .ARM.Collect$$libinit$$00000032  c_w.l(libinit2.o)
    0x08000246   0x08000246   0x00000002   Code   RO         1342    .ARM.Collect$$libinit$$00000033  c_w.l(libinit2.o)
    0x08000248   0x08000248   0x00000002   Code   RO         1504    .ARM.Collect$$libshutdown$$00000000  c_w.l(libshutdown.o)
    0x0800024a   0x0800024a   0x00000000   Code   RO         1475    .ARM.Collect$$libshutdown$$00000002  c_w.l(libshutdown2.o)
    0x0800024a   0x0800024a   0x00000000   Code   RO         1477    .ARM.Collect$$libshutdown$$00000004  c_w.l(libshutdown2.o)
    0x0800024a   0x0800024a   0x00000000   Code   RO         1480    .ARM.Collect$$libshutdown$$00000007  c_w.l(libshutdown2.o)
    0x0800024a   0x0800024a   0x00000000   Code   RO         1483    .ARM.Collect$$libshutdown$$0000000A  c_w.l(libshutdown2.o)
    0x0800024a   0x0800024a   0x00000000   Code   RO         1485    .ARM.Collect$$libshutdown$$0000000C  c_w.l(libshutdown2.o)
    0x0800024a   0x0800024a   0x00000000   Code   RO         1488    .ARM.Collect$$libshutdown$$0000000F  c_w.l(libshutdown2.o)
    0x0800024a   0x0800024a   0x00000002   Code   RO         1489    .ARM.Collect$$libshutdown$$00000010  c_w.l(libshutdown2.o)
    0x0800024c   0x0800024c   0x00000000   Code   RO         1111    .ARM.Collect$$rtentry$$00000000  c_w.l(__rtentry.o)
    0x0800024c   0x0800024c   0x00000000   Code   RO         1246    .ARM.Collect$$rtentry$$00000002  c_w.l(__rtentry2.o)
    0x0800024c   0x0800024c   0x00000006   Code   RO         1258    .ARM.Collect$$rtentry$$00000004  c_w.l(__rtentry4.o)
    0x08000252   0x08000252   0x00000000   Code   RO         1248    .ARM.Collect$$rtentry$$00000009  c_w.l(__rtentry2.o)
    0x08000252   0x08000252   0x00000004   Code   RO         1249    .ARM.Collect$$rtentry$$0000000A  c_w.l(__rtentry2.o)
    0x08000256   0x08000256   0x00000000   Code   RO         1251    .ARM.Collect$$rtentry$$0000000C  c_w.l(__rtentry2.o)
    0x08000256   0x08000256   0x00000008   Code   RO         1252    .ARM.Collect$$rtentry$$0000000D  c_w.l(__rtentry2.o)
    0x0800025e   0x0800025e   0x00000002   Code   RO         1441    .ARM.Collect$$rtexit$$00000000  c_w.l(rtexit.o)
    0x08000260   0x08000260   0x00000000   Code   RO         1462    .ARM.Collect$$rtexit$$00000002  c_w.l(rtexit2.o)
    0x08000260   0x08000260   0x00000004   Code   RO         1463    .ARM.Collect$$rtexit$$00000003  c_w.l(rtexit2.o)
    0x08000264   0x08000264   0x00000006   Code   RO         1464    .ARM.Collect$$rtexit$$00000004  c_w.l(rtexit2.o)
    0x0800026a   0x0800026a   0x00000002   PAD
    0x0800026c   0x0800026c   0x00000040   Code   RO         1002  * .text               startup_stm32f446xx.o
    0x080002ac   0x080002ac   0x0000004e   Code   RO         1027    .text               c_w.l(rt_memclr_w.o)
    0x080002fa   0x080002fa   0x00000006   Code   RO         1029    .text               c_w.l(heapauxi.o)
    0x08000300   0x08000300   0x0000005e   Code   RO         1120    .text               c_w.l(h1_alloc.o)
    0x0800035e   0x0800035e   0x0000004e   Code   RO         1122    .text               c_w.l(h1_free.o)
    0x080003ac   0x080003ac   0x00000016   Code   RO         1182    .text               c_w.l(_rserrno.o)
    0x080003c2   0x080003c2   0x00000002   PAD
    0x080003c4   0x080003c4   0x0000000c   Code   RO         1239    .text               c_w.l(sys_exit.o)
    0x080003d0   0x080003d0   0x00000008   Code   RO         1265    .text               c_w.l(rt_heap_descriptor_intlibspace.o)
    0x080003d8   0x080003d8   0x00000008   Code   RO         1270    .text               c_w.l(rt_errno_addr_intlibspace.o)
    0x080003e0   0x080003e0   0x00000004   Code   RO         1272    .text               c_w.l(hguard.o)
    0x080003e4   0x080003e4   0x0000008a   Code   RO         1274    .text               c_w.l(init_alloc.o)
    0x0800046e   0x0800046e   0x0000000e   Code   RO         1278    .text               c_w.l(h1_init.o)
    0x0800047c   0x0800047c   0x00000008   Code   RO         1396    .text               c_w.l(libspace.o)
    0x08000484   0x08000484   0x00000002   Code   RO         1399    .text               c_w.l(use_no_semi.o)
    0x08000486   0x08000486   0x00000000   Code   RO         1401    .text               c_w.l(indicate_semi.o)
    0x08000486   0x08000486   0x0000004a   Code   RO         1402    .text               c_w.l(sys_stackheap_outer.o)
    0x080004d0   0x080004d0   0x00000000   Code   RO         1408    .text               c_w.l(maybetermalloc1.o)
    0x080004d0   0x080004d0   0x00000034   Code   RO         1410    .text               c_w.l(h1_extend.o)
    0x08000504   0x08000504   0x00000012   Code   RO         1414    .text               c_w.l(exit.o)
    0x08000516   0x08000516   0x0000000a   Code   RO         1416    .text               c_w.l(defsig_exit.o)
    0x08000520   0x08000520   0x0000000e   Code   RO         1424    .text               c_w.l(defsig_rtmem_outer.o)
    0x0800052e   0x0800052e   0x00000032   Code   RO         1447    .text               c_w.l(defsig_general.o)
    0x08000560   0x08000560   0x00000050   Code   RO         1451    .text               c_w.l(defsig_rtmem_inner.o)
    0x080005b0   0x080005b0   0x0000000e   Code   RO         1457    .text               c_w.l(sys_wrch.o)
    0x080005be   0x080005be   0x00000054   Code   RO          439    .text.HAL_DAC_ConfigChannel  stm32f4xx_hal_dac.o
    0x08000612   0x08000612   0x00000026   Code   RO          405    .text.HAL_DAC_Init  stm32f4xx_hal_dac.o
    0x08000638   0x08000638   0x00000002   Code   RO          407    .text.HAL_DAC_MspInit  stm32f4xx_hal_dac.o
    0x0800063a   0x0800063a   0x00000026   Code   RO          441    .text.HAL_DAC_SetValue  stm32f4xx_hal_dac.o
    0x08000660   0x08000660   0x0000005c   Code   RO          413    .text.HAL_DAC_Start  stm32f4xx_hal_dac.o
    0x080006bc   0x080006bc   0x0000018c   Code   RO          539    .text.HAL_GPIO_Init  stm32f4xx_hal_gpio.o
    0x08000848   0x08000848   0x00000014   Code   RO          207    .text.HAL_IncTick   stm32f4xx_hal.o
    0x0800085c   0x0800085c   0x00000034   Code   RO          197    .text.HAL_Init      stm32f4xx_hal.o
    0x08000890   0x08000890   0x00000040   Code   RO          199    .text.HAL_InitTick  stm32f4xx_hal.o
    0x080008d0   0x080008d0   0x00000002   Code   RO          201    .text.HAL_MspInit   stm32f4xx_hal.o
    0x080008d2   0x080008d2   0x00000002   PAD
    0x080008d4   0x080008d4   0x0000001c   Code   RO          362    .text.HAL_NVIC_EnableIRQ  stm32f4xx_hal_cortex.o
    0x080008f0   0x080008f0   0x0000003c   Code   RO          358    .text.HAL_NVIC_SetPriority  stm32f4xx_hal_cortex.o
    0x0800092c   0x0800092c   0x00000020   Code   RO          356    .text.HAL_NVIC_SetPriorityGrouping  stm32f4xx_hal_cortex.o
    0x0800094c   0x0800094c   0x00000028   Code   RO          370    .text.HAL_SYSTICK_Config  stm32f4xx_hal_cortex.o
    0x08000974   0x08000974   0x00000002   Code   RO          987    .text.HAL_TIMEx_BreakCallback  stm32f4xx_hal_tim_ex.o
    0x08000976   0x08000976   0x00000002   Code   RO          985    .text.HAL_TIMEx_CommutationCallback  stm32f4xx_hal_tim_ex.o
    0x08000978   0x08000978   0x00000034   Code   RO          704    .text.HAL_TIM_Base_Init  stm32f4xx_hal_tim.o
    0x080009ac   0x080009ac   0x00000002   Code   RO          706    .text.HAL_TIM_Base_MspInit  stm32f4xx_hal_tim.o
    0x080009ae   0x080009ae   0x00000016   Code   RO          718    .text.HAL_TIM_Base_Start_IT  stm32f4xx_hal_tim.o
    0x080009c4   0x080009c4   0x00000002   Code   RO          834    .text.HAL_TIM_IC_CaptureCallback  stm32f4xx_hal_tim.o
    0x080009c6   0x080009c6   0x0000016a   Code   RO          832    .text.HAL_TIM_IRQHandler  stm32f4xx_hal_tim.o
    0x08000b30   0x08000b30   0x00000002   Code   RO          836    .text.HAL_TIM_OC_DelayElapsedCallback  stm32f4xx_hal_tim.o
    0x08000b32   0x08000b32   0x00000002   Code   RO          838    .text.HAL_TIM_PWM_PulseFinishedCallback  stm32f4xx_hal_tim.o
    0x08000b34   0x08000b34   0x00000002   Code   RO          840    .text.HAL_TIM_PeriodElapsedCallback  stm32f4xx_hal_tim.o
    0x08000b36   0x08000b36   0x00000002   Code   RO          842    .text.HAL_TIM_TriggerCallback  stm32f4xx_hal_tim.o
    0x08000b38   0x08000b38   0x00000004   Code   RO           88    .text.SysTick_Handler  irq.o
    0x08000b3c   0x08000b3c   0x0000004c   Code   RO         1008    .text.SystemInit    system_stm32f4xx.o
    0x08000b88   0x08000b88   0x00000004   Code   RO           90    .text.TIM2_IRQHandler  irq.o
    0x08000b8c   0x08000b8c   0x000000c8   Code   RO          708    .text.TIM_Base_SetConfig  stm32f4xx_hal_tim.o
    0x08000c54   0x08000c54   0x00000018   Code   RO           86    .text._Z19TIM2_IRQHandler_cppv  irq.o
    0x08000c6c   0x08000c6c   0x00000070   Code   RO           19    .text._ZN3Dac15HAL_DAC_MspInitEP17DAC_HandleTypeDef  dac.o
    0x08000cdc   0x08000cdc   0x0000001a   Code   RO           27    .text._ZN3Dac3lowEv  dac.o
    0x08000cf6   0x08000cf6   0x0000001c   Code   RO           25    .text._ZN3Dac4highEv  dac.o
    0x08000d12   0x08000d12   0x00000002   PAD
    0x08000d14   0x08000d14   0x0000004c   Code   RO           17    .text._ZN3Dac4initEj  dac.o
    0x08000d60   0x08000d60   0x00000014   Code   RO           14    .text._ZN3DacC2Ev   main.o
    0x08000d74   0x08000d74   0x00000038   Code   RO           70    .text._ZN3Hal11HAL_MspInitEv  hal.o
    0x08000dac   0x08000dac   0x0000000e   Code   RO           68    .text._ZN3Hal4initEv  hal.o
    0x08000dba   0x08000dba   0x00000004   Code   RO           50    .text._ZN3Tim14sample_tick_usEv  tim.o
    0x08000dbe   0x08000dbe   0x00000002   PAD
    0x08000dc0   0x08000dc0   0x0000003c   Code   RO           48    .text._ZN3Tim20HAL_TIM_Base_MspInitEP17TIM_HandleTypeDef  tim.o
    0x08000dfc   0x08000dfc   0x00000038   Code   RO           46    .text._ZN3Tim4initEv  tim.o
    0x08000e34   0x08000e34   0x00000004   PAD
    0x08000e38   0x08000e38   0x000000a0   Code   RO          147    .text._ZN4Sine11fill_memoryEv  wave_1.o
    0x08000ed8   0x08000ed8   0x00000010   Code   RO          145    .text._ZN4SineC2Ev  wave_1.o
    0x08000ee8   0x08000ee8   0x00000018   Code   RO          131    .text._ZN4WaveC2Ev  wave_1.o
    0x08000f00   0x08000f00   0x0000002e   Code   RO          143    .text._ZN6Square11fill_memoryEv  wave_1.o
    0x08000f2e   0x08000f2e   0x00000010   Code   RO          141    .text._ZN6SquareC2Ev  wave_1.o
    0x08000f3e   0x08000f3e   0x0000000c   Code   RO         1208    .text._ZSt15get_new_handlerv  libcppabi_w.l(cxa_handlers.cpp.o)
    0x08000f4a   0x08000f4a   0x00000004   Code   RO         1062    .text._Znaj         libcpp_w.l(new.cpp.o)
    0x08000f4e   0x08000f4e   0x00000002   PAD
    0x08000f50   0x08000f50   0x00000026   Code   RO         1058    .text._Znwj         libcpp_w.l(new.cpp.o)
    0x08000f76   0x08000f76   0x00000002   PAD
    0x08000f78   0x08000f78   0x00000024   Code   RO          360    .text.__NVIC_SetPriority  stm32f4xx_hal_cortex.o
    0x08000f9c   0x08000f9c   0x00000074   Code   RO            2    .text.main          main.o
    0x08001010   0x08001010   0x00000030   Code   RO         1388    i.__ARM_fpclassify  m_wm.l(fpclassify.o)
    0x08001040   0x08001040   0x000000c8   Code   RO         1099    i.__hardfp_sin      m_wm.l(sin.o)
    0x08001108   0x08001108   0x00000438   Code   RO         1228    i.__ieee754_rem_pio2  m_wm.l(rred.o)
    0x08001540   0x08001540   0x00000170   Code   RO         1211    i.__kernel_cos      m_wm.l(cos_i.o)
    0x080016b0   0x080016b0   0x000000f8   Code   RO         1390    i.__kernel_poly     m_wm.l(poly.o)
    0x080017a8   0x080017a8   0x00000130   Code   RO         1233    i.__kernel_sin      m_wm.l(sin_i.o)
    0x080018d8   0x080018d8   0x00000014   Code   RO         1215    i.__mathlib_dbl_infnan  m_wm.l(dunder.o)
    0x080018ec   0x080018ec   0x00000004   PAD
    0x080018f0   0x080018f0   0x00000020   Code   RO         1217    i.__mathlib_dbl_invalid  m_wm.l(dunder.o)
    0x08001910   0x08001910   0x00000020   Code   RO         1220    i.__mathlib_dbl_underflow  m_wm.l(dunder.o)
    0x08001930   0x08001930   0x00000018   Code   RO         1384    i.fabs              m_wm.l(fabs.o)
    0x08001948   0x08001948   0x00000018   Code   RO         1186    x$fpl$basic         fz_wm.l(basic.o)
    0x08001960   0x08001960   0x00000150   Code   RO         1033    x$fpl$dadd          fz_wm.l(daddsub_clz.o)
    0x08001ab0   0x08001ab0   0x000002b0   Code   RO         1040    x$fpl$ddiv          fz_wm.l(ddiv.o)
    0x08001d60   0x08001d60   0x0000005e   Code   RO         1343    x$fpl$dfix          fz_wm.l(dfix.o)
    0x08001dbe   0x08001dbe   0x00000002   PAD
    0x08001dc0   0x08001dc0   0x0000005a   Code   RO         1043    x$fpl$dfixu         fz_wm.l(dfixu.o)
    0x08001e1a   0x08001e1a   0x0000002e   Code   RO         1048    x$fpl$dflt          fz_wm.l(dflt_clz.o)
    0x08001e48   0x08001e48   0x00000026   Code   RO         1047    x$fpl$dfltu         fz_wm.l(dflt_clz.o)
    0x08001e6e   0x08001e6e   0x00000002   PAD
    0x08001e70   0x08001e70   0x00000154   Code   RO         1053    x$fpl$dmul          fz_wm.l(dmul.o)
    0x08001fc4   0x08001fc4   0x0000009c   Code   RO         1188    x$fpl$dnaninf       fz_wm.l(dnaninf.o)
    0x08002060   0x08002060   0x0000000c   Code   RO         1190    x$fpl$dretinf       fz_wm.l(dretinf.o)
    0x0800206c   0x0800206c   0x00000016   Code   RO         1034    x$fpl$drsb          fz_wm.l(daddsub_clz.o)
    0x08002082   0x08002082   0x00000002   PAD
    0x08002084   0x08002084   0x000001d4   Code   RO         1035    x$fpl$dsub          fz_wm.l(daddsub_clz.o)
    0x08002258   0x08002258   0x0000001a   Code   RO         1439    x$fpl$fpinit        fz_wm.l(fpinit.o)
    0x08002272   0x08002272   0x00000000   Code   RO         1192    x$fpl$usenofp       fz_wm.l(usenofp.o)
    0x08002272   0x08002272   0x00000006   PAD
    0x08002278   0x08002278   0x00000030   Data   RO         1212    .constdata          m_wm.l(cos_i.o)
    0x080022a8   0x080022a8   0x000000c8   Data   RO         1230    .constdata          m_wm.l(rred.o)
    0x08002370   0x08002370   0x00000028   Data   RO         1234    .constdata          m_wm.l(sin_i.o)
    0x08002398   0x08002398   0x00000020   Data   RO         1506    Region$$Table       anon$$obj.o


    Execution Region ER_RW (Exec base: 0x20000000, Load base: 0x080023b8, Size: 0x0000000c, Max: 0xffffffff, ABSOLUTE)

    Exec Addr    Load Addr    Size         Type   Attr      Idx    E Section Name        Object

    0x20000000   0x080023b8   0x00000008   Data   RW          248    .data..L_MergedGlobals  stm32f4xx_hal.o
    0x20000008   0x080023c0   0x00000004   Data   RW         1012    .data.SystemCoreClock  system_stm32f4xx.o


    Execution Region ER_ZI (Exec base: 0x20000010, Load base: 0x080023c4, Size: 0x000104b0, Max: 0xffffffff, ABSOLUTE)

    Exec Addr    Load Addr    Size         Type   Attr      Idx    E Section Name        Object

    0x20000010        -       0x00000060   Zero   RW         1397    .bss                c_w.l(libspace.o)
    0x20000070        -       0x00000008   Zero   RW          106    .bss._ZN11IRQ_objects11sample_tickE  irq_objects.o
    0x20000078        -       0x0000003c   Zero   RW           52    .bss._ZN3Tim5htim2E  tim.o
    0x200000b4        -       0x00000004   Zero   RW         1210    .bss.__cxa_new_handler  libcppabi_w.l(cxa_handlers.cpp.o)
    0x200000b8        -       0x00000004   Zero   RW          247    .bss.uwTick         stm32f4xx_hal.o
    0x200000bc   0x080023c4   0x00000004   PAD
    0x200000c0        -       0x00010000   Zero   RW         1000    HEAP                startup_stm32f446xx.o
    0x200100c0        -       0x00000400   Zero   RW          999    STACK               startup_stm32f446xx.o


==============================================================================

Image component sizes


      Code (inc. data)   RO Data    RW Data    ZI Data      Debug   Object Name

       242          8          0          0          0       8909   dac.o
        70          0          0          0          0       6103   hal.o
        32          0          0          0          0       5014   irq.o
         0          0          0          0          8       4825   irq_objects.o
       136          4          0          0          0      15019   main.o
        64         26        452          0      66560        876   startup_stm32f446xx.o
       138         16          0          8          4       7556   stm32f4xx_hal.o
       196         28          0          0          0      10208   stm32f4xx_hal_cortex.o
       254          0          0          0          0       7337   stm32f4xx_hal_dac.o
       396         24          0          0          0       5147   stm32f4xx_hal_gpio.o
       648         44          0          0          0      33351   stm32f4xx_hal_tim.o
         4          0          0          0          0      14143   stm32f4xx_hal_tim_ex.o
        76         16          0          4          0       2807   system_stm32f4xx.o
       120          8          0          0         60       9611   tim.o
       262         24          0          0          0      14589   wave_1.o

    ----------------------------------------------------------------------
      2648        202        484         12      66636     145495   Object Totals
         0          0         32          0          0          0   (incl. Generated)
        10          4          0          0          4          0   (incl. Padding)

    ----------------------------------------------------------------------

      Code (inc. data)   RO Data    RW Data    ZI Data      Debug   Library Member Name

         8          0          0          0          0         68   __main.o
         0          0          0          0          0          0   __rtentry.o
        12          0          0          0          0          0   __rtentry2.o
         6          0          0          0          0          0   __rtentry4.o
        52          8          0          0          0          0   __scatter.o
        26          0          0          0          0          0   __scatter_copy.o
        28          0          0          0          0          0   __scatter_zi.o
        22          0          0          0          0        100   _rserrno.o
        10          0          0          0          0         68   defsig_exit.o
        50          0          0          0          0         88   defsig_general.o
        80         58          0          0          0         76   defsig_rtmem_inner.o
        14          0          0          0          0         80   defsig_rtmem_outer.o
        18          0          0          0          0         80   exit.o
        94          0          0          0          0         80   h1_alloc.o
        52          0          0          0          0         68   h1_extend.o
        78          0          0          0          0         80   h1_free.o
        14          0          0          0          0         84   h1_init.o
         6          0          0          0          0        152   heapauxi.o
         4          0          0          0          0        136   hguard.o
         0          0          0          0          0          0   indicate_semi.o
       138          0          0          0          0        168   init_alloc.o
         2          0          0          0          0          0   libinit.o
        14          0          0          0          0          0   libinit2.o
         2          0          0          0          0          0   libshutdown.o
         2          0          0          0          0          0   libshutdown2.o
         8          4          0          0         96         68   libspace.o
         0          0          0          0          0          0   maybetermalloc1.o
         8          4          0          0          0         68   rt_errno_addr_intlibspace.o
         8          4          0          0          0         68   rt_heap_descriptor_intlibspace.o
        78          0          0          0          0         80   rt_memclr_w.o
         2          0          0          0          0          0   rtexit.o
        10          0          0          0          0          0   rtexit2.o
        12          4          0          0          0         68   sys_exit.o
        74          0          0          0          0         80   sys_stackheap_outer.o
        14          0          0          0          0         76   sys_wrch.o
         2          0          0          0          0         68   use_no_semi.o
        24          0          0          0          0        164   basic.o
       826         16          0          0          0        500   daddsub_clz.o
       688        140          0          0          0        264   ddiv.o
        94          4          0          0          0        140   dfix.o
        90          4          0          0          0        140   dfixu.o
        84          0          0          0          0        232   dflt_clz.o
       340         12          0          0          0        152   dmul.o
       156          4          0          0          0        140   dnaninf.o
        12          0          0          0          0        116   dretinf.o
        26          0          0          0          0        116   fpinit.o
         0          0          0          0          0          0   usenofp.o
        42          0          0          0          0          0   new.cpp.o
        12          0          0          0          4          0   cxa_handlers.cpp.o
       368         46         48          0          0        200   cos_i.o
        84         16          0          0          0        372   dunder.o
        24          0          0          0          0        124   fabs.o
        48          0          0          0          0        124   fpclassify.o
       248          0          0          0          0        152   poly.o
      1080        142        200          0          0        188   rred.o
       200         20          0          0          0        164   sin.o
       304         24         40          0          0        208   sin_i.o

    ----------------------------------------------------------------------
      5724        510        288          0        100       5400   Library Totals
        26          0          0          0          0          0   (incl. Padding)

    ----------------------------------------------------------------------

      Code (inc. data)   RO Data    RW Data    ZI Data      Debug   Library Name

       948         82          0          0         96       1904   c_w.l
      2340        180          0          0          0       1964   fz_wm.l
        42          0          0          0          0          0   libcpp_w.l
        12          0          0          0          4          0   libcppabi_w.l
      2356        248        288          0          0       1532   m_wm.l

    ----------------------------------------------------------------------
      5724        510        288          0        100       5400   Library Totals

    ----------------------------------------------------------------------

==============================================================================


      Code (inc. data)   RO Data    RW Data    ZI Data      Debug   

      8372        712        772         12      66736     147615   Grand Totals
      8372        712        772         12      66736     147615   ELF Image Totals
      8372        712        772         12          0          0   ROM Totals

==============================================================================

    Total RO  Size (Code + RO Data)                 9144 (   8.93kB)
    Total RW  Size (RW Data + ZI Data)             66748 (  65.18kB)
    Total ROM Size (Code + RO Data + RW Data)       9156 (   8.94kB)

==============================================================================

