Component: ARM Compiler 6.12 Tool: armlink [5d624300]

==============================================================================

Section Cross References

    dac.o(.text._ZN3Dac4initEj) refers to dac.o(.text._ZN3Dac15HAL_DAC_MspInitEP17DAC_HandleTypeDef) for Dac::HAL_DAC_MspInit(DAC_HandleTypeDef*)
    dac.o(.text._ZN3Dac4initEj) refers to stm32f4xx_hal_dac.o(.text.HAL_DAC_Init) for HAL_DAC_Init
    dac.o(.text._ZN3Dac4initEj) refers to stm32f4xx_hal_dac.o(.text.HAL_DAC_ConfigChannel) for HAL_DAC_ConfigChannel
    dac.o(.text._ZN3Dac4initEj) refers to stm32f4xx_hal_dac.o(.text.HAL_DAC_Start) for HAL_DAC_Start
    dac.o(.ARM.exidx.text._ZN3Dac4initEj) refers to Unwind-EHABI.cpp.o(.text.__aeabi_unwind_cpp_pr0) for __aeabi_unwind_cpp_pr0
    dac.o(.ARM.exidx.text._ZN3Dac4initEj) refers to dac.o(.text._ZN3Dac4initEj) for [Anonymous Symbol]
    dac.o(.text._ZN3Dac15HAL_DAC_MspInitEP17DAC_HandleTypeDef) refers to rt_memclr_w.o(.text) for __aeabi_memclr4
    dac.o(.text._ZN3Dac15HAL_DAC_MspInitEP17DAC_HandleTypeDef) refers to stm32f4xx_hal_gpio.o(.text.HAL_GPIO_Init) for HAL_GPIO_Init
    dac.o(.ARM.exidx.text._ZN3Dac15HAL_DAC_MspInitEP17DAC_HandleTypeDef) refers to Unwind-EHABI.cpp.o(.text.__aeabi_unwind_cpp_pr0) for __aeabi_unwind_cpp_pr0
    dac.o(.ARM.exidx.text._ZN3Dac15HAL_DAC_MspInitEP17DAC_HandleTypeDef) refers to dac.o(.text._ZN3Dac15HAL_DAC_MspInitEP17DAC_HandleTypeDef) for [Anonymous Symbol]
    dac.o(.text._ZN3Dac13set_value_relEd) refers to dmul.o(x$fpl$dmul) for __aeabi_dmul
    dac.o(.text._ZN3Dac13set_value_relEd) refers to dfixu.o(x$fpl$dfixu) for __aeabi_d2uiz
    dac.o(.text._ZN3Dac13set_value_relEd) refers to stm32f4xx_hal_dac.o(.text.HAL_DAC_SetValue) for HAL_DAC_SetValue
    dac.o(.ARM.exidx.text._ZN3Dac13set_value_relEd) refers to Unwind-EHABI.cpp.o(.text.__aeabi_unwind_cpp_pr0) for __aeabi_unwind_cpp_pr0
    dac.o(.ARM.exidx.text._ZN3Dac13set_value_relEd) refers to dac.o(.text._ZN3Dac13set_value_relEd) for [Anonymous Symbol]
    dac.o(.text._ZN3Dac9set_valueEj) refers to stm32f4xx_hal_dac.o(.text.HAL_DAC_SetValue) for HAL_DAC_SetValue
    dac.o(.ARM.exidx.text._ZN3Dac9set_valueEj) refers to Unwind-EHABI.cpp.o(.text.__aeabi_unwind_cpp_pr0) for __aeabi_unwind_cpp_pr0
    dac.o(.ARM.exidx.text._ZN3Dac9set_valueEj) refers to dac.o(.text._ZN3Dac9set_valueEj) for [Anonymous Symbol]
    dac.o(.text._ZN3Dac4highEv) refers to stm32f4xx_hal_dac.o(.text.HAL_DAC_SetValue) for HAL_DAC_SetValue
    dac.o(.ARM.exidx.text._ZN3Dac4highEv) refers to Unwind-EHABI.cpp.o(.text.__aeabi_unwind_cpp_pr0) for __aeabi_unwind_cpp_pr0
    dac.o(.ARM.exidx.text._ZN3Dac4highEv) refers to dac.o(.text._ZN3Dac4highEv) for [Anonymous Symbol]
    dac.o(.text._ZN3Dac3lowEv) refers to stm32f4xx_hal_dac.o(.text.HAL_DAC_SetValue) for HAL_DAC_SetValue
    dac.o(.ARM.exidx.text._ZN3Dac3lowEv) refers to Unwind-EHABI.cpp.o(.text.__aeabi_unwind_cpp_pr0) for __aeabi_unwind_cpp_pr0
    dac.o(.ARM.exidx.text._ZN3Dac3lowEv) refers to dac.o(.text._ZN3Dac3lowEv) for [Anonymous Symbol]
    dac.o(.text._ZN3Dac9get_valueEv) refers to stm32f4xx_hal_dac.o(.text.HAL_DAC_GetValue) for HAL_DAC_GetValue
    dac.o(.ARM.exidx.text._ZN3Dac9get_valueEv) refers to Unwind-EHABI.cpp.o(.text.__aeabi_unwind_cpp_pr0) for __aeabi_unwind_cpp_pr0
    dac.o(.ARM.exidx.text._ZN3Dac9get_valueEv) refers to dac.o(.text._ZN3Dac9get_valueEv) for [Anonymous Symbol]
    tim.o(.text._ZN3Tim4initEv) refers to tim.o(.text._ZN3Tim20HAL_TIM_Base_MspInitEP17TIM_HandleTypeDef) for Tim::HAL_TIM_Base_MspInit(TIM_HandleTypeDef*)
    tim.o(.text._ZN3Tim4initEv) refers to stm32f4xx_hal_tim.o(.text.HAL_TIM_Base_Init) for HAL_TIM_Base_Init
    tim.o(.text._ZN3Tim4initEv) refers to stm32f4xx_hal_tim.o(.text.HAL_TIM_Base_Start_IT) for HAL_TIM_Base_Start_IT
    tim.o(.text._ZN3Tim4initEv) refers to tim.o(.bss._ZN3Tim5htim2E) for Tim::htim2
    tim.o(.ARM.exidx.text._ZN3Tim4initEv) refers to Unwind-EHABI.cpp.o(.text.__aeabi_unwind_cpp_pr0) for __aeabi_unwind_cpp_pr0
    tim.o(.ARM.exidx.text._ZN3Tim4initEv) refers to tim.o(.text._ZN3Tim4initEv) for [Anonymous Symbol]
    tim.o(.text._ZN3Tim20HAL_TIM_Base_MspInitEP17TIM_HandleTypeDef) refers to stm32f4xx_hal_cortex.o(.text.HAL_NVIC_SetPriority) for HAL_NVIC_SetPriority
    tim.o(.text._ZN3Tim20HAL_TIM_Base_MspInitEP17TIM_HandleTypeDef) refers to stm32f4xx_hal_cortex.o(.text.HAL_NVIC_EnableIRQ) for HAL_NVIC_EnableIRQ
    tim.o(.ARM.exidx.text._ZN3Tim20HAL_TIM_Base_MspInitEP17TIM_HandleTypeDef) refers to Unwind-EHABI.cpp.o(.text.__aeabi_unwind_cpp_pr0) for __aeabi_unwind_cpp_pr0
    tim.o(.ARM.exidx.text._ZN3Tim20HAL_TIM_Base_MspInitEP17TIM_HandleTypeDef) refers to tim.o(.text._ZN3Tim20HAL_TIM_Base_MspInitEP17TIM_HandleTypeDef) for [Anonymous Symbol]
    tim.o(.ARM.exidx.text._ZN3Tim14sample_tick_usEv) refers to tim.o(.text._ZN3Tim14sample_tick_usEv) for [Anonymous Symbol]
    hal.o(.text._ZN3Hal4initEv) refers to stm32f4xx_hal.o(.text.HAL_Init) for HAL_Init
[...]
    0x0800024a   0x0800024a   0x00000000   Code   RO         2058    .ARM.Collect$$libshutdown$$0000000C  c_w.l(libshutdown2.o)
    0x0800024a   0x0800024a   0x00000000   Code   RO         2061    .ARM.Collect$$libshutdown$$0000000F  c_w.l(libshutdown2.o)
    0x0800024a   0x0800024a   0x00000002   Code   RO         2062    .ARM.Collect$$libshutdown$$00000010  c_w.l(libshutdown2.o)
    0x0800024c   0x0800024c   0x00000000   Code   RO         1293    .ARM.Collect$$rtentry$$00000000  c_w.l(__rtentry.o)
    0x0800024c   0x0800024c   0x00000000   Code   RO         1558    .ARM.Collect$$rtentry$$00000002  c_w.l(__rtentry2.o)
    0x0800024c   0x0800024c   0x00000006   Code   RO         1570    .ARM.Collect$$rtentry$$00000004  c_w.l(__rtentry4.o)
    0x08000252   0x08000252   0x00000000   Code   RO         1560    .ARM.Collect$$rtentry$$00000009  c_w.l(__rtentry2.o)
    0x08000252   0x08000252   0x00000004   Code   RO         1561    .ARM.Collect$$rtentry$$0000000A  c_w.l(__rtentry2.o)
    0x08000256   0x08000256   0x00000000   Code   RO         1563    .ARM.Collect$$rtentry$$0000000C  c_w.l(__rtentry2.o)
    0x08000256   0x08000256   0x00000008   Code   RO         1564    .ARM.Collect$$rtentry$$0000000D  c_w.l(__rtentry2.o)
    0x0800025e   0x0800025e   0x00000002   Code   RO         2014    .ARM.Collect$$rtexit$$00000000  c_w.l(rtexit.o)
    0x08000260   0x08000260   0x00000000   Code   RO         2035    .ARM.Collect$$rtexit$$00000002  c_w.l(rtexit2.o)
    0x08000260   0x08000260   0x00000004   Code   RO         2036    .ARM.Collect$$rtexit$$00000003  c_w.l(rtexit2.o)
    0x08000264   0x08000264   0x00000006   Code   RO         2037    .ARM.Collect$$rtexit$$00000004  c_w.l(rtexit2.o)
    0x0800026a   0x0800026a   0x00000002   PAD
    0x0800026c   0x0800026c   0x00000040   Code   RO         1056  * .text               startup_stm32f446xx.o
    0x080002ac   0x080002ac   0x000000ee   Code   RO         1079    .text               c_w.l(lludivv7m.o)
    0x0800039a   0x0800039a   0x0000004e   Code   RO         1081    .text               c_w.l(rt_memclr_w.o)
    0x080003e8   0x080003e8   0x00000006   Code   RO         1083    .text               c_w.l(heapauxi.o)
    0x080003ee   0x080003ee   0x0000005e   Code   RO         1302    .text               c_w.l(h1_alloc.o)
    0x0800044c   0x0800044c   0x0000004e   Code   RO         1304    .text               c_w.l(h1_free.o)
    0x0800049a   0x0800049a   0x000000b4   Code   RO         1306    .text               c_w.l(h1_memalign.o)
    0x0800054e   0x0800054e   0x00000016   Code   RO         1364    .text               c_w.l(_rserrno.o)
    0x08000564   0x08000564   0x00000016   Code   RO         1366    .text               c_w.l(abort.o)
    0x0800057a   0x0800057a   0x00000044   Code   RO         1368    .text               c_w.l(rt_memclr.o)
    0x080005be   0x080005be   0x00000002   PAD
    0x080005c0   0x080005c0   0x0000002e   Code   RO         1531    .text               libunwind_wx.l(UnwindRegistersSave.S.o)
    0x080005ee   0x080005ee   0x00000002   PAD
    0x080005f0   0x080005f0   0x0000000c   Code   RO         1551    .text               c_w.l(sys_exit.o)
    0x080005fc   0x080005fc   0x00000008   Code   RO         1577    .text               c_w.l(rt_heap_descriptor_intlibspace.o)
    0x08000604   0x08000604   0x00000008   Code   RO         1582    .text               c_w.l(rt_errno_addr_intlibspace.o)
    0x0800060c   0x0800060c   0x00000004   Code   RO         1584    .text               c_w.l(hguard.o)
    0x08000610   0x08000610   0x0000008a   Code   RO         1586    .text               c_w.l(init_alloc.o)
    0x0800069a   0x0800069a   0x00000028   Code   RO         1588    .text               c_w.l(calloc.o)
    0x080006c2   0x080006c2   0x0000000e   Code   RO         1592    .text               c_w.l(h1_init.o)
    0x080006d0   0x080006d0   0x0000000e   Code   RO         1604    .text               c_w.l(defsig_abrt_outer.o)
    0x080006de   0x080006de   0x0000008a   Code   RO         1608    .text               c_w.l(rt_memcpy_v6.o)
    0x08000768   0x08000768   0x00000064   Code   RO         1610    .text               c_w.l(rt_memcpy_w.o)
    0x080007cc   0x080007cc   0x00000026   Code   RO         1932    .text               libunwind_wx.l(UnwindRegistersRestore.S.o)
    0x080007f2   0x080007f2   0x00000002   PAD
    0x080007f4   0x080007f4   0x00000008   Code   RO         1937    .text               c_w.l(libspace.o)
    0x080007fc   0x080007fc   0x00000002   Code   RO         1940    .text               c_w.l(use_no_semi.o)
    0x080007fe   0x080007fe   0x00000000   Code   RO         1942    .text               c_w.l(indicate_semi.o)
    0x080007fe   0x080007fe   0x0000004a   Code   RO         1943    .text               c_w.l(sys_stackheap_outer.o)
    0x08000848   0x08000848   0x00000000   Code   RO         1949    .text               c_w.l(maybetermalloc1.o)
    0x08000848   0x08000848   0x00000034   Code   RO         1951    .text               c_w.l(h1_extend.o)
    0x0800087c   0x0800087c   0x00000012   Code   RO         1955    .text               c_w.l(exit.o)
    0x0800088e   0x0800088e   0x0000000a   Code   RO         1957    .text               c_w.l(defsig_exit.o)
    0x08000898   0x08000898   0x00000030   Code   RO         1959    .text               c_w.l(defsig_abrt_inner.o)
    0x080008c8   0x080008c8   0x0000000e   Code   RO         1965    .text               c_w.l(defsig_rtmem_outer.o)
    0x080008d6   0x080008d6   0x00000002   PAD
    0x080008d8   0x080008d8   0x0000007c   Code   RO         1969    .text               c_w.l(strcmpv7em.o)
    0x08000954   0x08000954   0x00000032   Code   RO         2020    .text               c_w.l(defsig_general.o)
    0x08000986   0x08000986   0x00000002   PAD
    0x08000988   0x08000988   0x00000050   Code   RO         2024    .text               c_w.l(defsig_rtmem_inner.o)
    0x080009d8   0x080009d8   0x0000000e   Code   RO         2030    .text               c_w.l(sys_wrch.o)
    0x080009e6   0x080009e6   0x0000002e   Code   RO          549    .text.DMA_SetConfig  stm32f4xx_hal_dma.o
    0x08000a14   0x08000a14   0x00000054   Code   RO          493    .text.HAL_DAC_ConfigChannel  stm32f4xx_hal_dac.o
    0x08000a68   0x08000a68   0x00000026   Code   RO          459    .text.HAL_DAC_Init  stm32f4xx_hal_dac.o
    0x08000a8e   0x08000a8e   0x00000002   Code   RO          461    .text.HAL_DAC_MspInit  stm32f4xx_hal_dac.o
    0x08000a90   0x08000a90   0x00000026   Code   RO          495    .text.HAL_DAC_SetValue  stm32f4xx_hal_dac.o
    0x08000ab6   0x08000ab6   0x0000005c   Code   RO          467    .text.HAL_DAC_Start  stm32f4xx_hal_dac.o
    0x08000b12   0x08000b12   0x00000042   Code   RO          547    .text.HAL_DMA_Start  stm32f4xx_hal_dma.o
    0x08000b54   0x08000b54   0x0000006a   Code   RO          551    .text.HAL_DMA_Start_IT  stm32f4xx_hal_dma.o
    0x08000bbe   0x08000bbe   0x00000002   PAD
    0x08000bc0   0x08000bc0   0x00000020   Code   RO          271    .text.HAL_Delay     stm32f4xx_hal.o
    0x08000be0   0x08000be0   0x0000018c   Code   RO          593    .text.HAL_GPIO_Init  stm32f4xx_hal_gpio.o
    0x08000d6c   0x08000d6c   0x00000008   Code   RO          263    .text.HAL_GetTick   stm32f4xx_hal.o
    0x08000d74   0x08000d74   0x00000008   Code   RO          269    .text.HAL_GetTickFreq  stm32f4xx_hal.o
    0x08000d7c   0x08000d7c   0x00000008   Code   RO          265    .text.HAL_GetTickPrio  stm32f4xx_hal.o
    0x08000d84   0x08000d84   0x00000014   Code   RO          261    .text.HAL_IncTick   stm32f4xx_hal.o
    0x08000d98   0x08000d98   0x00000034   Code   RO          251    .text.HAL_Init      stm32f4xx_hal.o
    0x08000dcc   0x08000dcc   0x0000003c   Code   RO          253    .text.HAL_InitTick  stm32f4xx_hal.o
    0x08000e08   0x08000e08   0x00000002   Code   RO          255    .text.HAL_MspInit   stm32f4xx_hal.o
    0x08000e0a   0x08000e0a   0x00000002   PAD
    0x08000e0c   0x08000e0c   0x0000001c   Code   RO          416    .text.HAL_NVIC_EnableIRQ  stm32f4xx_hal_cortex.o
    0x08000e28   0x08000e28   0x0000003c   Code   RO          412    .text.HAL_NVIC_SetPriority  stm32f4xx_hal_cortex.o
    0x08000e64   0x08000e64   0x00000020   Code   RO          410    .text.HAL_NVIC_SetPriorityGrouping  stm32f4xx_hal_cortex.o
    0x08000e84   0x08000e84   0x00000070   Code   RO          673    .text.HAL_PWREx_EnableOverDrive  stm32f4xx_hal_pwr_ex.o
    0x08000ef4   0x08000ef4   0x00000128   Code   RO          692    .text.HAL_RCC_ClockConfig  stm32f4xx_hal_rcc.o
    0x0800101c   0x0800101c   0x00000090   Code   RO          741    .text.HAL_RCC_GetSysClockFreq  stm32f4xx_hal_rcc_ex.o
    0x080010ac   0x080010ac   0x000002fc   Code   RO          745    .text.HAL_RCC_OscConfig  stm32f4xx_hal_rcc_ex.o
    0x080013a8   0x080013a8   0x00000028   Code   RO          424    .text.HAL_SYSTICK_Config  stm32f4xx_hal_cortex.o
    0x080013d0   0x080013d0   0x00000018   Code   RO          267    .text.HAL_SetTickFreq  stm32f4xx_hal.o
    0x080013e8   0x080013e8   0x00000002   Code   RO         1041    .text.HAL_TIMEx_BreakCallback  stm32f4xx_hal_tim_ex.o
    0x080013ea   0x080013ea   0x00000002   Code   RO         1039    .text.HAL_TIMEx_CommutationCallback  stm32f4xx_hal_tim_ex.o
    0x080013ec   0x080013ec   0x00000078   Code   RO         1029    .text.HAL_TIMEx_ConfigCommutationEvent_DMA  stm32f4xx_hal_tim_ex.o
    0x08001464   0x08001464   0x00000034   Code   RO          758    .text.HAL_TIM_Base_Init  stm32f4xx_hal_tim.o
    0x08001498   0x08001498   0x00000002   Code   RO          760    .text.HAL_TIM_Base_MspInit  stm32f4xx_hal_tim.o
    0x0800149a   0x0800149a   0x00000002   PAD
    0x0800149c   0x0800149c   0x00000054   Code   RO          776    .text.HAL_TIM_Base_Start_DMA  stm32f4xx_hal_tim.o
    0x080014f0   0x080014f0   0x00000016   Code   RO          772    .text.HAL_TIM_Base_Start_IT  stm32f4xx_hal_tim.o
    0x08001506   0x08001506   0x00000002   PAD
    0x08001508   0x08001508   0x00000120   Code   RO          924    .text.HAL_TIM_DMABurst_ReadStart  stm32f4xx_hal_tim.o
    0x08001628   0x08001628   0x00000138   Code   RO          918    .text.HAL_TIM_DMABurst_WriteStart  stm32f4xx_hal_tim.o
    0x08001760   0x08001760   0x00000098   Code   RO          866    .text.HAL_TIM_Encoder_Init  stm32f4xx_hal_tim.o
    0x080017f8   0x080017f8   0x00000002   Code   RO          868    .text.HAL_TIM_Encoder_MspInit  stm32f4xx_hal_tim.o
    0x080017fa   0x080017fa   0x00000032   Code   RO          874    .text.HAL_TIM_Encoder_Start  stm32f4xx_hal_tim.o
    0x0800182c   0x0800182c   0x0000012c   Code   RO          882    .text.HAL_TIM_Encoder_Start_DMA  stm32f4xx_hal_tim.o
    0x08001958   0x08001958   0x0000005c   Code   RO          878    .text.HAL_TIM_Encoder_Start_IT  stm32f4xx_hal_tim.o
    0x080019b4   0x080019b4   0x00000046   Code   RO          876    .text.HAL_TIM_Encoder_Stop  stm32f4xx_hal_tim.o
    0x080019fa   0x080019fa   0x00000076   Code   RO          884    .text.HAL_TIM_Encoder_Stop_DMA  stm32f4xx_hal_tim.o
    0x08001a70   0x08001a70   0x00000076   Code   RO          880    .text.HAL_TIM_Encoder_Stop_IT  stm32f4xx_hal_tim.o
    0x08001ae6   0x08001ae6   0x00000002   Code   RO          948    .text.HAL_TIM_ErrorCallback  stm32f4xx_hal_tim.o
    0x08001ae8   0x08001ae8   0x00000002   Code   RO          888    .text.HAL_TIM_IC_CaptureCallback  stm32f4xx_hal_tim.o
    0x08001aea   0x08001aea   0x00000034   Code   RO          828    .text.HAL_TIM_IC_Init  stm32f4xx_hal_tim.o
    0x08001b1e   0x08001b1e   0x00000002   Code   RO          830    .text.HAL_TIM_IC_MspInit  stm32f4xx_hal_tim.o
    0x08001b20   0x08001b20   0x0000001a   Code   RO          836    .text.HAL_TIM_IC_Start  stm32f4xx_hal_tim.o
    0x08001b3a   0x08001b3a   0x00000002   PAD
    0x08001b3c   0x08001b3c   0x000000dc   Code   RO          844    .text.HAL_TIM_IC_Start_DMA  stm32f4xx_hal_tim.o
    0x08001c18   0x08001c18   0x00000054   Code   RO          840    .text.HAL_TIM_IC_Start_IT  stm32f4xx_hal_tim.o
    0x08001c6c   0x08001c6c   0x0000002e   Code   RO          838    .text.HAL_TIM_IC_Stop  stm32f4xx_hal_tim.o
    0x08001c9a   0x08001c9a   0x00000002   PAD
    0x08001c9c   0x08001c9c   0x0000006e   Code   RO          848    .text.HAL_TIM_IC_Stop_DMA  stm32f4xx_hal_tim.o
    0x08001d0a   0x08001d0a   0x00000002   PAD
    0x08001d0c   0x08001d0c   0x00000068   Code   RO          842    .text.HAL_TIM_IC_Stop_IT  stm32f4xx_hal_tim.o
    0x08001d74   0x08001d74   0x0000016a   Code   RO          886    .text.HAL_TIM_IRQHandler  stm32f4xx_hal_tim.o
    0x08001ede   0x08001ede   0x00000002   Code   RO          890    .text.HAL_TIM_OC_DelayElapsedCallback  stm32f4xx_hal_tim.o
    0x08001ee0   0x08001ee0   0x00000034   Code   RO          784    .text.HAL_TIM_OC_Init  stm32f4xx_hal_tim.o
    0x08001f14   0x08001f14   0x00000002   Code   RO          786    .text.HAL_TIM_OC_MspInit  stm32f4xx_hal_tim.o
    0x08001f16   0x08001f16   0x00000002   PAD
    0x08001f18   0x08001f18   0x0000002c   Code   RO          792    .text.HAL_TIM_OC_Start  stm32f4xx_hal_tim.o
    0x08001f44   0x08001f44   0x00000104   Code   RO          802    .text.HAL_TIM_OC_Start_DMA  stm32f4xx_hal_tim.o
    0x08002048   0x08002048   0x00000068   Code   RO          798    .text.HAL_TIM_OC_Start_IT  stm32f4xx_hal_tim.o
    0x080020b0   0x080020b0   0x00000054   Code   RO          796    .text.HAL_TIM_OC_Stop  stm32f4xx_hal_tim.o
    0x08002104   0x08002104   0x00000094   Code   RO          806    .text.HAL_TIM_OC_Stop_DMA  stm32f4xx_hal_tim.o
    0x08002198   0x08002198   0x00000090   Code   RO          800    .text.HAL_TIM_OC_Stop_IT  stm32f4xx_hal_tim.o
    0x08002228   0x08002228   0x00000046   Code   RO          850    .text.HAL_TIM_OnePulse_Init  stm32f4xx_hal_tim.o
    0x0800226e   0x0800226e   0x00000002   Code   RO          852    .text.HAL_TIM_OnePulse_MspInit  stm32f4xx_hal_tim.o
    0x08002270   0x08002270   0x00000030   Code   RO          858    .text.HAL_TIM_OnePulse_Start  stm32f4xx_hal_tim.o
    0x080022a0   0x080022a0   0x00000044   Code   RO          862    .text.HAL_TIM_OnePulse_Start_IT  stm32f4xx_hal_tim.o
    0x080022e4   0x080022e4   0x00000060   Code   RO          860    .text.HAL_TIM_OnePulse_Stop  stm32f4xx_hal_tim.o
    0x08002344   0x08002344   0x00000074   Code   RO          864    .text.HAL_TIM_OnePulse_Stop_IT  stm32f4xx_hal_tim.o
    0x080023b8   0x080023b8   0x00000034   Code   RO          808    .text.HAL_TIM_PWM_Init  stm32f4xx_hal_tim.o
    0x080023ec   0x080023ec   0x00000002   Code   RO          810    .text.HAL_TIM_PWM_MspInit  stm32f4xx_hal_tim.o
    0x080023ee   0x080023ee   0x00000002   Code   RO          892    .text.HAL_TIM_PWM_PulseFinishedCallback  stm32f4xx_hal_tim.o
    0x080023f0   0x080023f0   0x00000030   Code   RO          816    .text.HAL_TIM_PWM_Start  stm32f4xx_hal_tim.o
    0x08002420   0x08002420   0x00000108   Code   RO          824    .text.HAL_TIM_PWM_Start_DMA  stm32f4xx_hal_tim.o
    0x08002528   0x08002528   0x0000006c   Code   RO          820    .text.HAL_TIM_PWM_Start_IT  stm32f4xx_hal_tim.o
    0x08002594   0x08002594   0x00000060   Code   RO          818    .text.HAL_TIM_PWM_Stop  stm32f4xx_hal_tim.o
    0x080025f4   0x080025f4   0x00000098   Code   RO          826    .text.HAL_TIM_PWM_Stop_DMA  stm32f4xx_hal_tim.o
    0x0800268c   0x0800268c   0x00000094   Code   RO          822    .text.HAL_TIM_PWM_Stop_IT  stm32f4xx_hal_tim.o
    0x08002720   0x08002720   0x00000002   Code   RO          894    .text.HAL_TIM_PeriodElapsedCallback  stm32f4xx_hal_tim.o
    0x08002722   0x08002722   0x00000002   Code   RO          896    .text.HAL_TIM_TriggerCallback  stm32f4xx_hal_tim.o
    0x08002724   0x08002724   0x00000004   Code   RO           73    .text.SysTick_Handler  irq.o
    0x08002728   0x08002728   0x0000006c   Code   RO         1064    .text.SystemCoreClockUpdate  system_stm32f4xx.o
    0x08002794   0x08002794   0x0000004c   Code   RO         1062    .text.SystemInit    system_stm32f4xx.o
    0x080027e0   0x080027e0   0x00000004   Code   RO           75    .text.TIM2_IRQHandler  irq.o
    0x080027e4   0x080027e4   0x0000000c   Code   RO         1031    .text.TIMEx_DMACommutationCplt  stm32f4xx_hal_tim_ex.o
    0x080027f0   0x080027f0   0x000000c8   Code   RO          762    .text.TIM_Base_SetConfig  stm32f4xx_hal_tim.o
    0x080028b8   0x080028b8   0x0000001a   Code   RO          794    .text.TIM_CCxChannelCmd  stm32f4xx_hal_tim.o
    0x080028d2   0x080028d2   0x0000003a   Code   RO          846    .text.TIM_DMACaptureCplt  stm32f4xx_hal_tim.o
    0x0800290c   0x0800290c   0x0000003a   Code   RO          804    .text.TIM_DMADelayPulseCplt  stm32f4xx_hal_tim.o
    0x08002946   0x08002946   0x0000000c   Code   RO          780    .text.TIM_DMAError  stm32f4xx_hal_tim.o
    0x08002952   0x08002952   0x0000000c   Code   RO          778    .text.TIM_DMAPeriodElapsedCplt  stm32f4xx_hal_tim.o
    0x0800295e   0x0800295e   0x0000000c   Code   RO          920    .text.TIM_DMATriggerCplt  stm32f4xx_hal_tim.o
    0x0800296a   0x0800296a   0x00000002   Code   RO         1256    .text._Unwind_Complete  libunwind_wx.l(Unwind-EHABI.cpp.o)
    0x0800296c   0x0800296c   0x0000000c   Code   RO         1265    .text._Unwind_DeleteException  libunwind_wx.l(Unwind-EHABI.cpp.o)
    0x08002978   0x08002978   0x00000018   Code   RO         1261    .text._Unwind_GetLanguageSpecificData  libunwind_wx.l(Unwind-EHABI.cpp.o)
    0x08002990   0x08002990   0x00000018   Code   RO         1263    .text._Unwind_GetRegionStart  libunwind_wx.l(Unwind-EHABI.cpp.o)
    0x080029a8   0x080029a8   0x0000007a   Code   RO         1252    .text._Unwind_RaiseException  libunwind_wx.l(Unwind-EHABI.cpp.o)
    0x08002a22   0x08002a22   0x00000020   Code   RO         1258    .text._Unwind_Resume  libunwind_wx.l(Unwind-EHABI.cpp.o)
    0x08002a42   0x08002a42   0x00000058   Code   RO         1238    .text._Unwind_VRS_Get  libunwind_wx.l(Unwind-EHABI.cpp.o)
    0x08002a9a   0x08002a9a   0x00000002   PAD
    0x08002a9c   0x08002a9c   0x0000022a   Code   RO         1236    .text._Unwind_VRS_Interpret  libunwind_wx.l(Unwind-EHABI.cpp.o)
    0x08002cc6   0x08002cc6   0x00000002   PAD
    0x08002cc8   0x08002cc8   0x000000e8   Code   RO         1242    .text._Unwind_VRS_Pop  libunwind_wx.l(Unwind-EHABI.cpp.o)
    0x08002db0   0x08002db0   0x0000005a   Code   RO         1240    .text._Unwind_VRS_Set  libunwind_wx.l(Unwind-EHABI.cpp.o)
    0x08002e0a   0x08002e0a   0x00000002   PAD
    0x08002e0c   0x08002e0c   0x000000a4   Code   RO          107    .text._Z18SystemClock_Configv  main_1.o
    0x08002eb0   0x08002eb0   0x00000020   Code   RO           71    .text._Z19TIM2_IRQHandler_cppv  irq.o
    0x08002ed0   0x08002ed0   0x000000a8   Code   RO         1254    .text._ZL13unwind_phase2P13unw_context_tP12unw_cursor_tP21_Unwind_Control_Blockb  libunwind_wx.l(Unwind-EHABI.cpp.o)
    0x08002f78   0x08002f78   0x0000001a   Code   RO          195    .text._ZN10ParametersC2ERKS_  parameters.o
    0x08002f92   0x08002f92   0x00000018   Code   RO          193    .text._ZN10ParametersC2Ev  parameters.o
    0x08002faa   0x08002faa   0x00000004   Code   RO         1667    .text._ZN10__cxxabiv116__shim_type_infoD2Ev  libcppabi_wx.l(private_typeinfo.cpp.o)
    0x08002fae   0x08002fae   0x0000000e   Code   RO         1683    .text._ZN10__cxxabiv117__class_type_infoD0Ev  libcppabi_wx.l(private_typeinfo.cpp.o)
    0x08002fbc   0x08002fbc   0x00000020   Code   RO         1421    .text._ZN10__cxxabiv120__free_with_fallbackEPv  libcppabi_wx.l(fallback_malloc.cpp.o)
    0x08002fdc   0x08002fdc   0x0000000e   Code   RO         1685    .text._ZN10__cxxabiv120__si_class_type_infoD0Ev  libcppabi_wx.l(private_typeinfo.cpp.o)
    0x08002fea   0x08002fea   0x00000028   Code   RO         1161    .text._ZN10__cxxabiv121__isOurExceptionClassEPK21_Unwind_Control_Block  libcppabi_wx.l(cxa_exception.cpp.o)
    0x08003012   0x08003012   0x00000028   Code   RO         1415    .text._ZN10__cxxabiv122__calloc_with_fallbackEjj  libcppabi_wx.l(fallback_malloc.cpp.o)
    0x0800303a   0x0800303a   0x0000000e   Code   RO         1675    .text._ZN10__cxxabiv123__fundamental_type_infoD0Ev  libcppabi_wx.l(private_typeinfo.cpp.o)
    0x08003048   0x08003048   0x00000020   Code   RO         1417    .text._ZN10__cxxabiv128__aligned_free_with_fallbackEPv  libcppabi_wx.l(fallback_malloc.cpp.o)
    0x08003068   0x08003068   0x00000028   Code   RO         1411    .text._ZN10__cxxabiv130__aligned_malloc_with_fallbackEj  libcppabi_wx.l(fallback_malloc.cpp.o)
    0x08003090   0x08003090   0x000003a0   Code   RO         1215    .text._ZN10__cxxabiv1L11scan_eh_tabERNS_12_GLOBAL__N_112scan_resultsE14_Unwind_ActionbP21_Unwind_Control_BlockP15_Unwind_Context  libcppabi_wx.l(cxa_personality.cpp.o)
    0x08003430   0x08003430   0x00000010   Code   RO         1177    .text._ZN10__cxxabiv1L12failed_throwEPNS_15__cxa_exceptionE  libcppabi_wx.l(cxa_exception.cpp.o)
    0x08003440   0x08003440   0x0000005c   Code   RO         1219    .text._ZN10__cxxabiv1L13set_registersEP21_Unwind_Control_BlockP15_Unwind_ContextRKNS_12_GLOBAL__N_112scan_resultsE  libcppabi_wx.l(cxa_personality.cpp.o)
    0x0800349c   0x0800349c   0x0000001a   Code   RO         1217    .text._ZN10__cxxabiv1L14call_terminateEbP21_Unwind_Control_Block  libcppabi_wx.l(cxa_personality.cpp.o)
    0x080034b6   0x080034b6   0x00000002   PAD
    0x080034b8   0x080034b8   0x00000136   Code   RO         1224    .text._ZN10__cxxabiv1L18readEncodedPointerEPPKhh  libcppabi_wx.l(cxa_personality.cpp.o)
    0x080035ee   0x080035ee   0x00000016   Code   RO         1175    .text._ZN10__cxxabiv1L22exception_cleanup_funcE19_Unwind_Reason_CodeP21_Unwind_Control_Block  libcppabi_wx.l(cxa_exception.cpp.o)
    0x08003604   0x08003604   0x0000003c   Code   RO         1226    .text._ZN10__cxxabiv1L24exception_spec_can_catchExPKhhPKNS_16__shim_type_infoEPvP21_Unwind_Control_Block  libcppabi_wx.l(cxa_personality.cpp.o)
    0x08003640   0x08003640   0x00000022   Code   RO         1205    .text._ZN10__cxxabiv1L27dependent_exception_cleanupE19_Unwind_Reason_CodeP21_Unwind_Control_Block  libcppabi_wx.l(cxa_exception.cpp.o)
    0x08003662   0x08003662   0x00000002   PAD
    0x08003664   0x08003664   0x0000009c   Code   RO         1419    .text._ZN12_GLOBAL__N_113fallback_freeEPv  libcppabi_wx.l(fallback_malloc.cpp.o)
    0x08003700   0x08003700   0x0000003e   Code   RO         1246    .text._ZN12_GLOBAL__N_114unwindOneFrameEjP21_Unwind_Control_BlockP15_Unwind_Context  libunwind_wx.l(Unwind-EHABI.cpp.o)
    0x0800373e   0x0800373e   0x00000002   PAD
    0x08003740   0x08003740   0x00000092   Code   RO         1413    .text._ZN12_GLOBAL__N_115fallback_mallocEj  libcppabi_wx.l(fallback_malloc.cpp.o)
    0x080037d2   0x080037d2   0x00000002   PAD
    0x080037d4   0x080037d4   0x00000070   Code   RO            4    .text._ZN3Dac15HAL_DAC_MspInitEP17DAC_HandleTypeDef  dac.o
    0x08003844   0x08003844   0x0000001a   Code   RO           12    .text._ZN3Dac3lowEv  dac.o
    0x0800385e   0x0800385e   0x0000001c   Code   RO           10    .text._ZN3Dac4highEv  dac.o
    0x0800387a   0x0800387a   0x00000002   PAD
    0x0800387c   0x0800387c   0x0000004c   Code   RO            2    .text._ZN3Dac4initEj  dac.o
    0x080038c8   0x080038c8   0x0000001a   Code   RO            8    .text._ZN3Dac9set_valueEj  dac.o
    0x080038e2   0x080038e2   0x00000014   Code   RO          119    .text._ZN3DacC2Ev   main_1.o
    0x080038f6   0x080038f6   0x00000002   PAD
    0x080038f8   0x080038f8   0x00000038   Code   RO           55    .text._ZN3Hal11HAL_MspInitEv  hal.o
    0x08003930   0x08003930   0x0000000e   Code   RO           53    .text._ZN3Hal4initEv  hal.o
    0x0800393e   0x0800393e   0x00000006   Code   RO           35    .text._ZN3Tim14sample_tick_usEv  tim.o
    0x08003944   0x08003944   0x0000003c   Code   RO           33    .text._ZN3Tim20HAL_TIM_Base_MspInitEP17TIM_HandleTypeDef  tim.o
    0x08003980   0x08003980   0x00000038   Code   RO           31    .text._ZN3Tim4initEv  tim.o
    0x080039b8   0x080039b8   0x000000a8   Code   RO          153    .text._ZN4Sine11fill_memoryEv  wave_1.o
    0x08003a60   0x08003a60   0x0000002c   Code   RO          149    .text._ZN4SineC2Ev  wave_1.o
    0x08003a8c   0x08003a8c   0x00000004   Code   RO          151    .text._ZN4SineD0Ev  wave_1.o
    0x08003a90   0x08003a90   0x0000002e   Code   RO          128    .text._ZN4Wave7set_ptrERPj  wave_1.o
    0x08003abe   0x08003abe   0x00000002   PAD
    0x08003ac0   0x08003ac0   0x00000010   Code   RO          137    .text._ZN4WaveC2ERS_  wave_1.o
    0x08003ad0   0x08003ad0   0x00000014   Code   RO          131    .text._ZN4WaveC2Ev  wave_1.o
    0x08003ae4   0x08003ae4   0x00000002   Code   RO          133    .text._ZN4WaveD2Ev  wave_1.o
    0x08003ae6   0x08003ae6   0x0000008a   Code   RO          175    .text._ZN5Voice9get_valueEy  voice.o
    0x08003b70   0x08003b70   0x00000040   Code   RO          171    .text._ZN5VoiceC2EyyRK10Parameters  voice.o
    0x08003bb0   0x08003bb0   0x0000003c   Code   RO          145    .text._ZN6Square11fill_memoryEv  wave_1.o
    0x08003bec   0x08003bec   0x0000002c   Code   RO          141    .text._ZN6SquareC2Ev  wave_1.o
    0x08003c18   0x08003c18   0x00000004   Code   RO          143    .text._ZN6SquareD0Ev  wave_1.o
    0x08003c1c   0x08003c1c   0x00000008   Code   RO         1520    .text._ZN9libunwind12UnwindCursorINS_17LocalAddressSpaceENS_13Registers_armEE10saveVFPAsXEv  libunwind_wx.l(libunwind.cpp.o)
    0x08003c24   0x08003c24   0x00000064   Code   RO         1502    .text._ZN9libunwind12UnwindCursorINS_17LocalAddressSpaceENS_13Registers_armEE11getFloatRegEi  libunwind_wx.l(libunwind.cpp.o)
    0x08003c88   0x08003c88   0x0000006e   Code   RO         1504    .text._ZN9libunwind12UnwindCursorINS_17LocalAddressSpaceENS_13Registers_armEE11setFloatRegEiy  libunwind_wx.l(libunwind.cpp.o)
    0x08003cf6   0x08003cf6   0x00000006   Code   RO         1512    .text._ZN9libunwind12UnwindCursorINS_17LocalAddressSpaceENS_13Registers_armEE13isSignalFrameEv  libunwind_wx.l(libunwind.cpp.o)
    0x08003cfc   0x08003cfc   0x00000030   Code   RO         1522    .text._ZN9libunwind12UnwindCursorINS_17LocalAddressSpaceENS_13Registers_armEE13stepWithEHABIEv  libunwind_wx.l(libunwind.cpp.o)
    0x08003d2c   0x08003d2c   0x00000010   Code   RO         1500    .text._ZN9libunwind12UnwindCursorINS_17LocalAddressSpaceENS_13Registers_armEE13validFloatRegEi  libunwind_wx.l(libunwind.cpp.o)
    0x08003d3c   0x08003d3c   0x00000010   Code   RO         1514    .text._ZN9libunwind12UnwindCursorINS_17LocalAddressSpaceENS_13Registers_armEE15getFunctionNameEPcjPj  libunwind_wx.l(libunwind.cpp.o)
    0x08003d4c   0x08003d4c   0x00000006   Code   RO         1518    .text._ZN9libunwind12UnwindCursorINS_17LocalAddressSpaceENS_13Registers_armEE15getRegisterNameEi  libunwind_wx.l(libunwind.cpp.o)
    0x08003d52   0x08003d52   0x00000002   PAD
    0x08003d54   0x08003d54   0x000001ac   Code   RO         1526    .text._ZN9libunwind12UnwindCursorINS_17LocalAddressSpaceENS_13Registers_armEE23getInfoFromEHABISectionEjRKNS_18UnwindInfoSectionsE  libunwind_wx.l(libunwind.cpp.o)
    0x08003f00   0x08003f00   0x00000046   Code   RO         1516    .text._ZN9libunwind12UnwindCursorINS_17LocalAddressSpaceENS_13Registers_armEE24setInfoBasedOnIPRegisterEb  libunwind_wx.l(libunwind.cpp.o)
    0x08003f46   0x08003f46   0x00000030   Code   RO         1506    .text._ZN9libunwind12UnwindCursorINS_17LocalAddressSpaceENS_13Registers_armEE4stepEv  libunwind_wx.l(libunwind.cpp.o)
    0x08003f76   0x08003f76   0x0000003a   Code   RO         1496    .text._ZN9libunwind12UnwindCursorINS_17LocalAddressSpaceENS_13Registers_armEE6getRegEi  libunwind_wx.l(libunwind.cpp.o)
    0x08003fb0   0x08003fb0   0x00000016   Code   RO         1510    .text._ZN9libunwind12UnwindCursorINS_17LocalAddressSpaceENS_13Registers_armEE6jumptoEv  libunwind_wx.l(libunwind.cpp.o)
    0x08003fc6   0x08003fc6   0x00000038   Code   RO         1498    .text._ZN9libunwind12UnwindCursorINS_17LocalAddressSpaceENS_13Registers_armEE6setRegEij  libunwind_wx.l(libunwind.cpp.o)
    0x08003ffe   0x08003ffe   0x0000002a   Code   RO         1508    .text._ZN9libunwind12UnwindCursorINS_17LocalAddressSpaceENS_13Registers_armEE7getInfoEP15unw_proc_info_t  libunwind_wx.l(libunwind.cpp.o)
    0x08004028   0x08004028   0x0000000e   Code   RO         1494    .text._ZN9libunwind12UnwindCursorINS_17LocalAddressSpaceENS_13Registers_armEE8validRegEi  libunwind_wx.l(libunwind.cpp.o)
    0x08004036   0x08004036   0x00000002   Code   RO         1492    .text._ZN9libunwind12UnwindCursorINS_17LocalAddressSpaceENS_13Registers_armEED0Ev  libunwind_wx.l(libunwind.cpp.o)
    0x08004038   0x08004038   0x00000394   Code   RO         1528    .text._ZN9libunwind13Registers_arm15getRegisterNameEi  libunwind_wx.l(libunwind.cpp.o)
    0x080043cc   0x080043cc   0x00000032   Code   RO         1524    .text._ZN9libunwind13Registers_arm26restoreSavedFloatRegistersEv  libunwind_wx.l(libunwind.cpp.o)
    0x080043fe   0x080043fe   0x00000002   Code   RO         1490    .text._ZN9libunwind20AbstractUnwindCursorD2Ev  libunwind_wx.l(libunwind.cpp.o)
    0x08004400   0x08004400   0x00000002   Code   RO         1671    .text._ZNK10__cxxabiv116__shim_type_info5noop1Ev  libcppabi_wx.l(private_typeinfo.cpp.o)
    0x08004402   0x08004402   0x00000002   Code   RO         1673    .text._ZNK10__cxxabiv116__shim_type_info5noop2Ev  libcppabi_wx.l(private_typeinfo.cpp.o)
    0x08004404   0x08004404   0x00000032   Code   RO         1745    .text._ZNK10__cxxabiv117__class_type_info16search_above_dstEPNS_19__dynamic_cast_infoEPKvS4_ib  libcppabi_wx.l(private_typeinfo.cpp.o)
    0x08004436   0x08004436   0x0000007e   Code   RO         1739    .text._ZNK10__cxxabiv117__class_type_info16search_below_dstEPNS_19__dynamic_cast_infoEPKvib  libcppabi_wx.l(private_typeinfo.cpp.o)
    0x080044b4   0x080044b4   0x0000003a   Code   RO         1707    .text._ZNK10__cxxabiv117__class_type_info27has_unambiguous_public_baseEPNS_19__dynamic_cast_infoEPvi  libcppabi_wx.l(private_typeinfo.cpp.o)
    0x080044ee   0x080044ee   0x0000005e   Code   RO         1727    .text._ZNK10__cxxabiv117__class_type_info29process_static_type_above_dstEPNS_19__dynamic_cast_infoEPKvS4_i  libcppabi_wx.l(private_typeinfo.cpp.o)
    0x0800454c   0x0800454c   0x00000072   Code   RO         1703    .text._ZNK10__cxxabiv117__class_type_info9can_catchEPKNS_16__shim_type_infoERPv  libcppabi_wx.l(private_typeinfo.cpp.o)
    0x080045be   0x080045be   0x00000050   Code   RO         1715    .text._ZNK10__cxxabiv117__pbase_type_info9can_catchEPKNS_16__shim_type_infoERPv  libcppabi_wx.l(private_typeinfo.cpp.o)
    0x0800460e   0x0800460e   0x00000094   Code   RO         1719    .text._ZNK10__cxxabiv119__pointer_type_info16can_catch_nestedEPKNS_16__shim_type_infoE  libcppabi_wx.l(private_typeinfo.cpp.o)
    0x080046a2   0x080046a2   0x00000194   Code   RO         1717    .text._ZNK10__cxxabiv119__pointer_type_info9can_catchEPKNS_16__shim_type_infoERPv  libcppabi_wx.l(private_typeinfo.cpp.o)
    0x08004836   0x08004836   0x0000004c   Code   RO         1743    .text._ZNK10__cxxabiv120__si_class_type_info16search_above_dstEPNS_19__dynamic_cast_infoEPKvS4_ib  libcppabi_wx.l(private_typeinfo.cpp.o)
    0x08004882   0x08004882   0x000000d2   Code   RO         1737    .text._ZNK10__cxxabiv120__si_class_type_info16search_below_dstEPNS_19__dynamic_cast_infoEPKvib  libcppabi_wx.l(private_typeinfo.cpp.o)
    0x08004954   0x08004954   0x00000044   Code   RO         1709    .text._ZNK10__cxxabiv120__si_class_type_info27has_unambiguous_public_baseEPNS_19__dynamic_cast_infoEPvi  libcppabi_wx.l(private_typeinfo.cpp.o)
    0x08004998   0x08004998   0x00000148   Code   RO         1741    .text._ZNK10__cxxabiv121__vmi_class_type_info16search_above_dstEPNS_19__dynamic_cast_infoEPKvS4_ib  libcppabi_wx.l(private_typeinfo.cpp.o)
    0x08004ae0   0x08004ae0   0x0000000a   Code   RO         1695    .text._ZNK10__cxxabiv123__fundamental_type_info9can_catchEPKNS_16__shim_type_infoERPv  libcppabi_wx.l(private_typeinfo.cpp.o)
    0x08004aea   0x08004aea   0x00000046   Code   RO         1721    .text._ZNK10__cxxabiv129__pointer_to_member_type_info16can_catch_nestedEPKNS_16__shim_type_infoE  libcppabi_wx.l(private_typeinfo.cpp.o)
    0x08004b30   0x08004b30   0x0000009e   Code   RO         1723    .text._ZNK10__cxxabiv129__pointer_to_member_type_info9can_catchEPKNS_16__shim_type_infoERPv  libcppabi_wx.l(private_typeinfo.cpp.o)
    0x08004bce   0x08004bce   0x00000002   PAD
    0x08004bd0   0x08004bd0   0x0000000c   Code   RO          155    .text._ZNK4Sine9get_valueEf  wave_1.o
    0x08004bdc   0x08004bdc   0x00000024   Code   RO          139    .text._ZNK4Wave14get_value_wptrEPjf  wave_1.o
    0x08004c00   0x08004c00   0x0000000c   Code   RO          147    .text._ZNK6Square9get_valueEf  wave_1.o
    0x08004c0c   0x08004c0c   0x00000018   Code   RO         1434    .text._ZNKSt13bad_exception4whatEv  libcppabi_wx.l(stdlib_exception.cpp.o)
    0x08004c24   0x08004c24   0x0000001c   Code   RO         1446    .text._ZNKSt20bad_array_new_length4whatEv  libcppabi_wx.l(stdlib_exception.cpp.o)
    0x08004c40   0x08004c40   0x00000014   Code   RO         1440    .text._ZNKSt9bad_alloc4whatEv  libcppabi_wx.l(stdlib_exception.cpp.o)
    0x08004c54   0x08004c54   0x00000004   Code   RO         1432    .text._ZNSt13bad_exceptionD0Ev  libcppabi_wx.l(stdlib_exception.cpp.o)
    0x08004c58   0x08004c58   0x0000000e   Code   RO         1442    .text._ZNSt20bad_array_new_lengthC2Ev  libcppabi_wx.l(stdlib_exception.cpp.o)
    0x08004c66   0x08004c66   0x00000004   Code   RO         1444    .text._ZNSt20bad_array_new_lengthD0Ev  libcppabi_wx.l(stdlib_exception.cpp.o)
    0x08004c6a   0x08004c6a   0x0000000e   Code   RO         1436    .text._ZNSt9bad_allocC2Ev  libcppabi_wx.l(stdlib_exception.cpp.o)
    0x08004c78   0x08004c78   0x00000004   Code   RO         1438    .text._ZNSt9bad_allocD0Ev  libcppabi_wx.l(stdlib_exception.cpp.o)
    0x08004c7c   0x08004c7c   0x00000002   Code   RO         1426    .text._ZNSt9exceptionD2Ev  libcppabi_wx.l(stdlib_exception.cpp.o)
    0x08004c7e   0x08004c7e   0x00000002   Code   RO         1985    .text._ZNSt9type_infoD2Ev  libcppabi_wx.l(stdlib_typeinfo.cpp.o)
    0x08004c80   0x08004c80   0x00000010   Code   RO         1398    .text._ZSt10unexpectedv  libcppabi_wx.l(cxa_handlers.cpp.o)
    0x08004c90   0x08004c90   0x00000080   Code   RO         1402    .text._ZSt11__terminatePFvvE  libcppabi_wx.l(cxa_handlers.cpp.o)
    0x08004d10   0x08004d10   0x00000038   Code   RO         1396    .text._ZSt12__unexpectedPFvvE  libcppabi_wx.l(cxa_handlers.cpp.o)
    0x08004d48   0x08004d48   0x0000000c   Code   RO         1400    .text._ZSt13get_terminatev  libcppabi_wx.l(cxa_handlers.cpp.o)
    0x08004d54   0x08004d54   0x0000001c   Code   RO         1662    .text._ZSt13set_terminatePFvvE  libcppabi_wx.l(cxa_default_handlers.cpp.o)
    0x08004d70   0x08004d70   0x0000000c   Code   RO         1391    .text._ZSt14get_unexpectedv  libcppabi_wx.l(cxa_handlers.cpp.o)
    0x08004d7c   0x08004d7c   0x0000001c   Code   RO         1660    .text._ZSt14set_unexpectedPFvvE  libcppabi_wx.l(cxa_default_handlers.cpp.o)
    0x08004d98   0x08004d98   0x0000000c   Code   RO         1407    .text._ZSt15get_new_handlerv  libcppabi_wx.l(cxa_handlers.cpp.o)
    0x08004da4   0x08004da4   0x00000010   Code   RO         1405    .text._ZSt15set_new_handlerPFvvE  libcppabi_wx.l(cxa_handlers.cpp.o)
    0x08004db4   0x08004db4   0x00000032   Code   RO         1393    .text._ZSt9terminatev  libcppabi_wx.l(cxa_handlers.cpp.o)
    0x08004de6   0x08004de6   0x00000004   Code   RO         1124    .text._ZdaPv        libcpp_wx.l(new.cpp.o)
    0x08004dea   0x08004dea   0x00000004   Code   RO         1126    .text._ZdaPvRKSt9nothrow_t  libcpp_wx.l(new.cpp.o)
    0x08004dee   0x08004dee   0x00000004   Code   RO         1128    .text._ZdaPvj       libcpp_wx.l(new.cpp.o)
    0x08004df2   0x08004df2   0x00000004   Code   RO         1118    .text._ZdlPv        libcpp_wx.l(new.cpp.o)
    0x08004df6   0x08004df6   0x00000004   Code   RO         1120    .text._ZdlPvRKSt9nothrow_t  libcpp_wx.l(new.cpp.o)
    0x08004dfa   0x08004dfa   0x00000004   Code   RO         1122    .text._ZdlPvj       libcpp_wx.l(new.cpp.o)
    0x08004dfe   0x08004dfe   0x00000004   Code   RO         1113    .text._Znaj         libcpp_wx.l(new.cpp.o)
    0x08004e02   0x08004e02   0x00000018   Code   RO         1115    .text._ZnajRKSt9nothrow_t  libcpp_wx.l(new.cpp.o)
    0x08004e1a   0x08004e1a   0x00000004   Code   RO         1135    .text._ZnajSt11align_val_t  libcpp_wx.l(new.cpp.o)
    0x08004e1e   0x08004e1e   0x00000018   Code   RO         1137    .text._ZnajSt11align_val_tRKSt9nothrow_t  libcpp_wx.l(new.cpp.o)
    0x08004e36   0x08004e36   0x00000002   PAD
    0x08004e38   0x08004e38   0x0000003e   Code   RO         1108    .text._Znwj         libcpp_wx.l(new.cpp.o)
    0x08004e76   0x08004e76   0x00000018   Code   RO         1110    .text._ZnwjRKSt9nothrow_t  libcpp_wx.l(new.cpp.o)
    0x08004e8e   0x08004e8e   0x00000002   PAD
    0x08004e90   0x08004e90   0x0000005e   Code   RO         1130    .text._ZnwjSt11align_val_t  libcpp_wx.l(new.cpp.o)
    0x08004eee   0x08004eee   0x00000018   Code   RO         1132    .text._ZnwjSt11align_val_tRKSt9nothrow_t  libcpp_wx.l(new.cpp.o)
    0x08004f06   0x08004f06   0x00000002   PAD
    0x08004f08   0x08004f08   0x00000024   Code   RO          414    .text.__NVIC_SetPriority  stm32f4xx_hal_cortex.o
    0x08004f2c   0x08004f2c   0x00000008   Code   RO         1244    .text.__aeabi_unwind_cpp_pr0  libunwind_wx.l(Unwind-EHABI.cpp.o)
    0x08004f34   0x08004f34   0x00000008   Code   RO         1248    .text.__aeabi_unwind_cpp_pr1  libunwind_wx.l(Unwind-EHABI.cpp.o)
    0x08004f3c   0x08004f3c   0x00000008   Code   RO         1250    .text.__aeabi_unwind_cpp_pr2  libunwind_wx.l(Unwind-EHABI.cpp.o)
    0x08004f44   0x08004f44   0x00000008   Code   RO         1153    .text.__clang_call_terminate  libcpp_wx.l(new.cpp.o)
    0x08004f4c   0x08004f4c   0x0000001a   Code   RO         1169    .text.__cxa_allocate_dependent_exception  libcppabi_wx.l(cxa_exception.cpp.o)
    0x08004f66   0x08004f66   0x00000028   Code   RO         1163    .text.__cxa_allocate_exception  libcppabi_wx.l(cxa_exception.cpp.o)
    0x08004f8e   0x08004f8e   0x0000006a   Code   RO         1186    .text.__cxa_begin_catch  libcppabi_wx.l(cxa_exception.cpp.o)
    0x08004ff8   0x08004ff8   0x00000058   Code   RO         1181    .text.__cxa_begin_cleanup  libcppabi_wx.l(cxa_exception.cpp.o)
    0x08005050   0x08005050   0x00000186   Code   RO         1221    .text.__cxa_call_unexpected  libcppabi_wx.l(cxa_personality.cpp.o)
    0x080051d6   0x080051d6   0x00000028   Code   RO         1191    .text.__cxa_decrement_exception_refcount  libcppabi_wx.l(cxa_exception.cpp.o)
    0x080051fe   0x080051fe   0x00000078   Code   RO         1189    .text.__cxa_end_catch  libcppabi_wx.l(cxa_exception.cpp.o)
    0x08005276   0x08005276   0x00000058   Code   RO         1184    .text.__cxa_end_cleanup_impl  libcppabi_wx.l(cxa_exception.cpp.o)
    0x080052ce   0x080052ce   0x0000000a   Code   RO         1385    .text.__cxa_get_globals  libcppabi_wx.l(cxa_exception_storage.cpp.o)
    0x080052d8   0x080052d8   0x0000000a   Code   RO         1387    .text.__cxa_get_globals_fast  libcppabi_wx.l(cxa_exception_storage.cpp.o)
    0x080052e2   0x080052e2   0x00000002   PAD
    0x080052e4   0x080052e4   0x00000028   Code   RO         1229    .text.__cxa_pure_virtual  libcppabi_wx.l(cxa_virtual.cpp.o)
    0x0800530c   0x0800530c   0x0000005a   Code   RO         1196    .text.__cxa_rethrow  libcppabi_wx.l(cxa_exception.cpp.o)
    0x08005366   0x08005366   0x00000064   Code   RO         1203    .text.__cxa_rethrow_primary_exception  libcppabi_wx.l(cxa_exception.cpp.o)
    0x080053ca   0x080053ca   0x0000005a   Code   RO         1173    .text.__cxa_throw   libcppabi_wx.l(cxa_exception.cpp.o)
    0x08005424   0x08005424   0x000000a6   Code   RO         1725    .text.__dynamic_cast  libcppabi_wx.l(private_typeinfo.cpp.o)
    0x080054ca   0x080054ca   0x00000010   Code   RO         1267    .text.__gnu_unwind_frame  libunwind_wx.l(Unwind-EHABI.cpp.o)
    0x080054da   0x080054da   0x0000011c   Code   RO         1213    .text.__gxx_personality_v0  libcppabi_wx.l(cxa_personality.cpp.o)
    0x080055f6   0x080055f6   0x00000006   Code   RO         1382    .text.abort_message  libcppabi_wx.l(abort_message.cpp.o)
    0x080055fc   0x080055fc   0x00000052   Code   RO         1234    .text.decode_eht_entry  libunwind_wx.l(Unwind-EHABI.cpp.o)
    0x0800564e   0x0800564e   0x00000002   PAD
    0x08005650   0x08005650   0x000000d8   Code   RO          104    .text.main          main_1.o
    0x08005728   0x08005728   0x0000002e   Code   RO         1467    .text.unw_get_fpreg  libunwind_wx.l(libunwind.cpp.o)
    0x08005756   0x08005756   0x0000001e   Code   RO         1473    .text.unw_get_proc_info  libunwind_wx.l(libunwind.cpp.o)
    0x08005774   0x08005774   0x0000002c   Code   RO         1463    .text.unw_get_reg   libunwind_wx.l(libunwind.cpp.o)
    0x080057a0   0x080057a0   0x00000046   Code   RO         1461    .text.unw_init_local  libunwind_wx.l(libunwind.cpp.o)
    0x080057e6   0x080057e6   0x00000012   Code   RO         1475    .text.unw_resume    libunwind_wx.l(libunwind.cpp.o)
    0x080057f8   0x080057f8   0x00000006   Code   RO         1485    .text.unw_save_vfp_as_X  libunwind_wx.l(libunwind.cpp.o)
    0x080057fe   0x080057fe   0x00000036   Code   RO         1469    .text.unw_set_fpreg  libunwind_wx.l(libunwind.cpp.o)
    0x08005834   0x08005834   0x00000068   Code   RO         1465    .text.unw_set_reg   libunwind_wx.l(libunwind.cpp.o)
    0x0800589c   0x0800589c   0x00000006   Code   RO         1471    .text.unw_step      libunwind_wx.l(libunwind.cpp.o)
    0x080058a2   0x080058a2   0x00000026   Code   RO         1532    i.__ARM_fpclassifyf  m_wm.l(fpclassifyf.o)
    0x080058c8   0x080058c8   0x000000b0   Code   RO         1269    i.__hardfp_fmodf    m_wm.l(fmodf.o)
    0x08005978   0x08005978   0x00000190   Code   RO         1281    i.__hardfp_sinf     m_wm.l(sinf.o)
    0x08005b08   0x08005b08   0x00000006   Code   RO         1535    i.__mathlib_flt_infnan  m_wm.l(funder.o)
    0x08005b0e   0x08005b0e   0x00000002   PAD
    0x08005b10   0x08005b10   0x00000010   Code   RO         1537    i.__mathlib_flt_invalid  m_wm.l(funder.o)
    0x08005b20   0x08005b20   0x00000010   Code   RO         1540    i.__mathlib_flt_underflow  m_wm.l(funder.o)
    0x08005b30   0x08005b30   0x00000154   Code   RO         1548    i.__mathlib_rredf2  m_wm.l(rredf.o)
    0x08005c84   0x08005c84   0x00000062   Code   RO         1087    x$fpl$d2f           fz_wm.l(d2f.o)
    0x08005ce6   0x08005ce6   0x00000002   PAD
    0x08005ce8   0x08005ce8   0x00000150   Code   RO         1089    x$fpl$dadd          fz_wm.l(daddsub_clz.o)
    0x08005e38   0x08005e38   0x0000005a   Code   RO         1095    x$fpl$dfixu         fz_wm.l(dfixu.o)
    0x08005e92   0x08005e92   0x00000002   PAD
    0x08005e94   0x08005e94   0x00000154   Code   RO         1099    x$fpl$dmul          fz_wm.l(dmul.o)
    0x08005fe8   0x08005fe8   0x0000009c   Code   RO         1370    x$fpl$dnaninf       fz_wm.l(dnaninf.o)
    0x08006084   0x08006084   0x0000000c   Code   RO         1372    x$fpl$dretinf       fz_wm.l(dretinf.o)
    0x08006090   0x08006090   0x000001d4   Code   RO         1091    x$fpl$dsub          fz_wm.l(daddsub_clz.o)
    0x08006264   0x08006264   0x00000056   Code   RO         1101    x$fpl$f2d           fz_wm.l(f2d.o)
    0x080062ba   0x080062ba   0x00000060   Code   RO         1103    x$fpl$ffltll        fz_wm.l(ffltll_clz.o)
    0x0800631a   0x0800631a   0x0000008c   Code   RO         1374    x$fpl$fnaninf       fz_wm.l(fnaninf.o)
    0x080063a6   0x080063a6   0x0000001a   Code   RO         1982    x$fpl$fpinit        fz_wm.l(fpinit.o)
    0x080063c0   0x080063c0   0x000000f4   Code   RO         1376    x$fpl$frem          fz_wm.l(frem_clz.o)
    0x080064b4   0x080064b4   0x0000000a   Code   RO         1378    x$fpl$fretinf       fz_wm.l(fretinf.o)
    0x080064be   0x080064be   0x00000000   Code   RO         1380    x$fpl$usenofp       fz_wm.l(usenofp.o)
    0x080064be   0x080064be   0x00000002   PAD
    0x080064c0   0x080064c0   0x0000000c   Data   RO         1259    .ARM.extab.text._Unwind_Resume  libunwind_wx.l(Unwind-EHABI.cpp.o)
    0x080064cc   0x080064cc   0x0000001c   Data   RO          129    .ARM.extab.text._ZN4Wave7set_ptrERPj  wave_1.o
    0x080064e8   0x080064e8   0x0000000c   Data   RO          176    .ARM.extab.text._ZN5Voice9get_valueEy  voice.o
    0x080064f4   0x080064f4   0x00000024   Data   RO         1403    .ARM.extab.text._ZSt11__terminatePFvvE  libcppabi_wx.l(cxa_handlers.cpp.o)
    0x08006518   0x08006518   0x0000001c   Data   RO         1394    .ARM.extab.text._ZSt9terminatev  libcppabi_wx.l(cxa_handlers.cpp.o)
    0x08006534   0x08006534   0x00000020   Data   RO         1116    .ARM.extab.text._ZnajRKSt9nothrow_t  libcpp_wx.l(new.cpp.o)
    0x08006554   0x08006554   0x00000020   Data   RO         1138    .ARM.extab.text._ZnajSt11align_val_tRKSt9nothrow_t  libcpp_wx.l(new.cpp.o)
    0x08006574   0x08006574   0x00000020   Data   RO         1111    .ARM.extab.text._ZnwjRKSt9nothrow_t  libcpp_wx.l(new.cpp.o)
    0x08006594   0x08006594   0x00000020   Data   RO         1133    .ARM.extab.text._ZnwjSt11align_val_tRKSt9nothrow_t  libcpp_wx.l(new.cpp.o)
    0x080065b4   0x080065b4   0x0000001c   Data   RO         1164    .ARM.extab.text.__cxa_allocate_exception  libcppabi_wx.l(cxa_exception.cpp.o)
    0x080065d0   0x080065d0   0x0000001c   Data   RO         1187    .ARM.extab.text.__cxa_begin_catch  libcppabi_wx.l(cxa_exception.cpp.o)
    0x080065ec   0x080065ec   0x0000001c   Data   RO         1182    .ARM.extab.text.__cxa_begin_cleanup  libcppabi_wx.l(cxa_exception.cpp.o)
    0x08006608   0x08006608   0x0000005c   Data   RO         1222    .ARM.extab.text.__cxa_call_unexpected  libcppabi_wx.l(cxa_personality.cpp.o)
    0x08006664   0x08006664   0x00000020   Data   RO         1192    .ARM.extab.text.__cxa_decrement_exception_refcount  libcppabi_wx.l(cxa_exception.cpp.o)
    0x08006684   0x08006684   0x0000003c   Data   RO          105    .ARM.extab.text.main  main_1.o
    0x080066c0   0x080066c0   0x00000020   Data   RO         1549    .constdata          m_wm.l(rredf.o)
    0x080066e0   0x080066e0   0x00000010   Data   RO         1067    .rodata.AHBPrescTable  system_stm32f4xx.o
    0x080066f0   0x080066f0   0x00000008   Data   RO         1772    .rodata._ZTIDn      libcppabi_wx.l(private_typeinfo.cpp.o)
    0x080066f8   0x080066f8   0x0000000c   Data   RO         1748    .rodata._ZTIN10__cxxabiv116__shim_type_infoE  libcppabi_wx.l(private_typeinfo.cpp.o)
    0x08006704   0x08006704   0x0000000c   Data   RO         1750    .rodata._ZTIN10__cxxabiv117__class_type_infoE  libcppabi_wx.l(private_typeinfo.cpp.o)
    0x08006710   0x08006710   0x0000000c   Data   RO         1752    .rodata._ZTIN10__cxxabiv117__pbase_type_infoE  libcppabi_wx.l(private_typeinfo.cpp.o)
    0x0800671c   0x0800671c   0x0000000c   Data   RO         1754    .rodata._ZTIN10__cxxabiv119__pointer_type_infoE  libcppabi_wx.l(private_typeinfo.cpp.o)
    0x08006728   0x08006728   0x0000000c   Data   RO         1756    .rodata._ZTIN10__cxxabiv120__function_type_infoE  libcppabi_wx.l(private_typeinfo.cpp.o)
    0x08006734   0x08006734   0x0000000c   Data   RO         1925    .rodata._ZTIN10__cxxabiv120__si_class_type_infoE  libcppabi_wx.l(private_typeinfo.cpp.o)
    0x08006740   0x08006740   0x0000000c   Data   RO         1764    .rodata._ZTIN10__cxxabiv123__fundamental_type_infoE  libcppabi_wx.l(private_typeinfo.cpp.o)
    0x0800674c   0x0800674c   0x0000000c   Data   RO         1758    .rodata._ZTIN10__cxxabiv129__pointer_to_member_type_infoE  libcppabi_wx.l(private_typeinfo.cpp.o)
    0x08006758   0x08006758   0x0000000c   Data   RO         1455    .rodata._ZTISt13bad_exception  libcppabi_wx.l(stdlib_exception.cpp.o)
    0x08006764   0x08006764   0x0000000c   Data   RO         1459    .rodata._ZTISt20bad_array_new_length  libcppabi_wx.l(stdlib_exception.cpp.o)
    0x08006770   0x08006770   0x0000000c   Data   RO         1457    .rodata._ZTISt9bad_alloc  libcppabi_wx.l(stdlib_exception.cpp.o)
    0x0800677c   0x0800677c   0x00000008   Data   RO         1452    .rodata._ZTISt9exception  libcppabi_wx.l(stdlib_exception.cpp.o)
    0x08006784   0x08006784   0x00000008   Data   RO         2009    .rodata._ZTISt9type_info  libcppabi_wx.l(stdlib_typeinfo.cpp.o)
    0x0800678c   0x0800678c   0x00000008   Data   RO         1766    .rodata._ZTIv       libcppabi_wx.l(private_typeinfo.cpp.o)
    0x08006794   0x08006794   0x00000003   Data   RO         1771    .rodata._ZTSDn      libcppabi_wx.l(private_typeinfo.cpp.o)
    0x08006797   0x08006797   0x00000021   Data   RO         1747    .rodata._ZTSN10__cxxabiv116__shim_type_infoE  libcppabi_wx.l(private_typeinfo.cpp.o)
    0x080067b8   0x080067b8   0x00000022   Data   RO         1749    .rodata._ZTSN10__cxxabiv117__class_type_infoE  libcppabi_wx.l(private_typeinfo.cpp.o)
    0x080067da   0x080067da   0x00000022   Data   RO         1751    .rodata._ZTSN10__cxxabiv117__pbase_type_infoE  libcppabi_wx.l(private_typeinfo.cpp.o)
    0x080067fc   0x080067fc   0x00000024   Data   RO         1753    .rodata._ZTSN10__cxxabiv119__pointer_type_infoE  libcppabi_wx.l(private_typeinfo.cpp.o)
    0x08006820   0x08006820   0x00000025   Data   RO         1755    .rodata._ZTSN10__cxxabiv120__function_type_infoE  libcppabi_wx.l(private_typeinfo.cpp.o)
    0x08006845   0x08006845   0x00000025   Data   RO         1924    .rodata._ZTSN10__cxxabiv120__si_class_type_infoE  libcppabi_wx.l(private_typeinfo.cpp.o)
    0x0800686a   0x0800686a   0x00000028   Data   RO         1763    .rodata._ZTSN10__cxxabiv123__fundamental_type_infoE  libcppabi_wx.l(private_typeinfo.cpp.o)
    0x08006892   0x08006892   0x0000002e   Data   RO         1757    .rodata._ZTSN10__cxxabiv129__pointer_to_member_type_infoE  libcppabi_wx.l(private_typeinfo.cpp.o)
    0x080068c0   0x080068c0   0x00000012   Data   RO         1454    .rodata._ZTSSt13bad_exception  libcppabi_wx.l(stdlib_exception.cpp.o)
    0x080068d2   0x080068d2   0x00000019   Data   RO         1458    .rodata._ZTSSt20bad_array_new_length  libcppabi_wx.l(stdlib_exception.cpp.o)
    0x080068eb   0x080068eb   0x0000000d   Data   RO         1456    .rodata._ZTSSt9bad_alloc  libcppabi_wx.l(stdlib_exception.cpp.o)
    0x080068f8   0x080068f8   0x0000000d   Data   RO         1451    .rodata._ZTSSt9exception  libcppabi_wx.l(stdlib_exception.cpp.o)
    0x08006905   0x08006905   0x0000000d   Data   RO         2008    .rodata._ZTSSt9type_info  libcppabi_wx.l(stdlib_typeinfo.cpp.o)
    0x08006912   0x08006912   0x00000002   Data   RO         1765    .rodata._ZTSv       libcppabi_wx.l(private_typeinfo.cpp.o)
    0x08006914   0x08006914   0x0000001c   Data   RO          160    .rodata._ZTV4Sine   wave_1.o
    0x08006930   0x08006930   0x0000001c   Data   RO          157    .rodata._ZTV4Wave   wave_1.o
    0x0800694c   0x0800694c   0x0000001c   Data   RO          158    .rodata._ZTV6Square  wave_1.o
    0x08006968   0x08006968   0x00000028   Data   RO         1922    .rodata._ZTVN10__cxxabiv117__class_type_infoE  libcppabi_wx.l(private_typeinfo.cpp.o)
    0x08006990   0x08006990   0x00000028   Data   RO         1923    .rodata._ZTVN10__cxxabiv120__si_class_type_infoE  libcppabi_wx.l(private_typeinfo.cpp.o)
    0x080069b8   0x080069b8   0x0000001c   Data   RO         1762    .rodata._ZTVN10__cxxabiv123__fundamental_type_infoE  libcppabi_wx.l(private_typeinfo.cpp.o)
    0x080069d4   0x080069d4   0x00000048   Data   RO         1530    .rodata._ZTVN9libunwind12UnwindCursorINS_17LocalAddressSpaceENS_13Registers_armEEE  libunwind_wx.l(libunwind.cpp.o)
    0x08006a1c   0x08006a1c   0x00000014   Data   RO         1453    .rodata._ZTVSt13bad_exception  libcppabi_wx.l(stdlib_exception.cpp.o)
    0x08006a30   0x08006a30   0x00000014   Data   RO         1449    .rodata._ZTVSt20bad_array_new_length  libcppabi_wx.l(stdlib_exception.cpp.o)
    0x08006a44   0x08006a44   0x00000014   Data   RO         1448    .rodata._ZTVSt9bad_alloc  libcppabi_wx.l(stdlib_exception.cpp.o)
    0x08006a58   0x08006a58   0x00000008   Data   RO         1759    .rodata._ZZNK10__cxxabiv129__pointer_to_member_type_info9can_catchEPKNS_16__shim_type_infoERPvE12null_ptr_rep  libcppabi_wx.l(private_typeinfo.cpp.o)
    0x08006a60   0x08006a60   0x00000004   Data   RO         1760    .rodata._ZZNK10__cxxabiv129__pointer_to_member_type_info9can_catchEPKNS_16__shim_type_infoERPvE12null_ptr_rep_0  libcppabi_wx.l(private_typeinfo.cpp.o)
    0x08006a64   0x08006a64   0x00000003   Data   RO         1489    .rodata.str1.1      libunwind_wx.l(libunwind.cpp.o)
    0x08006a67   0x08006a67   0x00000001   PAD
    0x08006a68   0x08006a68   0x00000020   Data   RO         2079    Region$$Table       anon$$obj.o
    0x08006a88   0x08006a88   0x00000008   Data   RO         1571    .ARM.exidx          c_w.l(__rtentry4.o)
    0x08006a90   0x08006a88   0x00000008   Data   RO          460    .ARM.exidx.text.HAL_DAC_Init  stm32f4xx_hal_dac.o
    0x08006a98   0x08006a88   0x00000008   Data   RO          462    .ARM.exidx.text.HAL_DAC_MspInit  stm32f4xx_hal_dac.o
    0x08006aa0   0x08006a88   0x00000008   Data   RO          496    .ARM.exidx.text.HAL_DAC_SetValue  stm32f4xx_hal_dac.o
    0x08006aa8   0x08006a88   0x00000008   Data   RO          272    .ARM.exidx.text.HAL_Delay  stm32f4xx_hal.o
    0x08006ab0   0x08006a88   0x00000008   Data   RO          594    .ARM.exidx.text.HAL_GPIO_Init  stm32f4xx_hal_gpio.o
    0x08006ab8   0x08006a88   0x00000008   Data   RO          264    .ARM.exidx.text.HAL_GetTick  stm32f4xx_hal.o
    0x08006ac0   0x08006a88   0x00000008   Data   RO          270    .ARM.exidx.text.HAL_GetTickFreq  stm32f4xx_hal.o
    0x08006ac8   0x08006a88   0x00000008   Data   RO          262    .ARM.exidx.text.HAL_IncTick  stm32f4xx_hal.o
    0x08006ad0   0x08006a88   0x00000008   Data   RO          252    .ARM.exidx.text.HAL_Init  stm32f4xx_hal.o
    0x08006ad8   0x08006a88   0x00000008   Data   RO          254    .ARM.exidx.text.HAL_InitTick  stm32f4xx_hal.o
    0x08006ae0   0x08006a88   0x00000008   Data   RO          256    .ARM.exidx.text.HAL_MspInit  stm32f4xx_hal.o
    0x08006ae8   0x08006a88   0x00000008   Data   RO          417    .ARM.exidx.text.HAL_NVIC_EnableIRQ  stm32f4xx_hal_cortex.o
    0x08006af0   0x08006a88   0x00000008   Data   RO          674    .ARM.exidx.text.HAL_PWREx_EnableOverDrive  stm32f4xx_hal_pwr_ex.o
    0x08006af8   0x08006a88   0x00000008   Data   RO          693    .ARM.exidx.text.HAL_RCC_ClockConfig  stm32f4xx_hal_rcc.o
    0x08006b00   0x08006a88   0x00000008   Data   RO          742    .ARM.exidx.text.HAL_RCC_GetSysClockFreq  stm32f4xx_hal_rcc_ex.o
    0x08006b08   0x08006a88   0x00000008   Data   RO          746    .ARM.exidx.text.HAL_RCC_OscConfig  stm32f4xx_hal_rcc_ex.o
    0x08006b10   0x08006a88   0x00000008   Data   RO          425    .ARM.exidx.text.HAL_SYSTICK_Config  stm32f4xx_hal_cortex.o
    0x08006b18   0x08006a88   0x00000008   Data   RO          268    .ARM.exidx.text.HAL_SetTickFreq  stm32f4xx_hal.o
    0x08006b20   0x08006a88   0x00000008   Data   RO         1030    .ARM.exidx.text.HAL_TIMEx_ConfigCommutationEvent_DMA  stm32f4xx_hal_tim_ex.o
    0x08006b28   0x08006a88   0x00000008   Data   RO          759    .ARM.exidx.text.HAL_TIM_Base_Init  stm32f4xx_hal_tim.o
    0x08006b30   0x08006a88   0x00000008   Data   RO          761    .ARM.exidx.text.HAL_TIM_Base_MspInit  stm32f4xx_hal_tim.o
    0x08006b38   0x08006a88   0x00000008   Data   RO          777    .ARM.exidx.text.HAL_TIM_Base_Start_DMA  stm32f4xx_hal_tim.o
    0x08006b40   0x08006a88   0x00000008   Data   RO          773    .ARM.exidx.text.HAL_TIM_Base_Start_IT  stm32f4xx_hal_tim.o
    0x08006b48   0x08006a88   0x00000008   Data   RO          925    .ARM.exidx.text.HAL_TIM_DMABurst_ReadStart  stm32f4xx_hal_tim.o
    0x08006b50   0x08006a88   0x00000008   Data   RO          867    .ARM.exidx.text.HAL_TIM_Encoder_Init  stm32f4xx_hal_tim.o
    0x08006b58   0x08006a88   0x00000008   Data   RO          869    .ARM.exidx.text.HAL_TIM_Encoder_MspInit  stm32f4xx_hal_tim.o
    0x08006b60   0x08006a88   0x00000008   Data   RO          875    .ARM.exidx.text.HAL_TIM_Encoder_Start  stm32f4xx_hal_tim.o
    0x08006b68   0x08006a88   0x00000008   Data   RO          883    .ARM.exidx.text.HAL_TIM_Encoder_Start_DMA  stm32f4xx_hal_tim.o
    0x08006b70   0x08006a88   0x00000008   Data   RO          879    .ARM.exidx.text.HAL_TIM_Encoder_Start_IT  stm32f4xx_hal_tim.o
    0x08006b78   0x08006a88   0x00000008   Data   RO          949    .ARM.exidx.text.HAL_TIM_ErrorCallback  stm32f4xx_hal_tim.o
    0x08006b80   0x08006a88   0x00000008   Data   RO          829    .ARM.exidx.text.HAL_TIM_IC_Init  stm32f4xx_hal_tim.o
    0x08006b88   0x08006a88   0x00000008   Data   RO          831    .ARM.exidx.text.HAL_TIM_IC_MspInit  stm32f4xx_hal_tim.o
    0x08006b90   0x08006a88   0x00000008   Data   RO          837    .ARM.exidx.text.HAL_TIM_IC_Start  stm32f4xx_hal_tim.o
    0x08006b98   0x08006a88   0x00000008   Data   RO          845    .ARM.exidx.text.HAL_TIM_IC_Start_DMA  stm32f4xx_hal_tim.o
    0x08006ba0   0x08006a88   0x00000008   Data   RO          841    .ARM.exidx.text.HAL_TIM_IC_Start_IT  stm32f4xx_hal_tim.o
    0x08006ba8   0x08006a88   0x00000008   Data   RO          887    .ARM.exidx.text.HAL_TIM_IRQHandler  stm32f4xx_hal_tim.o
    0x08006bb0   0x08006a88   0x00000008   Data   RO          891    .ARM.exidx.text.HAL_TIM_OC_DelayElapsedCallback  stm32f4xx_hal_tim.o
    0x08006bb8   0x08006a88   0x00000008   Data   RO          785    .ARM.exidx.text.HAL_TIM_OC_Init  stm32f4xx_hal_tim.o
    0x08006bc0   0x08006a88   0x00000008   Data   RO          787    .ARM.exidx.text.HAL_TIM_OC_MspInit  stm32f4xx_hal_tim.o
    0x08006bc8   0x08006a88   0x00000008   Data   RO          793    .ARM.exidx.text.HAL_TIM_OC_Start  stm32f4xx_hal_tim.o
    0x08006bd0   0x08006a88   0x00000008   Data   RO          803    .ARM.exidx.text.HAL_TIM_OC_Start_DMA  stm32f4xx_hal_tim.o
    0x08006bd8   0x08006a88   0x00000008   Data   RO          799    .ARM.exidx.text.HAL_TIM_OC_Start_IT  stm32f4xx_hal_tim.o
    0x08006be0   0x08006a88   0x00000008   Data   RO          851    .ARM.exidx.text.HAL_TIM_OnePulse_Init  stm32f4xx_hal_tim.o
    0x08006be8   0x08006a88   0x00000008   Data   RO          853    .ARM.exidx.text.HAL_TIM_OnePulse_MspInit  stm32f4xx_hal_tim.o
    0x08006bf0   0x08006a88   0x00000008   Data   RO          859    .ARM.exidx.text.HAL_TIM_OnePulse_Start  stm32f4xx_hal_tim.o
    0x08006bf8   0x08006a88   0x00000008   Data   RO          809    .ARM.exidx.text.HAL_TIM_PWM_Init  stm32f4xx_hal_tim.o
    0x08006c00   0x08006a88   0x00000008   Data   RO          811    .ARM.exidx.text.HAL_TIM_PWM_MspInit  stm32f4xx_hal_tim.o
    0x08006c08   0x08006a88   0x00000008   Data   RO          817    .ARM.exidx.text.HAL_TIM_PWM_Start  stm32f4xx_hal_tim.o
    0x08006c10   0x08006a88   0x00000008   Data   RO          825    .ARM.exidx.text.HAL_TIM_PWM_Start_DMA  stm32f4xx_hal_tim.o
    0x08006c18   0x08006a88   0x00000008   Data   RO          821    .ARM.exidx.text.HAL_TIM_PWM_Start_IT  stm32f4xx_hal_tim.o
    0x08006c20   0x08006a88   0x00000008   Data   RO          895    .ARM.exidx.text.HAL_TIM_PeriodElapsedCallback  stm32f4xx_hal_tim.o
    0x08006c28   0x08006a88   0x00000008   Data   RO         1065    .ARM.exidx.text.SystemCoreClockUpdate  system_stm32f4xx.o
    0x08006c30   0x08006a88   0x00000008   Data   RO           76    .ARM.exidx.text.TIM2_IRQHandler  irq.o
    0x08006c38   0x08006a88   0x00000008   Data   RO          763    .ARM.exidx.text.TIM_Base_SetConfig  stm32f4xx_hal_tim.o
    0x08006c40   0x08006a88   0x00000008   Data   RO          847    .ARM.exidx.text.TIM_DMACaptureCplt  stm32f4xx_hal_tim.o
    0x08006c48   0x08006a88   0x00000008   Data   RO          781    .ARM.exidx.text.TIM_DMAError  stm32f4xx_hal_tim.o
    0x08006c50   0x08006a88   0x00000008   Data   RO         1262    .ARM.exidx.text._Unwind_GetLanguageSpecificData  libunwind_wx.l(Unwind-EHABI.cpp.o)
    0x08006c58   0x08006a88   0x00000008   Data   RO         1253    .ARM.exidx.text._Unwind_RaiseException  libunwind_wx.l(Unwind-EHABI.cpp.o)
    0x08006c60   0x08006a88   0x00000008   Data   RO         1260    .ARM.exidx.text._Unwind_Resume  libunwind_wx.l(Unwind-EHABI.cpp.o)
    0x08006c68   0x08006a88   0x00000008   Data   RO         1239    .ARM.exidx.text._Unwind_VRS_Get  libunwind_wx.l(Unwind-EHABI.cpp.o)
    0x08006c70   0x08006a88   0x00000008   Data   RO         1237    .ARM.exidx.text._Unwind_VRS_Interpret  libunwind_wx.l(Unwind-EHABI.cpp.o)
    0x08006c78   0x08006a88   0x00000008   Data   RO         1243    .ARM.exidx.text._Unwind_VRS_Pop  libunwind_wx.l(Unwind-EHABI.cpp.o)
    0x08006c80   0x08006a88   0x00000008   Data   RO         1241    .ARM.exidx.text._Unwind_VRS_Set  libunwind_wx.l(Unwind-EHABI.cpp.o)
    0x08006c88   0x08006a88   0x00000008   Data   RO          108    .ARM.exidx.text._Z18SystemClock_Configv  main_1.o
    0x08006c90   0x08006a88   0x00000008   Data   RO           72    .ARM.exidx.text._Z19TIM2_IRQHandler_cppv  irq.o
    0x08006c98   0x08006a88   0x00000008   Data   RO         1255    .ARM.exidx.text._ZL13unwind_phase2P13unw_context_tP12unw_cursor_tP21_Unwind_Control_Blockb  libunwind_wx.l(Unwind-EHABI.cpp.o)
    0x08006ca0   0x08006a88   0x00000008   Data   RO          196    .ARM.exidx.text._ZN10ParametersC2ERKS_  parameters.o
    0x08006ca8   0x08006a88   0x00000008   Data   RO         1668    .ARM.exidx.text._ZN10__cxxabiv116__shim_type_infoD2Ev  libcppabi_wx.l(private_typeinfo.cpp.o)
    0x08006cb0   0x08006a88   0x00000008   Data   RO         1684    .ARM.exidx.text._ZN10__cxxabiv117__class_type_infoD0Ev  libcppabi_wx.l(private_typeinfo.cpp.o)
    0x08006cb8   0x08006a88   0x00000008   Data   RO         1422    .ARM.exidx.text._ZN10__cxxabiv120__free_with_fallbackEPv  libcppabi_wx.l(fallback_malloc.cpp.o)
    0x08006cc0   0x08006a88   0x00000008   Data   RO         1686    .ARM.exidx.text._ZN10__cxxabiv120__si_class_type_infoD0Ev  libcppabi_wx.l(private_typeinfo.cpp.o)
    0x08006cc8   0x08006a88   0x00000008   Data   RO         1162    .ARM.exidx.text._ZN10__cxxabiv121__isOurExceptionClassEPK21_Unwind_Control_Block  libcppabi_wx.l(cxa_exception.cpp.o)
    0x08006cd0   0x08006a88   0x00000008   Data   RO         1416    .ARM.exidx.text._ZN10__cxxabiv122__calloc_with_fallbackEjj  libcppabi_wx.l(fallback_malloc.cpp.o)
    0x08006cd8   0x08006a88   0x00000008   Data   RO         1676    .ARM.exidx.text._ZN10__cxxabiv123__fundamental_type_infoD0Ev  libcppabi_wx.l(private_typeinfo.cpp.o)
    0x08006ce0   0x08006a88   0x00000008   Data   RO         1418    .ARM.exidx.text._ZN10__cxxabiv128__aligned_free_with_fallbackEPv  libcppabi_wx.l(fallback_malloc.cpp.o)
    0x08006ce8   0x08006a88   0x00000008   Data   RO         1412    .ARM.exidx.text._ZN10__cxxabiv130__aligned_malloc_with_fallbackEj  libcppabi_wx.l(fallback_malloc.cpp.o)
    0x08006cf0   0x08006a88   0x00000008   Data   RO         1216    .ARM.exidx.text._ZN10__cxxabiv1L11scan_eh_tabERNS_12_GLOBAL__N_112scan_resultsE14_Unwind_ActionbP21_Unwind_Control_BlockP15_Unwind_Context  libcppabi_wx.l(cxa_personality.cpp.o)
    0x08006cf8   0x08006a88   0x00000008   Data   RO         1178    .ARM.exidx.text._ZN10__cxxabiv1L12failed_throwEPNS_15__cxa_exceptionE  libcppabi_wx.l(cxa_exception.cpp.o)
    0x08006d00   0x08006a88   0x00000008   Data   RO         1220    .ARM.exidx.text._ZN10__cxxabiv1L13set_registersEP21_Unwind_Control_BlockP15_Unwind_ContextRKNS_12_GLOBAL__N_112scan_resultsE  libcppabi_wx.l(cxa_personality.cpp.o)
    0x08006d08   0x08006a88   0x00000008   Data   RO         1218    .ARM.exidx.text._ZN10__cxxabiv1L14call_terminateEbP21_Unwind_Control_Block  libcppabi_wx.l(cxa_personality.cpp.o)
    0x08006d10   0x08006a88   0x00000008   Data   RO         1225    .ARM.exidx.text._ZN10__cxxabiv1L18readEncodedPointerEPPKhh  libcppabi_wx.l(cxa_personality.cpp.o)
    0x08006d18   0x08006a88   0x00000008   Data   RO         1176    .ARM.exidx.text._ZN10__cxxabiv1L22exception_cleanup_funcE19_Unwind_Reason_CodeP21_Unwind_Control_Block  libcppabi_wx.l(cxa_exception.cpp.o)
    0x08006d20   0x08006a88   0x00000008   Data   RO         1227    .ARM.exidx.text._ZN10__cxxabiv1L24exception_spec_can_catchExPKhhPKNS_16__shim_type_infoEPvP21_Unwind_Control_Block  libcppabi_wx.l(cxa_personality.cpp.o)
    0x08006d28   0x08006a88   0x00000008   Data   RO         1206    .ARM.exidx.text._ZN10__cxxabiv1L27dependent_exception_cleanupE19_Unwind_Reason_CodeP21_Unwind_Control_Block  libcppabi_wx.l(cxa_exception.cpp.o)
    0x08006d30   0x08006a88   0x00000008   Data   RO         1420    .ARM.exidx.text._ZN12_GLOBAL__N_113fallback_freeEPv  libcppabi_wx.l(fallback_malloc.cpp.o)
    0x08006d38   0x08006a88   0x00000008   Data   RO         1247    .ARM.exidx.text._ZN12_GLOBAL__N_114unwindOneFrameEjP21_Unwind_Control_BlockP15_Unwind_Context  libunwind_wx.l(Unwind-EHABI.cpp.o)
    0x08006d40   0x08006a88   0x00000008   Data   RO         1414    .ARM.exidx.text._ZN12_GLOBAL__N_115fallback_mallocEj  libcppabi_wx.l(fallback_malloc.cpp.o)
    0x08006d48   0x08006a88   0x00000008   Data   RO            5    .ARM.exidx.text._ZN3Dac15HAL_DAC_MspInitEP17DAC_HandleTypeDef  dac.o
    0x08006d50   0x08006a88   0x00000008   Data   RO           13    .ARM.exidx.text._ZN3Dac3lowEv  dac.o
    0x08006d58   0x08006a88   0x00000008   Data   RO            3    .ARM.exidx.text._ZN3Dac4initEj  dac.o
    0x08006d60   0x08006a88   0x00000008   Data   RO            9    .ARM.exidx.text._ZN3Dac9set_valueEj  dac.o
    0x08006d68   0x08006a88   0x00000008   Data   RO          120    .ARM.exidx.text._ZN3DacC2Ev  main_1.o
    0x08006d70   0x08006a88   0x00000008   Data   RO           56    .ARM.exidx.text._ZN3Hal11HAL_MspInitEv  hal.o
    0x08006d78   0x08006a88   0x00000008   Data   RO           54    .ARM.exidx.text._ZN3Hal4initEv  hal.o
    0x08006d80   0x08006a88   0x00000008   Data   RO           36    .ARM.exidx.text._ZN3Tim14sample_tick_usEv  tim.o
    0x08006d88   0x08006a88   0x00000008   Data   RO           34    .ARM.exidx.text._ZN3Tim20HAL_TIM_Base_MspInitEP17TIM_HandleTypeDef  tim.o
    0x08006d90   0x08006a88   0x00000008   Data   RO           32    .ARM.exidx.text._ZN3Tim4initEv  tim.o
    0x08006d98   0x08006a88   0x00000008   Data   RO          154    .ARM.exidx.text._ZN4Sine11fill_memoryEv  wave_1.o
    0x08006da0   0x08006a88   0x00000008   Data   RO          150    .ARM.exidx.text._ZN4SineC2Ev  wave_1.o
    0x08006da8   0x08006a88   0x00000008   Data   RO          152    .ARM.exidx.text._ZN4SineD0Ev  wave_1.o
    0x08006db0   0x08006a88   0x00000008   Data   RO          130    .ARM.exidx.text._ZN4Wave7set_ptrERPj  wave_1.o
    0x08006db8   0x08006a88   0x00000008   Data   RO          138    .ARM.exidx.text._ZN4WaveC2ERS_  wave_1.o
    0x08006dc0   0x08006a88   0x00000008   Data   RO          177    .ARM.exidx.text._ZN5Voice9get_valueEy  voice.o
    0x08006dc8   0x08006a88   0x00000008   Data   RO          172    .ARM.exidx.text._ZN5VoiceC2EyyRK10Parameters  voice.o
    0x08006dd0   0x08006a88   0x00000008   Data   RO          146    .ARM.exidx.text._ZN6Square11fill_memoryEv  wave_1.o
    0x08006dd8   0x08006a88   0x00000008   Data   RO          142    .ARM.exidx.text._ZN6SquareC2Ev  wave_1.o
    0x08006de0   0x08006a88   0x00000008   Data   RO          144    .ARM.exidx.text._ZN6SquareD0Ev  wave_1.o
    0x08006de8   0x08006a88   0x00000008   Data   RO         1521    .ARM.exidx.text._ZN9libunwind12UnwindCursorINS_17LocalAddressSpaceENS_13Registers_armEE10saveVFPAsXEv  libunwind_wx.l(libunwind.cpp.o)
    0x08006df0   0x08006a88   0x00000008   Data   RO         1503    .ARM.exidx.text._ZN9libunwind12UnwindCursorINS_17LocalAddressSpaceENS_13Registers_armEE11getFloatRegEi  libunwind_wx.l(libunwind.cpp.o)
    0x08006df8   0x08006a88   0x00000008   Data   RO         1505    .ARM.exidx.text._ZN9libunwind12UnwindCursorINS_17LocalAddressSpaceENS_13Registers_armEE11setFloatRegEiy  libunwind_wx.l(libunwind.cpp.o)
    0x08006e00   0x08006a88   0x00000008   Data   RO         1513    .ARM.exidx.text._ZN9libunwind12UnwindCursorINS_17LocalAddressSpaceENS_13Registers_armEE13isSignalFrameEv  libunwind_wx.l(libunwind.cpp.o)
    0x08006e08   0x08006a88   0x00000008   Data   RO         1523    .ARM.exidx.text._ZN9libunwind12UnwindCursorINS_17LocalAddressSpaceENS_13Registers_armEE13stepWithEHABIEv  libunwind_wx.l(libunwind.cpp.o)
    0x08006e10   0x08006a88   0x00000008   Data   RO         1501    .ARM.exidx.text._ZN9libunwind12UnwindCursorINS_17LocalAddressSpaceENS_13Registers_armEE13validFloatRegEi  libunwind_wx.l(libunwind.cpp.o)
    0x08006e18   0x08006a88   0x00000008   Data   RO         1515    .ARM.exidx.text._ZN9libunwind12UnwindCursorINS_17LocalAddressSpaceENS_13Registers_armEE15getFunctionNameEPcjPj  libunwind_wx.l(libunwind.cpp.o)
    0x08006e20   0x08006a88   0x00000008   Data   RO         1519    .ARM.exidx.text._ZN9libunwind12UnwindCursorINS_17LocalAddressSpaceENS_13Registers_armEE15getRegisterNameEi  libunwind_wx.l(libunwind.cpp.o)
    0x08006e28   0x08006a88   0x00000008   Data   RO         1527    .ARM.exidx.text._ZN9libunwind12UnwindCursorINS_17LocalAddressSpaceENS_13Registers_armEE23getInfoFromEHABISectionEjRKNS_18UnwindInfoSectionsE  libunwind_wx.l(libunwind.cpp.o)
    0x08006e30   0x08006a88   0x00000008   Data   RO         1517    .ARM.exidx.text._ZN9libunwind12UnwindCursorINS_17LocalAddressSpaceENS_13Registers_armEE24setInfoBasedOnIPRegisterEb  libunwind_wx.l(libunwind.cpp.o)
    0x08006e38   0x08006a88   0x00000008   Data   RO         1507    .ARM.exidx.text._ZN9libunwind12UnwindCursorINS_17LocalAddressSpaceENS_13Registers_armEE4stepEv  libunwind_wx.l(libunwind.cpp.o)
    0x08006e40   0x08006a88   0x00000008   Data   RO         1497    .ARM.exidx.text._ZN9libunwind12UnwindCursorINS_17LocalAddressSpaceENS_13Registers_armEE6getRegEi  libunwind_wx.l(libunwind.cpp.o)
    0x08006e48   0x08006a88   0x00000008   Data   RO         1511    .ARM.exidx.text._ZN9libunwind12UnwindCursorINS_17LocalAddressSpaceENS_13Registers_armEE6jumptoEv  libunwind_wx.l(libunwind.cpp.o)
    0x08006e50   0x08006a88   0x00000008   Data   RO         1499    .ARM.exidx.text._ZN9libunwind12UnwindCursorINS_17LocalAddressSpaceENS_13Registers_armEE6setRegEij  libunwind_wx.l(libunwind.cpp.o)
    0x08006e58   0x08006a88   0x00000008   Data   RO         1509    .ARM.exidx.text._ZN9libunwind12UnwindCursorINS_17LocalAddressSpaceENS_13Registers_armEE7getInfoEP15unw_proc_info_t  libunwind_wx.l(libunwind.cpp.o)
    0x08006e60   0x08006a88   0x00000008   Data   RO         1495    .ARM.exidx.text._ZN9libunwind12UnwindCursorINS_17LocalAddressSpaceENS_13Registers_armEE8validRegEi  libunwind_wx.l(libunwind.cpp.o)
    0x08006e68   0x08006a88   0x00000008   Data   RO         1525    .ARM.exidx.text._ZN9libunwind13Registers_arm26restoreSavedFloatRegistersEv  libunwind_wx.l(libunwind.cpp.o)
    0x08006e70   0x08006a88   0x00000008   Data   RO         1491    .ARM.exidx.text._ZN9libunwind20AbstractUnwindCursorD2Ev  libunwind_wx.l(libunwind.cpp.o)
    0x08006e78   0x08006a88   0x00000008   Data   RO         1746    .ARM.exidx.text._ZNK10__cxxabiv117__class_type_info16search_above_dstEPNS_19__dynamic_cast_infoEPKvS4_ib  libcppabi_wx.l(private_typeinfo.cpp.o)
    0x08006e80   0x08006a88   0x00000008   Data   RO         1740    .ARM.exidx.text._ZNK10__cxxabiv117__class_type_info16search_below_dstEPNS_19__dynamic_cast_infoEPKvib  libcppabi_wx.l(private_typeinfo.cpp.o)
    0x08006e88   0x08006a88   0x00000008   Data   RO         1708    .ARM.exidx.text._ZNK10__cxxabiv117__class_type_info27has_unambiguous_public_baseEPNS_19__dynamic_cast_infoEPvi  libcppabi_wx.l(private_typeinfo.cpp.o)
    0x08006e90   0x08006a88   0x00000008   Data   RO         1704    .ARM.exidx.text._ZNK10__cxxabiv117__class_type_info9can_catchEPKNS_16__shim_type_infoERPv  libcppabi_wx.l(private_typeinfo.cpp.o)
    0x08006e98   0x08006a88   0x00000008   Data   RO         1716    .ARM.exidx.text._ZNK10__cxxabiv117__pbase_type_info9can_catchEPKNS_16__shim_type_infoERPv  libcppabi_wx.l(private_typeinfo.cpp.o)
    0x08006ea0   0x08006a88   0x00000008   Data   RO         1720    .ARM.exidx.text._ZNK10__cxxabiv119__pointer_type_info16can_catch_nestedEPKNS_16__shim_type_infoE  libcppabi_wx.l(private_typeinfo.cpp.o)
    0x08006ea8   0x08006a88   0x00000008   Data   RO         1718    .ARM.exidx.text._ZNK10__cxxabiv119__pointer_type_info9can_catchEPKNS_16__shim_type_infoERPv  libcppabi_wx.l(private_typeinfo.cpp.o)
    0x08006eb0   0x08006a88   0x00000008   Data   RO         1744    .ARM.exidx.text._ZNK10__cxxabiv120__si_class_type_info16search_above_dstEPNS_19__dynamic_cast_infoEPKvS4_ib  libcppabi_wx.l(private_typeinfo.cpp.o)
    0x08006eb8   0x08006a88   0x00000008   Data   RO         1710    .ARM.exidx.text._ZNK10__cxxabiv120__si_class_type_info27has_unambiguous_public_baseEPNS_19__dynamic_cast_infoEPvi  libcppabi_wx.l(private_typeinfo.cpp.o)
    0x08006ec0   0x08006a88   0x00000008   Data   RO         1742    .ARM.exidx.text._ZNK10__cxxabiv121__vmi_class_type_info16search_above_dstEPNS_19__dynamic_cast_infoEPKvS4_ib  libcppabi_wx.l(private_typeinfo.cpp.o)
    0x08006ec8   0x08006a88   0x00000008   Data   RO         1696    .ARM.exidx.text._ZNK10__cxxabiv123__fundamental_type_info9can_catchEPKNS_16__shim_type_infoERPv  libcppabi_wx.l(private_typeinfo.cpp.o)
    0x08006ed0   0x08006a88   0x00000008   Data   RO         1722    .ARM.exidx.text._ZNK10__cxxabiv129__pointer_to_member_type_info16can_catch_nestedEPKNS_16__shim_type_infoE  libcppabi_wx.l(private_typeinfo.cpp.o)
    0x08006ed8   0x08006a88   0x00000008   Data   RO         1724    .ARM.exidx.text._ZNK10__cxxabiv129__pointer_to_member_type_info9can_catchEPKNS_16__shim_type_infoERPv  libcppabi_wx.l(private_typeinfo.cpp.o)
    0x08006ee0   0x08006a88   0x00000008   Data   RO          156    .ARM.exidx.text._ZNK4Sine9get_valueEf  wave_1.o
    0x08006ee8   0x08006a88   0x00000008   Data   RO         1435    .ARM.exidx.text._ZNKSt13bad_exception4whatEv  libcppabi_wx.l(stdlib_exception.cpp.o)
    0x08006ef0   0x08006a88   0x00000008   Data   RO         1399    .ARM.exidx.text._ZSt10unexpectedv  libcppabi_wx.l(cxa_handlers.cpp.o)
    0x08006ef8   0x08006a88   0x00000008   Data   RO         1404    .ARM.exidx.text._ZSt11__terminatePFvvE  libcppabi_wx.l(cxa_handlers.cpp.o)
    0x08006f00   0x08006a88   0x00000008   Data   RO         1397    .ARM.exidx.text._ZSt12__unexpectedPFvvE  libcppabi_wx.l(cxa_handlers.cpp.o)
    0x08006f08   0x08006a88   0x00000008   Data   RO         1401    .ARM.exidx.text._ZSt13get_terminatev  libcppabi_wx.l(cxa_handlers.cpp.o)
    0x08006f10   0x08006a88   0x00000008   Data   RO         1395    .ARM.exidx.text._ZSt9terminatev  libcppabi_wx.l(cxa_handlers.cpp.o)
    0x08006f18   0x08006a88   0x00000008   Data   RO         1125    .ARM.exidx.text._ZdaPv  libcpp_wx.l(new.cpp.o)
    0x08006f20   0x08006a88   0x00000008   Data   RO         1117    .ARM.exidx.text._ZnajRKSt9nothrow_t  libcpp_wx.l(new.cpp.o)
    0x08006f28   0x08006a88   0x00000008   Data   RO         1136    .ARM.exidx.text._ZnajSt11align_val_t  libcpp_wx.l(new.cpp.o)
    0x08006f30   0x08006a88   0x00000008   Data   RO         1139    .ARM.exidx.text._ZnajSt11align_val_tRKSt9nothrow_t  libcpp_wx.l(new.cpp.o)
    0x08006f38   0x08006a88   0x00000008   Data   RO         1109    .ARM.exidx.text._Znwj  libcpp_wx.l(new.cpp.o)
    0x08006f40   0x08006a88   0x00000008   Data   RO         1112    .ARM.exidx.text._ZnwjRKSt9nothrow_t  libcpp_wx.l(new.cpp.o)
    0x08006f48   0x08006a88   0x00000008   Data   RO         1131    .ARM.exidx.text._ZnwjSt11align_val_t  libcpp_wx.l(new.cpp.o)
    0x08006f50   0x08006a88   0x00000008   Data   RO         1134    .ARM.exidx.text._ZnwjSt11align_val_tRKSt9nothrow_t  libcpp_wx.l(new.cpp.o)
    0x08006f58   0x08006a88   0x00000008   Data   RO          415    .ARM.exidx.text.__NVIC_SetPriority  stm32f4xx_hal_cortex.o
    0x08006f60   0x08006a88   0x00000008   Data   RO         1245    .ARM.exidx.text.__aeabi_unwind_cpp_pr0  libunwind_wx.l(Unwind-EHABI.cpp.o)
    0x08006f68   0x08006a88   0x00000008   Data   RO         1154    .ARM.exidx.text.__clang_call_terminate  libcpp_wx.l(new.cpp.o)
    0x08006f70   0x08006a88   0x00000008   Data   RO         1170    .ARM.exidx.text.__cxa_allocate_dependent_exception  libcppabi_wx.l(cxa_exception.cpp.o)
    0x08006f78   0x08006a88   0x00000008   Data   RO         1165    .ARM.exidx.text.__cxa_allocate_exception  libcppabi_wx.l(cxa_exception.cpp.o)
    0x08006f80   0x08006a88   0x00000008   Data   RO         1188    .ARM.exidx.text.__cxa_begin_catch  libcppabi_wx.l(cxa_exception.cpp.o)
    0x08006f88   0x08006a88   0x00000008   Data   RO         1183    .ARM.exidx.text.__cxa_begin_cleanup  libcppabi_wx.l(cxa_exception.cpp.o)
    0x08006f90   0x08006a88   0x00000008   Data   RO         1223    .ARM.exidx.text.__cxa_call_unexpected  libcppabi_wx.l(cxa_personality.cpp.o)
    0x08006f98   0x08006a88   0x00000008   Data   RO         1193    .ARM.exidx.text.__cxa_decrement_exception_refcount  libcppabi_wx.l(cxa_exception.cpp.o)
    0x08006fa0   0x08006a88   0x00000008   Data   RO         1190    .ARM.exidx.text.__cxa_end_catch  libcppabi_wx.l(cxa_exception.cpp.o)
    0x08006fa8   0x08006a88   0x00000008   Data   RO         1185    .ARM.exidx.text.__cxa_end_cleanup_impl  libcppabi_wx.l(cxa_exception.cpp.o)
    0x08006fb0   0x08006a88   0x00000008   Data   RO         1386    .ARM.exidx.text.__cxa_get_globals  libcppabi_wx.l(cxa_exception_storage.cpp.o)
    0x08006fb8   0x08006a88   0x00000008   Data   RO         1230    .ARM.exidx.text.__cxa_pure_virtual  libcppabi_wx.l(cxa_virtual.cpp.o)
    0x08006fc0   0x08006a88   0x00000008   Data   RO         1197    .ARM.exidx.text.__cxa_rethrow  libcppabi_wx.l(cxa_exception.cpp.o)
    0x08006fc8   0x08006a88   0x00000008   Data   RO         1204    .ARM.exidx.text.__cxa_rethrow_primary_exception  libcppabi_wx.l(cxa_exception.cpp.o)
    0x08006fd0   0x08006a88   0x00000008   Data   RO         1174    .ARM.exidx.text.__cxa_throw  libcppabi_wx.l(cxa_exception.cpp.o)
    0x08006fd8   0x08006a88   0x00000008   Data   RO         1726    .ARM.exidx.text.__dynamic_cast  libcppabi_wx.l(private_typeinfo.cpp.o)
    0x08006fe0   0x08006a88   0x00000008   Data   RO         1268    .ARM.exidx.text.__gnu_unwind_frame  libunwind_wx.l(Unwind-EHABI.cpp.o)
    0x08006fe8   0x08006a88   0x00000008   Data   RO         1214    .ARM.exidx.text.__gxx_personality_v0  libcppabi_wx.l(cxa_personality.cpp.o)
    0x08006ff0   0x08006a88   0x00000008   Data   RO         1383    .ARM.exidx.text.abort_message  libcppabi_wx.l(abort_message.cpp.o)
    0x08006ff8   0x08006a88   0x00000008   Data   RO         1235    .ARM.exidx.text.decode_eht_entry  libunwind_wx.l(Unwind-EHABI.cpp.o)
    0x08007000   0x08006a88   0x00000008   Data   RO          106    .ARM.exidx.text.main  main_1.o
    0x08007008   0x08006a88   0x00000008   Data   RO         1468    .ARM.exidx.text.unw_get_fpreg  libunwind_wx.l(libunwind.cpp.o)
    0x08007010   0x08006a88   0x00000008   Data   RO         1474    .ARM.exidx.text.unw_get_proc_info  libunwind_wx.l(libunwind.cpp.o)
    0x08007018   0x08006a88   0x00000008   Data   RO         1464    .ARM.exidx.text.unw_get_reg  libunwind_wx.l(libunwind.cpp.o)
    0x08007020   0x08006a88   0x00000008   Data   RO         1462    .ARM.exidx.text.unw_init_local  libunwind_wx.l(libunwind.cpp.o)
    0x08007028   0x08006a88   0x00000008   Data   RO         1476    .ARM.exidx.text.unw_resume  libunwind_wx.l(libunwind.cpp.o)
    0x08007030   0x08006a88   0x00000008   Data   RO         1486    .ARM.exidx.text.unw_save_vfp_as_X  libunwind_wx.l(libunwind.cpp.o)
    0x08007038   0x08006a88   0x00000008   Data   RO         1470    .ARM.exidx.text.unw_set_fpreg  libunwind_wx.l(libunwind.cpp.o)
    0x08007040   0x08006a88   0x00000008   Data   RO         1466    .ARM.exidx.text.unw_set_reg  libunwind_wx.l(libunwind.cpp.o)
    0x08007048   0x08006a88   0x00000008   Data   RO         1472    .ARM.exidx.text.unw_step  libunwind_wx.l(libunwind.cpp.o)


    Execution Region ER_RW (Exec base: 0x20000000, Load base: 0x08007050, Size: 0x00000014, Max: 0xffffffff, ABSOLUTE)

    Exec Addr    Load Addr    Size         Type   Attr      Idx    E Section Name        Object

    0x20000000   0x08007050   0x00000008   Data   RW          302    .data..L_MergedGlobals  stm32f4xx_hal.o
    0x20000008   0x08007058   0x00000004   Data   RW         1066    .data.SystemCoreClock  system_stm32f4xx.o
    0x2000000c   0x0800705c   0x00000004   Data   RW         1664    .data.__cxa_terminate_handler  libcppabi_wx.l(cxa_default_handlers.cpp.o)
    0x20000010   0x08007060   0x00000004   Data   RW         1665    .data.__cxa_unexpected_handler  libcppabi_wx.l(cxa_default_handlers.cpp.o)


    Execution Region ER_ZI (Exec base: 0x20000018, Load base: 0x08007064, Size: 0x000106d0, Max: 0xffffffff, ABSOLUTE)

    Exec Addr    Load Addr    Size         Type   Attr      Idx    E Section Name        Object

    0x20000018        -       0x00000060   Zero   RW         1938    .bss                c_w.l(libspace.o)
    0x20000078        -       0x0000000c   Zero   RW         1389    .bss._ZN10__cxxabiv1L10eh_globalsE  libcppabi_wx.l(cxa_exception_storage.cpp.o)
    0x20000084   0x08007064   0x00000004   PAD
    0x20000088        -       0x00000008   Zero   RW           91    .bss._ZN11IRQ_objects11sample_tickE  irq_objects.o
    0x20000090        -       0x00000200   Zero   RW         1424    .bss._ZN12_GLOBAL__N_14heapE  libcppabi_wx.l(fallback_malloc.cpp.o)
    0x20000290        -       0x00000004   Zero   RW         1423    .bss._ZN12_GLOBAL__N_18freelistE  libcppabi_wx.l(fallback_malloc.cpp.o)
    0x20000294        -       0x0000003c   Zero   RW           37    .bss._ZN3Tim5htim2E  tim.o
    0x200002d0        -       0x00000004   Zero   RW          161    .bss._ZN4Sine8data_ptrE  wave_1.o
    0x200002d4        -       0x00000004   Zero   RW          159    .bss._ZN6Square8data_ptrE  wave_1.o
    0x200002d8        -       0x00000001   Zero   RW         1487    .bss._ZN9libunwind17LocalAddressSpace17sThisAddressSpaceE  libunwind_wx.l(libunwind.cpp.o)
    0x200002d9   0x08007064   0x00000003   PAD
    0x200002dc        -       0x00000004   Zero   RW         1409    .bss.__cxa_new_handler  libcppabi_wx.l(cxa_handlers.cpp.o)
    0x200002e0        -       0x00000004   Zero   RW          301    .bss.uwTick         stm32f4xx_hal.o
    0x200002e4   0x08007064   0x00000004   PAD
    0x200002e8        -       0x00010000   Zero   RW         1054    HEAP                startup_stm32f446xx.o
    0x200102e8        -       0x00000400   Zero   RW         1053    STACK               startup_stm32f446xx.o


==============================================================================

Image component sizes


      Code (inc. data)   RO Data    RW Data    ZI Data      Debug   Object Name

       268          8         32          0          0       8909   dac.o
        70          0         16          0          0       6103   hal.o
        40          8         16          0          0       5014   irq.o
         0          0          0          0          8       4825   irq_objects.o
       400         12         84          0          0      17020   main_1.o
        50          0          8          0          0      12887   parameters.o
        64         26        452          0      66560        876   startup_stm32f446xx.o
       214         16         64          8          4       7556   stm32f4xx_hal.o
       196         28         24          0          0      10208   stm32f4xx_hal_cortex.o
       254          0         24          0          0       7337   stm32f4xx_hal_dac.o
       218          0          0          0          0       8559   stm32f4xx_hal_dma.o
       396         24          8          0          0       5147   stm32f4xx_hal_gpio.o
       112         12          8          0          0       4693   stm32f4xx_hal_pwr_ex.o
       296         12          8          0          0       7344   stm32f4xx_hal_rcc.o
       908         24         16          0          0       9604   stm32f4xx_hal_rcc_ex.o
      5166        176        280          0          0      33351   stm32f4xx_hal_tim.o
       136          0          8          0          0      14143   stm32f4xx_hal_tim_ex.o
       184         36         24          4          0       2807   system_stm32f4xx.o
       122          8         24          0         60       9611   tim.o
       202          8         28          0          0      14485   voice.o
       468         52        184          0          8      16001   wave_1.o

    ----------------------------------------------------------------------
      9786        450       1340         12      66644     206480   Object Totals
         0          0         32          0          0          0   (incl. Generated)
        22          0          0          0          4          0   (incl. Padding)

    ----------------------------------------------------------------------

      Code (inc. data)   RO Data    RW Data    ZI Data      Debug   Library Member Name

         8          0          0          0          0         68   __main.o
         0          0          0          0          0          0   __rtentry.o
        12          0          0          0          0          0   __rtentry2.o
         6          0          8          0          0          0   __rtentry4.o
        52          8          0          0          0          0   __scatter.o
        26          0          0          0          0          0   __scatter_copy.o
        28          0          0          0          0          0   __scatter_zi.o
        22          0          0          0          0        100   _rserrno.o
        22          0          0          0          0         80   abort.o
        40          0          0          0          0         80   calloc.o
        48         34          0          0          0         76   defsig_abrt_inner.o
        14          0          0          0          0         80   defsig_abrt_outer.o
        10          0          0          0          0         68   defsig_exit.o
        50          0          0          0          0         88   defsig_general.o
        80         58          0          0          0         76   defsig_rtmem_inner.o
        14          0          0          0          0         80   defsig_rtmem_outer.o
        18          0          0          0          0         80   exit.o
        94          0          0          0          0         80   h1_alloc.o
        52          0          0          0          0         68   h1_extend.o
        78          0          0          0          0         80   h1_free.o
        14          0          0          0          0         84   h1_init.o
       180          0          0          0          0         88   h1_memalign.o
         6          0          0          0          0        152   heapauxi.o
         4          0          0          0          0        136   hguard.o
         0          0          0          0          0          0   indicate_semi.o
       138          0          0          0          0        168   init_alloc.o
         2          0          0          0          0          0   libinit.o
        14          0          0          0          0          0   libinit2.o
         2          0          0          0          0          0   libshutdown.o
         2          0          0          0          0          0   libshutdown2.o
         8          4          0          0         96         68   libspace.o
       238          0          0          0          0        100   lludivv7m.o
         0          0          0          0          0          0   maybetermalloc1.o
         8          4          0          0          0         68   rt_errno_addr_intlibspace.o
         8          4          0          0          0         68   rt_heap_descriptor_intlibspace.o
        68          0          0          0          0         68   rt_memclr.o
        78          0          0          0          0         80   rt_memclr_w.o
       138          0          0          0          0         68   rt_memcpy_v6.o
       100          0          0          0          0         80   rt_memcpy_w.o
         2          0          0          0          0          0   rtexit.o
        10          0          0          0          0          0   rtexit2.o
       124          0          0          0          0         88   strcmpv7em.o
        12          4          0          0          0         68   sys_exit.o
        74          0          0          0          0         80   sys_stackheap_outer.o
        14          0          0          0          0         76   sys_wrch.o
         2          0          0          0          0         68   use_no_semi.o
        98          4          0          0          0        140   d2f.o
       804         16          0          0          0        376   daddsub_clz.o
        90          4          0          0          0        140   dfixu.o
       340         12          0          0          0        152   dmul.o
       156          4          0          0          0        140   dnaninf.o
        12          0          0          0          0        116   dretinf.o
        86          4          0          0          0        132   f2d.o
        96          0          0          0          0        132   ffltll_clz.o
       140          4          0          0          0        132   fnaninf.o
        26          0          0          0          0        116   fpinit.o
       244          8          0          0          0        132   frem_clz.o
        10          0          0          0          0        116   fretinf.o
         0          0          0          0          0          0   usenofp.o
       292          0        200          0          0          0   new.cpp.o
         6          0          8          0          0          0   abort_message.cpp.o
        56          0          0          8          0          0   cxa_default_handlers.cpp.o
       900          0        228          0          0          0   cxa_exception.cpp.o
        20          0          8          0         12          0   cxa_exception_storage.cpp.o
       302        136        104          0          4          0   cxa_handlers.cpp.o
      2090         14        148          0          0          0   cxa_personality.cpp.o
        40         32          8          0          0          0   cxa_virtual.cpp.o
       446          0         48          0        516          0   fallback_malloc.cpp.o
      2210          0        678          0          0          0   private_typeinfo.cpp.o
       114         60        181          0          0          0   stdlib_exception.cpp.o
         2          0         21          0          0          0   stdlib_typeinfo.cpp.o
      1532         14        108          0          0          0   Unwind-EHABI.cpp.o
        38          0          0          0          0          0   UnwindRegistersRestore.S.o
        46          0          0          0          0          0   UnwindRegistersSave.S.o
      2396        564        291          0          1          0   libunwind.cpp.o
       176          0          0          0          0        168   fmodf.o
        38          0          0          0          0        116   fpclassifyf.o
        38         12          0          0          0        348   funder.o
       340         24         32          0          0        160   rredf.o
       400         56          0          0          0        212   sinf.o

    ----------------------------------------------------------------------
     15554       1084       2072          8        636       5540   Library Totals
        50          0          1          0          7          0   (incl. Padding)

    ----------------------------------------------------------------------

      Code (inc. data)   RO Data    RW Data    ZI Data      Debug   Library Name

      1920        116          8          0         96       2712   c_w.l
      2102         56          0          0          0       1824   fz_wm.l
       292          0        200          0          0          0   libcpp_wx.l
      6186        242       1432          8        532          0   libcppabi_wx.l
      4012        578        399          0          1          0   libunwind_wx.l
       992         92         32          0          0       1004   m_wm.l

    ----------------------------------------------------------------------
     15554       1084       2072          8        636       5540   Library Totals

    ----------------------------------------------------------------------

==============================================================================


      Code (inc. data)   RO Data    RW Data    ZI Data      Debug   

     25340       1534       3412         20      67280     208424   Grand Totals
     25340       1534       3412         20      67280     208424   ELF Image Totals
     25340       1534       3412         20          0          0   ROM Totals

==============================================================================

    Total RO  Size (Code + RO Data)                28752 (  28.08kB)
    Total RW  Size (RW Data + ZI Data)             67300 (  65.72kB)
    Total ROM Size (Code + RO Data + RW Data)      28772 (  28.10kB)

==============================================================================

